Archive member included because of file (symbol)

/usr/lib/gcc/avr/4.3.5/avr51/libgcc.a(_udivmodqi4.o)
                              vty.o (__udivmodqi4)
/usr/lib/gcc/avr/4.3.5/avr51/libgcc.a(_udivmodhi4.o)
                              sensors_task.o (__udivmodhi4)
/usr/lib/gcc/avr/4.3.5/avr51/libgcc.a(_exit.o)
                              /usr/lib/gcc/avr/4.3.5/../../../avr/lib/avr51/crtm128.o (exit)
/usr/lib/gcc/avr/4.3.5/avr51/libgcc.a(_clear_bss.o)
                              main.o (__do_clear_bss)
/usr/lib/gcc/avr/4.3.5/../../../avr/lib/avr51/libc.a(malloc.o)
                              ../../freeRtos/Lib/memory_x.o (malloc)
/usr/lib/gcc/avr/4.3.5/../../../avr/lib/avr51/libc.a(strtol.o)
                              ../../freeRtos/Lib/cmdline.o (strtol)
/usr/lib/gcc/avr/4.3.5/../../../avr/lib/avr51/libc.a(isspace.o)
                              /usr/lib/gcc/avr/4.3.5/../../../avr/lib/avr51/libc.a(strtol.o) (isspace)
/usr/lib/gcc/avr/4.3.5/../../../avr/lib/avr51/libc.a(memcpy_P.o)
                              ../../freeRtos/Lib/cmdline.o (memcpy_P)
/usr/lib/gcc/avr/4.3.5/../../../avr/lib/avr51/libc.a(strncmp_P.o)
                              vty.o (strncmp_P)
/usr/lib/gcc/avr/4.3.5/../../../avr/lib/avr51/libc.a(memcmp.o)
                              ../../freeRtos/Lib/net/uip-netif.o (memcmp)
/usr/lib/gcc/avr/4.3.5/../../../avr/lib/avr51/libc.a(memcpy.o)
                              ../../freeRtos/Lib/ramdysk.o (memcpy)
/usr/lib/gcc/avr/4.3.5/../../../avr/lib/avr51/libc.a(memset.o)
                              ../../freeRtos/Lib/cmdline.o (memset)
/usr/lib/gcc/avr/4.3.5/../../../avr/lib/avr51/libc.a(strcat.o)
                              ../../freeRtos/Source/tasks.o (strcat)
/usr/lib/gcc/avr/4.3.5/../../../avr/lib/avr51/libc.a(strcpy.o)
                              ../../freeRtos/Lib/cmdline.o (strcpy)
/usr/lib/gcc/avr/4.3.5/../../../avr/lib/avr51/libc.a(strncmp.o)
                              ../../freeRtos/Lib/ramdysk.o (strncmp)
/usr/lib/gcc/avr/4.3.5/../../../avr/lib/avr51/libc.a(strncpy.o)
                              ../../freeRtos/Lib/ramdysk.o (strncpy)
/usr/lib/gcc/avr/4.3.5/../../../avr/lib/avr51/libc.a(fclose.o)
                              ../../freeRtos/Lib/ramdysk.o (fclose)
/usr/lib/gcc/avr/4.3.5/../../../avr/lib/avr51/libc.a(fgetc.o)
                              cli_task.o (fgetc)
/usr/lib/gcc/avr/4.3.5/../../../avr/lib/avr51/libc.a(fprintf.o)
                              ../../freeRtos/Lib/ramdysk.o (fprintf)
/usr/lib/gcc/avr/4.3.5/../../../avr/lib/avr51/libc.a(fprintf_p.o)
                              hardware.o (fprintf_P)
/usr/lib/gcc/avr/4.3.5/../../../avr/lib/avr51/libc.a(fputc.o)
                              vty.o (fputc)
/usr/lib/gcc/avr/4.3.5/../../../avr/lib/avr51/libc.a(fputs.o)
                              ../../freeRtos/Lib/ramdysk.o (fputs)
/usr/lib/gcc/avr/4.3.5/../../../avr/lib/avr51/libc.a(iob.o)
                              /usr/lib/gcc/avr/4.3.5/../../../avr/lib/avr51/libc.a(fclose.o) (__iob)
/usr/lib/gcc/avr/4.3.5/../../../avr/lib/avr51/libc.a(sprintf.o)
                              ../../freeRtos/Source/tasks.o (sprintf)
/usr/lib/gcc/avr/4.3.5/../../../avr/lib/avr51/libc.a(vfprintf_std.o)
                              (vfprintf)
/usr/lib/gcc/avr/4.3.5/../../../avr/lib/avr51/libc.a(eerd_block_atmega128.o)
                              configuration.o (__eerd_block_m128)
/usr/lib/gcc/avr/4.3.5/../../../avr/lib/avr51/libc.a(eerd_dword_atmega128.o)
                              ../../freeRtos/Lib/net/ip.o (__eerd_dword_m128)
/usr/lib/gcc/avr/4.3.5/../../../avr/lib/avr51/libc.a(eerd_word_atmega128.o)
                              ../../freeRtos/Lib/net/udp.o (__eerd_word_m128)
/usr/lib/gcc/avr/4.3.5/../../../avr/lib/avr51/libc.a(eeupd_block_atmega128.o)
                              ../../freeRtos/Lib/net/nic.o (__eeupd_block_m128)
/usr/lib/gcc/avr/4.3.5/../../../avr/lib/avr51/libc.a(eeupd_byte_atmega128.o)
                              /usr/lib/gcc/avr/4.3.5/../../../avr/lib/avr51/libc.a(eeupd_block_atmega128.o) (__eeupd_r18_m128)
/usr/lib/gcc/avr/4.3.5/../../../avr/lib/avr51/libc.a(eeupd_dword_atmega128.o)
                              ../../freeRtos/Lib/net/ip.o (__eeupd_dword_m128)
/usr/lib/gcc/avr/4.3.5/../../../avr/lib/avr51/libc.a(eeupd_word_atmega128.o)
                              ../../freeRtos/Lib/net/udp.o (__eeupd_word_m128)
/usr/lib/gcc/avr/4.3.5/../../../avr/lib/avr51/libc.a(errno.o)
                              /usr/lib/gcc/avr/4.3.5/../../../avr/lib/avr51/libc.a(strtol.o) (errno)
/usr/lib/gcc/avr/4.3.5/../../../avr/lib/avr51/libc.a(cty_isfalse.o)
                              /usr/lib/gcc/avr/4.3.5/../../../avr/lib/avr51/libc.a(isspace.o) (__ctype_isfalse)
/usr/lib/gcc/avr/4.3.5/../../../avr/lib/avr51/libc.a(strnlen_P.o)
                              /usr/lib/gcc/avr/4.3.5/../../../avr/lib/avr51/libc.a(vfprintf_std.o) (strnlen_P)
/usr/lib/gcc/avr/4.3.5/../../../avr/lib/avr51/libc.a(strnlen.o)
[...]
Memory Configuration

Name             Origin             Length             Attributes
text             0x00000000         0x00020000         xr
data             0x00800060         0x0000ffa0         rw !x
eeprom           0x00810000         0x00010000         rw !x
fuse             0x00820000         0x00000400         rw !x
lock             0x00830000         0x00000400         rw !x
signature        0x00840000         0x00000400         rw !x
*default*        0x00000000         0xffffffff

Linker script and memory map

Address of section .data set to 0x800100
LOAD /usr/lib/gcc/avr/4.3.5/../../../avr/lib/avr51/crtm128.o
LOAD main.o
LOAD configuration.o
LOAD serial.o
LOAD hardware.o
LOAD sensors_task.o
LOAD vty.o
LOAD netstack_task.o
LOAD cli_task.o
LOAD ../../freeRtos/Lib/spi.o
LOAD ../../freeRtos/Lib/memory_x.o
LOAD ../../freeRtos/Lib/ramdysk.o
LOAD ../../freeRtos/Lib/cmdline.o
LOAD ../../freeRtos/Lib/xmodem.o
LOAD ../../freeRtos/Lib/vt100.o
LOAD ../../freeRtos/Lib/ds1305.o
LOAD ../../freeRtos/Lib/mpc23s17.o
LOAD ../../freeRtos/Lib/mcp3008.o
LOAD ../../freeRtos/Lib/mcp4150.o
LOAD ../../freeRtos/Lib/enc28j60.o
LOAD ../../freeRtos/Lib/queueStream.o
LOAD ../../freeRtos/Lib/net/nic.o
LOAD ../../freeRtos/Lib/net/net.o
LOAD ../../freeRtos/Lib/net/ip.o
LOAD ../../freeRtos/Lib/net/icmp.o
LOAD ../../freeRtos/Lib/net/arp.o
LOAD ../../freeRtos/Lib/net/tcp.o
LOAD ../../freeRtos/Lib/net/udp.o
LOAD ../../freeRtos/Lib/net/ipv6.o
LOAD ../../freeRtos/Lib/net/icmp6.o
LOAD ../../freeRtos/Lib/net/checksum.o
LOAD ../../freeRtos/Lib/net/uip-netif.o
LOAD ../../freeRtos/Lib/net/ipv6-nd.o
LOAD ../../freeRtos/Lib/net/tcp6.o
LOAD ../../freeRtos/Lib/Rs485_prot.o
LOAD ../../freeRtos/Source/tasks.o
LOAD ../../freeRtos/Source/queue.o
LOAD ../../freeRtos/Source/list.o
LOAD ../../freeRtos/Source/croutine.o
LOAD ../../freeRtos/portable/MemMang/heap_avr.o
LOAD ../../freeRtos/portable/GCC/ATMega64/port.o
                0x00801100                __heap_start = 0x801100
                0x008027ff                __heap_end = 0x8027ff
LOAD /usr/lib/gcc/avr/4.3.5/../../../avr/lib/avr51/libm.a
LOAD /usr/lib/gcc/avr/4.3.5/avr51/libgcc.a
LOAD /usr/lib/gcc/avr/4.3.5/../../../avr/lib/avr51/libc.a
LOAD /usr/lib/gcc/avr/4.3.5/avr51/libgcc.a

.hash
 *(.hash)

.dynsym
 *(.dynsym)

.dynstr
 *(.dynstr)

.gnu.version
 *(.gnu.version)

.gnu.version_d
 *(.gnu.version_d)

.gnu.version_r
 *(.gnu.version_r)

.rel.init
 *(.rel.init)

.rela.init
 *(.rela.init)

.rel.text
 *(.rel.text)
 *(.rel.text.*)
 *(.rel.gnu.linkonce.t*)

.rela.text
 *(.rela.text)
 *(.rela.text.*)
 *(.rela.gnu.linkonce.t*)

.rel.fini
 *(.rel.fini)

.rela.fini
 *(.rela.fini)

.rel.rodata
 *(.rel.rodata)
 *(.rel.rodata.*)
 *(.rel.gnu.linkonce.r*)

.rela.rodata
 *(.rela.rodata)
 *(.rela.rodata.*)
 *(.rela.gnu.linkonce.r*)

.rel.data
 *(.rel.data)
 *(.rel.data.*)
 *(.rel.gnu.linkonce.d*)

.rela.data
 *(.rela.data)
 *(.rela.data.*)
 *(.rela.gnu.linkonce.d*)

.rel.ctors
 *(.rel.ctors)

.rela.ctors
 *(.rela.ctors)

.rel.dtors
 *(.rel.dtors)

.rela.dtors
 *(.rela.dtors)

.rel.got
 *(.rel.got)

.rela.got
 *(.rela.got)

.rel.bss
 *(.rel.bss)

.rela.bss
 *(.rela.bss)

.rel.plt
 *(.rel.plt)

.rela.plt
 *(.rela.plt)

.text           0x00000000     0xf69c
 *(.vectors)
 .vectors       0x00000000       0x8c /usr/lib/gcc/avr/4.3.5/../../../avr/lib/avr51/crtm128.o
                0x00000000                __vectors
                0x00000000                __vector_default
 *(.vectors)
 *(.progmem.gcc*)
 *(.progmem*)
 .progmem.data  0x0000008c       0x3c hardware.o
                0x0000008c                statusLockerSensDescStr
                0x00000097                statusLockerOpenStr
                0x000000a0                statusLockerCloseStr
                0x000000a9                statusLockerSensAdditionalDescStr
 .progmem.data  0x000000c8      0xa5e vty.o
                0x000000c8                errorOK
                0x000000d1                errorNoFile
                0x000000db                errorxModemFrameStartTimeout
                0x000000de                errorxModemByteSendTimeout
                0x000000e1                errorxModemWrongFrameNo
                0x000000e4                errorxModemFrameFrameNoCorrectionNotMatch
                0x000000e7                errorxModemFrameCrc
                0x000000fa                errorxModemRemoteSideCan
                0x00000121                errorxModemUnknownResponse
                0x00000140                errorNoRemoteDevice
                0x00000163                errorBootloaderNotResponding
                0x00000182                errorOpenFile
                0x00000197                systemStateStr
                0x000001a7                statusNumberOfTasksStr
                0x000001c0                statusStaticHeapStateStr
                0x000001ea                statusDynamicHeapStateStr
                0x00000214                statusRamDiskStateStr
                0x00000241                statusTemperatureStr
                0x0000025c                statusVoltageStr
                0x00000277                systemRamConfigStr
                0x0000028a                statusMacStr
                0x0000029f                statusIpStr
                0x000002b4                statusIpMaskStr
                0x000002c9                statusIpGwStr
                0x000002de                statusRs485listStr
                0x000002f9                statusNoRs485Dev
                0x00000313                statusLockerSensorsStr
                0x0000032c                statusLockerSensorsDisStr
                0x00000348                editRamFileIntroStr
                0x00000370                readRamFIleLenStr
                0x00000382                xwyslijStartStr
                0x0000039f                movingCurtainUpStr
                0x000003d2                movingCurtainDownStr
                0x00000405                movingCurtainPosStr
                0x00000415                debugEnabledInfoStr
                0x00000428                debugDisabledInfoStr
                0x0000043c                cmd_help
                0x00000441                cmd_help_help
                0x00000453                cmd_status
                0x0000045a                cmd_help_status
                0x00000491                cmd_enc_stat
                0x00000499                cmd_help_enc_stat
                0x000004b3                cmd_time
                0x000004b8                cmd_help_time
                0x000004c3                cmd_net_dbg
                0x000004c9                cmd_help_net_dbg
                0x00000512                cmd_rping
                0x00000518                cmd_help_rping
                0x0000053e                cmd_ping
                0x00000543                cmd_help_ping
                0x00000574                cmd_xRec
                0x00000579                cmd_help_xRec
                0x0000059f                cmd_xSend
                0x000005a5                cmd_help_xSend
                0x000005c8                cmd_xflash
                0x000005cf                cmd_help_xflash
                0x00000607                cmd_dir_rf
                0x0000060d                cmd_help_dir_rf
                0x00000621                cmd_create_rf
                0x00000625                cmd_help_create_rf
                0x00000641                cmd_erase_rf
                0x00000649                cmd_help_erase_rf
                0x0000066e                cmd_edit_rf
                0x00000675                cmd_help_edit_rf
                0x0000069f                cmd_read_rf
                0x000006a6                cmd_help_read_rf
                0x000006d0                cmd_up
                0x000006d3                cmd_help_up
                0x000006f9                cmd_down
                0x000006fe                cmd_help_down
                0x00000726                cmd_spa
                0x0000072a                cmd_help_spa
                0x0000073d                cmd_spb
                0x00000741                cmd_help_spb
                0x00000754                cmd_settime
                0x0000075c                cmd_help_settime
                0x0000077e                cmd_ac
                0x00000781                cmd_help_ac
                0x000007a1                cmd_enable
                0x000007a8                cmd_help_enable
                0x000007b4                cmd_disable
                0x000007bc                cmd_help_disable
                0x000007c6                cmd_configure
                0x000007cd                cmd_help_configure
                0x000007dc                cmd_conf_ip
                0x000007df                cmd_help_conf_ip
                0x00000802                cmd_conf_udp
                0x00000806                cmd_help_conf_udp
                0x00000854                cmd_conf_ip_mask
                0x00000859                cmd_conf_ip_mask_help
                0x00000869                cmd_conf_ip_gw
                0x0000086c                cmd_conf_ip_gw_help
                0x00000894                cmd_conf_mac
                0x00000898                cmd_help_conf_mac
                0x000008c6                cmd_conf_save
                0x000008cb                cmd_help_conf_save
                0x000008de                cmd_ustawR
                0x000008e3                cmd_help_ustawR
                0x00000900                okStr
                0x00000905                nlStr
                0x00000908                BladBuforaPozostaloBajtowStr
                0x00000932                errorStrings
                0x0000094a                cmdListNormal
                0x00000980                cmdListEnable
                0x00000a16                cmdListConfigure
 .progmem.data  0x00000b26       0x75 netstack_task.o
 .progmem.data  0x00000b9b        0xa cli_task.o
 .progmem.data  0x00000ba5       0x72 ../../freeRtos/Lib/cmdline.o
                0x00000ba5                CmdlinePromptNormal
                0x00000bac                CmdlinePromptEnable
                0x00000bb3                CmdlinePromptConfigure
                0x00000bba                CmdlineNotice
                0x00000bc4                CmdlineCmdNotFound
 .progmem.data  0x00000c17       0x75 ../../freeRtos/Lib/enc28j60.o
 .progmem.data  0x00000c8c       0x1f ../../freeRtos/Lib/net/nic.o
 .progmem.data  0x00000cab      0x14a ../../freeRtos/Lib/net/net.o
 .progmem.data  0x00000df5      0x13c ../../freeRtos/Lib/net/ip.o
 .progmem.data  0x00000f31       0xb7 ../../freeRtos/Lib/net/icmp.o
 .progmem.data  0x00000fe8      0x125 ../../freeRtos/Lib/net/arp.o
 .progmem.data  0x0000110d      0x175 ../../freeRtos/Lib/net/tcp.o
 .progmem.data  0x00001282       0xcb ../../freeRtos/Lib/net/udp.o
 .progmem.data  0x0000134d      0x34e ../../freeRtos/Lib/net/ipv6.o
 .progmem.data  0x0000169b        0xf ../../freeRtos/Lib/net/icmp6.o
 .progmem.data  0x000016aa      0x6bb ../../freeRtos/Lib/net/ipv6-nd.o
 .progmem.data  0x00001d65      0x1d5 ../../freeRtos/Lib/net/tcp6.o
 .progmem.data  0x00001f3a       0xbd ../../freeRtos/Lib/Rs485_prot.o
                0x00001f3a                statusRollerDescStr
                0x00001f78                statusRollerDescStr2
                0x00001ff8                . = ALIGN (0x2)
 *fill*         0x00001ff7        0x1 00
                0x00001ff8                __trampolines_start = .
 *(.trampolines)
 .trampolines   0x00001ff8        0x0 linker stubs
 *(.trampolines*)
                0x00001ff8                __trampolines_end = .
 *(.jumptables)
 *(.jumptables*)
 *(.lowtext)
 *(.lowtext*)
                0x00001ff8                __ctors_start = .
 *(.ctors)
                0x00001ff8                __ctors_end = .
                0x00001ff8                __dtors_start = .
 *(.dtors)
                0x00001ff8                __dtors_end = .
 SORT(*)(.ctors)
 SORT(*)(.dtors)
 *(.init0)
 .init0         0x00001ff8        0x0 /usr/lib/gcc/avr/4.3.5/../../../avr/lib/avr51/crtm128.o
                0x00001ff8                __init
 *(.init0)
 *(.init1)
 *(.init1)
 *(.init2)
 .init2         0x00001ff8        0xc /usr/lib/gcc/avr/4.3.5/../../../avr/lib/avr51/crtm128.o
 *(.init2)
 *(.init3)
 *(.init3)
 *(.init4)
 .init4         0x00002004       0x1a /usr/lib/gcc/avr/4.3.5/../../../avr/lib/avr51/crtm128.o
                0x00002004                __do_copy_data
 .init4         0x0000201e        0xc main.o
                0x0000201e                initExternalMem
 .init4         0x0000202a       0x10 /usr/lib/gcc/avr/4.3.5/avr51/libgcc.a(_clear_bss.o)
                0x0000202a                __do_clear_bss
 *(.init4)
 *(.init5)
 *(.init5)
 *(.init6)
 *(.init6)
 *(.init7)
 *(.init7)
 *(.init8)
 *(.init8)
 *(.init9)
 .init9         0x0000203a        0x8 /usr/lib/gcc/avr/4.3.5/../../../avr/lib/avr51/crtm128.o
 *(.init9)
 *(.text)
 .text          0x00002042        0x4 /usr/lib/gcc/avr/4.3.5/../../../avr/lib/avr51/crtm128.o
                0x00002042                __vector_22
                0x00002042                __vector_28
                0x00002042                __vector_1
                0x00002042                __vector_32
                0x00002042                __vector_34
                0x00002042                __vector_24
                0x00002042                __bad_interrupt
                0x00002042                __vector_6
                0x00002042                __vector_3
                0x00002042                __vector_23
                0x00002042                __vector_25
                0x00002042                __vector_11
                0x00002042                __vector_13
                0x00002042                __vector_7
                0x00002042                __vector_27
                0x00002042                __vector_5
                0x00002042                __vector_33
                0x00002042                __vector_4
                0x00002042                __vector_9
                0x00002042                __vector_2
                0x00002042                __vector_21
                0x00002042                __vector_15
                0x00002042                __vector_29
                0x00002042                __vector_8
                0x00002042                __vector_26
                0x00002042                __vector_14
                0x00002042                __vector_10
                0x00002042                __vector_16
 .text          0x00002046      0x142 main.o
                0x00002046                vApplicationTickHook
                0x00002060                vApplicationIdleHook
                0x00002066                main
 .text          0x00002188       0x24 configuration.o
                0x00002188                saveConfiguration
                0x00002196                loadConfiguration
 .text          0x000021ac      0x43a serial.o
                0x000021ac                initQueueStreamUSB
                0x000021c8                __vector_20
                0x000021ee                InterruptVtyOn
                0x000021fa                __vector_31
                0x00002282                __vector_19
                0x0000230a                uartVtySendByte
                0x00002340                VtyPutChar
                0x0000234a                releaseRs485
                0x00002362                uartRs485SendByte
                0x00002390                __vector_30
                0x0000241a                __vector_18
                0x000024a2                takeRs485
                0x000024ba                flushRs485RecBuffer
                0x00002500                rs485Receive
                0x00002518                VtyGetChar
                0x00002554                xSerialPortInitMinimal
 .text          0x000025e6      0x46a hardware.o
                0x000025e6                spiSendSpinBlock
                0x000025f6                disableAllSpiDevices
                0x0000260c                spiEnableEnc28j60
                0x00002610                spiDisableEnc28j60
                0x00002614                enableSpiSd
                0x00002620                disableSpiSd
                0x0000262c                enableSpiMPC23S17
                0x00002630                disableSpiMPC23S17
                0x00002634                enableSpiMCP3008
                0x0000263e                disableSpiMCP3008
                0x00002648                enableSpiMCP4150
                0x00002652                disableSpiMCP4150
                0x0000265c                spiEnableDS1305
                0x00002666                spiDisableDS1305
                0x00002670                __vector_17
                0x000026e4                spiSend
                0x00002712                checkLockerSensors
                0x000028a6                printLockers
                0x00002a06                LockersMemInit
                0x00002a18                hardwareInit
 .text          0x00002a50       0x82 sensors_task.o
                0x00002a50                sensorsTask
                0x00002ac8                sensorsTaskInit
 .text          0x00002ad2     0x178a vty.o
                0x00002ef6                printErrorInfo
                0x00003dbc                printStatus
                0x0000423a                VtyInit
 .text          0x0000425c      0x26c netstack_task.o
                0x0000425c                encTask
 .text          0x000044c8       0x8e cli_task.o
                0x000044c8                vTaskVTYsocket
                0x000044e4                vTaskVTYusb
 .text          0x00004556       0x80 ../../freeRtos/Lib/spi.o
                0x00004556                spiSetCPHA
                0x0000455a                spiClearCPHA
                0x0000455e                spiSetCPOL
                0x00004562                spiClearCPOL
                0x0000456e                spiGive
                0x00004586                spiTake
                0x0000459e                spiInit
 .text          0x000045d6       0x38 ../../freeRtos/Lib/memory_x.o
                0x000045d6                xmallocAvailable
                0x000045f2                xmalloc
 .text          0x0000460e      0xab2 ../../freeRtos/Lib/ramdysk.o
                0x0000460e                ramDyskLiczbaWolnychKlastrow
                0x0000462a                ramDyskDir
                0x00004802                ramDyskDodajBlokXmodem
                0x000048ce                ramDyskUstawWskaznikNaKoniec
                0x00004910                ramDyskUstawWskaznik
                0x000049c2                ramDyskCzytajBajtZPliku
                0x00004a66                ramDyskZapiszBajtDoPliku
                0x00004b1c                ramDyskCzyscPlik
                0x00004b7c                ramDyskZamknijPlik
                0x00004b9c                ramDyskZamknijPlikStdIo
                0x00004bd2                ramDyskInit
                0x00004bf6                ramDyskCzytajBlokZPliku
                0x00004d36                ramDyskZapiszBlokDoPliku
                0x00004f2a                ramDyskUsunPlik
                0x00004f7a                ramDyskOtworzPlik
                0x00004faa                ramDyskOtworzPlikStdIo
                0x00004fe8                ramDyskUtworzPlik
 .text          0x000050c0      0xab6 ../../freeRtos/Lib/cmdline.o
                0x000050c0                cmdLineGetLastArgIdx
                0x000050ea                cmdlineGetArgStr
                0x00005138                cmdPrintHelp
                0x0000523e                cmdlineGetArgHex
                0x00005264                cmdlineGetArgInt
                0x000052da                cmdlineMainLoop
                0x00005552                cmdStateConfigure
                0x0000562c                cmdlineInputFunc
 .text          0x00005b76        0x0 ../../freeRtos/Lib/xmodem.o
 .text          0x00005b76      0x128 ../../freeRtos/Lib/vt100.o
                0x00005b76                vt100SetCursorPos
                0x00005bcc                vt100SetCursorMode
                0x00005c0a                vt100SetAttr
                0x00005c4e                vt100ClearScreen
                0x00005c76                vt100Init
 .text          0x00005c9e      0x172 ../../freeRtos/Lib/ds1305.o
                0x00005ca2                ds1305readMem
                0x00005cfc                ds1305writeMem
                0x00005d54                ds1305start
                0x00005d72                setTimeBCD
                0x00005db4                setTime
                0x00005dba                setTimeDecoded
                0x00005dc0                readTimeBCD
                0x00005e04                readTime
                0x00005e0a                readTimeDecoded
 .text          0x00005e10      0x23e ../../freeRtos/Lib/mpc23s17.o
                0x00005e14                MPC23s17ReadPortB
                0x00005e48                MPC23s17ReadPortA
                0x00005e7c                MPC23s17ClearBitsOnPortB
                0x00005eba                MPC23s17SetBitsOnPortB
                0x00005ef6                MPC23s17SetPortB
                0x00005f2c                MPC23s17ClearBitsOnPortA
                0x00005f6a                MPC23s17SetBitsOnPortA
                0x00005fa6                MPC23s17SetPortA
                0x00005fe2                MPC23s17SetDirB
                0x00006018                MPC23s17SetDirA
 .text          0x0000604e       0x98 ../../freeRtos/Lib/mcp3008.o
                0x00006052                MCP3008_getSampleSingle
                0x0000609c                MCP3008_getSampleDiff
 .text          0x000060e6       0x28 ../../freeRtos/Lib/mcp4150.o
                0x000060ea                MCP4150_setValue
 .text          0x0000610e      0x6f0 ../../freeRtos/Lib/enc28j60.o
                0x000061aa                nicSetMacAddress
                0x00006244                nicRegDump
                0x000063ec                nicGetMacAddress
                0x00006434                enc28j60hasRxPkt
                0x00006440                enc28j60getrev
                0x00006448                nicPoll
                0x000065b6                nicSend
                0x00006666                enc28j60linkup
                0x000066d8                nicMacInit
 .text          0x000067fe       0x9a ../../freeRtos/Lib/queueStream.o
                0x000067fe                initQueueStream
 .text          0x00006898       0xb0 ../../freeRtos/Lib/net/nic.o
                0x000068e6                nicInit
                0x00006936                saveNic
 .text          0x00006948      0x7de ../../freeRtos/Lib/net/net.o
                0x00006948                htons
                0x00006950                htonl
                0x0000698a                netChecksum
                0x000069f8                netPrintTcpHeader
                0x00006c7a                netPrintIPAddr
                0x00006d08                netPrintIpHeader
                0x00006f3e                netPrintEthAddr
                0x00006fbe                netPrintEthHeader
 .text          0x00007126      0x594 ../../freeRtos/Lib/net/ip.o
                0x00007126                setIpDebug
                0x00007140                ipSetConfig
                0x00007182                ipSetConfigIp
                0x00007194                ipSetConfigMask
                0x000071a6                ipSetConfigGw
                0x000071b8                ipGetConfig
                0x000071be                ipPrintConfig
                0x000072ac                ipSend
                0x0000748c                netstackIPv4Process
                0x0000761a                ipSaveConfig
                0x00007664                ipInit
 .text          0x000076ba      0x324 ../../freeRtos/Lib/net/icmp.o
                0x000076ba                icmpInit
                0x000076c8                setIcmpDebug
                0x000076d6                icmpPrintHeader
                0x00007878                icmpEchoRequest
                0x00007992                icmpIpIn
 .text          0x000079de      0x8a2 ../../freeRtos/Lib/net/arp.o
                0x000079de                setArpDebug
                0x000079f8                arpTimer
                0x00007a12                arpMatchIp
                0x00007a46                arpPrintTable
                0x00007c3a                arpIpIn
                0x00007dfa                arpPrintHeader
                0x00007fd4                arpIpOut
                0x000080d0                arpInit
                0x000080e8                arpArpIn
 .text          0x00008280      0x588 ../../freeRtos/Lib/net/tcp.o
                0x00008280                sendTcBuffer
                0x00008284                setTcpDebug
                0x00008292                flushTcpQueues
                0x00008294                httpProcess
                0x00008296                calculateTcpChecksun
                0x000082bc                processTcpPacket
                0x00008710                netstackTCPIPProcess
                0x00008766                socketInit
 .text          0x00008808      0x514 ../../freeRtos/Lib/net/udp.o
                0x00008808                setUdpDebug
                0x00008816                udpPrintStatus
                0x00008932                udpSaveConfig
                0x00008974                netstackUDPIPProcess
                0x00008b76                udpSend
                0x00008c3c                flushUdpQueues
                0x00008c9a                udpInit
 .text          0x00008d1c      0xdaa ../../freeRtos/Lib/net/ipv6.o
                0x00008d1c                ipv6Init
                0x00008d1e                ipv6DebugInit
                0x00008d28                checkPacketLen
                0x00008d52                ipv6PrintConfig
                0x00008ffa                netPrintIpv6PayloadRAW
                0x0000915a                netPrintIpv6Header
                0x000094ca                netPrintIpv6HeaderRAW
                0x00009604                swithEthAddresses
                0x00009648                ipv6Send
                0x0000970c                netstackIPv6Process
 .text          0x00009ac6       0xd0 ../../freeRtos/Lib/net/icmp6.o
                0x00009ac6                vICMP6DebugInit
                0x00009ad0                uip_icmp6_echo_request_input
 .text          0x00009b96       0xe0 ../../freeRtos/Lib/net/checksum.o
                0x00009be2                uip_icmp6chksum
                0x00009c36                uip_ipchksum
                0x00009c62                uip_chksum
 .text          0x00009c76      0x19a ../../freeRtos/Lib/net/uip-netif.o
                0x00009c76                uip_netif_addr_lookup
                0x00009d08                uip_netif_addr_autoconf_set
                0x00009d46                uip_netif_init
 .text          0x00009e10     0x150e ../../freeRtos/Lib/net/ipv6-nd.o
                0x00009e10                vNDDebugInit
                0x00009e1a                vNDinit
                0x00009ea0                uip_nd6_io_ns_input
 .text          0x0000b31e      0x77c ../../freeRtos/Lib/net/tcp6.o
                0x0000b31e                sendTcBuffer6
                0x0000b322                setTcpDebug6
                0x0000b330                flushTcpQueues6
                0x0000b332                httpProcess6
                0x0000b334                calculateTcpChecksum6
                0x0000b366                processTcpPacket6
                0x0000b782                netstackTCPIPProcess6
                0x0000b7e0                findConnectedSocket6
                0x0000b9c0                socketInit6
 .text          0x0000ba9a     0x11f6 ../../freeRtos/Lib/Rs485_prot.o
                0x0000baa8                rs485curtainUp
                0x0000bc30                rs485curtainDown
                0x0000bdb8                printRs485devices
                0x0000be9a                rs485xModemFlash
                0x0000c542                rs485ping
                0x0000c8c6                rs485rollerHello
                0x0000cc72                rollersMemInit
 .text          0x0000cc90      0xde6 ../../freeRtos/Source/tasks.o
                0x0000cc90                uxTaskPriorityGet
                0x0000ccae                xTaskIsTaskSuspended
                0x0000ccd6                vTaskSuspendAll
                0x0000cce2                xTaskGetTickCount
                0x0000ccf8                uxTaskGetNumberOfTasks
                0x0000ccfe                vTaskStartTrace
                0x0000cd30                ulTaskEndTrace
                0x0000cd60                vTaskSwitchContext
                0x0000ce84                vTaskSetTimeOutState
                0x0000ce9a                xTaskCheckForTimeOut
                0x0000cf16                vTaskMissedYield
                0x0000cf1e                xTaskRemoveFromEventList
                0x0000cfa4                xTaskResumeFromISR
                0x0000d040                vTaskPlaceOnEventList
                0x0000d0d0                vTaskIncrementTick
                0x0000d320                xTaskResumeAll
                0x0000d41a                vTaskList
                0x0000d4c6                vTaskResume
                0x0000d558                vTaskSuspend
                0x0000d5d6                vTaskPrioritySet
                0x0000d6b0                vTaskDelay
                0x0000d72c                vTaskDelayUntil
                0x0000d7da                vTaskEndScheduler
                0x0000d7e6                xTaskGenericCreate
                0x0000da20                vTaskStartScheduler
 .text          0x0000da76      0x672 ../../freeRtos/Source/queue.o
                0x0000da76                uxQueueMessagesWaiting
                0x0000da86                uxQueueMessagesWaitingFromISR
                0x0000da8c                xQueueIsQueueEmptyFromISR
                0x0000da9c                xQueueIsQueueFullFromISR
                0x0000daae                vQueueDelete
                0x0000daca                xQueueReceiveFromISR
                0x0000dbca                xQueueGenericSendFromISR
                0x0000dc9a                xQueueGenericReceive
                0x0000de32                xQueueGenericSend
                0x0000df7a                xQueueCreateExternal
                0x0000e022                xQueueCreate
 .text          0x0000e0e8      0x134 ../../freeRtos/Source/list.o
                0x0000e0e8                vListInitialise
                0x0000e108                vListInitialiseItem
                0x0000e110                vListInsertEnd
                0x0000e162                vListInsert
                0x0000e1cc                vListRemove
 .text          0x0000e21c      0x378 ../../freeRtos/Source/croutine.o
                0x0000e21c                xCoRoutineRemoveFromEventList
                0x0000e272                vCoRoutineSchedule
                0x0000e442                vCoRoutineAddToDelayedList
                0x0000e4bc                xCoRoutineCreate
 .text          0x0000e594       0x6e ../../freeRtos/portable/MemMang/heap_avr.o
                0x0000e594                vPortFree
                0x0000e596                vPortInitialiseBlocks
                0x0000e5a0                xPortGetFreeHeapSize
                0x0000e5b4                pvPortMalloc
 .text          0x0000e602      0x2b6 ../../freeRtos/portable/GCC/ATMega64/port.o
                0x0000e602                pxPortInitialiseStack
                0x0000e692                xPortStartScheduler
                0x0000e6fe                vPortEndScheduler
                0x0000e700                __vector_12
                0x0000e750                vPortYieldFromTick
                0x0000e806                vPortYield
 .text          0x0000e8b8        0x0 /usr/lib/gcc/avr/4.3.5/avr51/libgcc.a(_udivmodqi4.o)
 .text          0x0000e8b8        0x0 /usr/lib/gcc/avr/4.3.5/avr51/libgcc.a(_udivmodhi4.o)
 .text          0x0000e8b8        0x0 /usr/lib/gcc/avr/4.3.5/avr51/libgcc.a(_exit.o)
 .text          0x0000e8b8        0x0 /usr/lib/gcc/avr/4.3.5/avr51/libgcc.a(_clear_bss.o)
 .text          0x0000e8b8        0x0 /usr/lib/gcc/avr/4.3.5/../../../avr/lib/avr51/libc.a(malloc.o)
 .text          0x0000e8b8        0x0 /usr/lib/gcc/avr/4.3.5/../../../avr/lib/avr51/libc.a(strtol.o)
 .text          0x0000e8b8        0x0 /usr/lib/gcc/avr/4.3.5/../../../avr/lib/avr51/libc.a(isspace.o)
 .text          0x0000e8b8        0x0 /usr/lib/gcc/avr/4.3.5/../../../avr/lib/avr51/libc.a(memcpy_P.o)
 .text          0x0000e8b8        0x0 /usr/lib/gcc/avr/4.3.5/../../../avr/lib/avr51/libc.a(strncmp_P.o)
 .text          0x0000e8b8        0x0 /usr/lib/gcc/avr/4.3.5/../../../avr/lib/avr51/libc.a(memcmp.o)
 .text          0x0000e8b8        0x0 /usr/lib/gcc/avr/4.3.5/../../../avr/lib/avr51/libc.a(memcpy.o)
 .text          0x0000e8b8        0x0 /usr/lib/gcc/avr/4.3.5/../../../avr/lib/avr51/libc.a(memset.o)
 .text          0x0000e8b8        0x0 /usr/lib/gcc/avr/4.3.5/../../../avr/lib/avr51/libc.a(strcat.o)
 .text          0x0000e8b8        0x0 /usr/lib/gcc/avr/4.3.5/../../../avr/lib/avr51/libc.a(strcpy.o)
 .text          0x0000e8b8        0x0 /usr/lib/gcc/avr/4.3.5/../../../avr/lib/avr51/libc.a(strncmp.o)
 .text          0x0000e8b8        0x0 /usr/lib/gcc/avr/4.3.5/../../../avr/lib/avr51/libc.a(strncpy.o)
 .text          0x0000e8b8        0x0 /usr/lib/gcc/avr/4.3.5/../../../avr/lib/avr51/libc.a(fclose.o)
 .text          0x0000e8b8        0x0 /usr/lib/gcc/avr/4.3.5/../../../avr/lib/avr51/libc.a(fgetc.o)
 .text          0x0000e8b8        0x0 /usr/lib/gcc/avr/4.3.5/../../../avr/lib/avr51/libc.a(fprintf.o)
 .text          0x0000e8b8        0x0 /usr/lib/gcc/avr/4.3.5/../../../avr/lib/avr51/libc.a(fprintf_p.o)
 .text          0x0000e8b8        0x0 /usr/lib/gcc/avr/4.3.5/../../../avr/lib/avr51/libc.a(fputc.o)
 .text          0x0000e8b8        0x0 /usr/lib/gcc/avr/4.3.5/../../../avr/lib/avr51/libc.a(fputs.o)
 .text          0x0000e8b8        0x0 /usr/lib/gcc/avr/4.3.5/../../../avr/lib/avr51/libc.a(iob.o)
 .text          0x0000e8b8        0x0 /usr/lib/gcc/avr/4.3.5/../../../avr/lib/avr51/libc.a(sprintf.o)
 .text          0x0000e8b8        0x0 /usr/lib/gcc/avr/4.3.5/../../../avr/lib/avr51/libc.a(vfprintf_std.o)
 .text          0x0000e8b8        0x0 /usr/lib/gcc/avr/4.3.5/../../../avr/lib/avr51/libc.a(eerd_block_atmega128.o)
 .text          0x0000e8b8        0x0 /usr/lib/gcc/avr/4.3.5/../../../avr/lib/avr51/libc.a(eerd_dword_atmega128.o)
 .text          0x0000e8b8        0x0 /usr/lib/gcc/avr/4.3.5/../../../avr/lib/avr51/libc.a(eerd_word_atmega128.o)
 .text          0x0000e8b8        0x0 /usr/lib/gcc/avr/4.3.5/../../../avr/lib/avr51/libc.a(eeupd_block_atmega128.o)
 .text          0x0000e8b8        0x0 /usr/lib/gcc/avr/4.3.5/../../../avr/lib/avr51/libc.a(eeupd_byte_atmega128.o)
 .text          0x0000e8b8        0x0 /usr/lib/gcc/avr/4.3.5/../../../avr/lib/avr51/libc.a(eeupd_dword_atmega128.o)
 .text          0x0000e8b8        0x0 /usr/lib/gcc/avr/4.3.5/../../../avr/lib/avr51/libc.a(eeupd_word_atmega128.o)
 .text          0x0000e8b8        0x0 /usr/lib/gcc/avr/4.3.5/../../../avr/lib/avr51/libc.a(errno.o)
 .text          0x0000e8b8        0x0 /usr/lib/gcc/avr/4.3.5/../../../avr/lib/avr51/libc.a(cty_isfalse.o)
 .text          0x0000e8b8        0x0 /usr/lib/gcc/avr/4.3.5/../../../avr/lib/avr51/libc.a(strnlen_P.o)
 .text          0x0000e8b8        0x0 /usr/lib/gcc/avr/4.3.5/../../../avr/lib/avr51/libc.a(strnlen.o)
 .text          0x0000e8b8        0x0 /usr/lib/gcc/avr/4.3.5/../../../avr/lib/avr51/libc.a(ultoa_invert.o)
 .text          0x0000e8b8        0x0 /usr/lib/gcc/avr/4.3.5/avr51/libgcc.a(_mulsi3.o)
 .text          0x0000e8b8        0x0 /usr/lib/gcc/avr/4.3.5/avr51/libgcc.a(_udivmodsi4.o)
                0x0000e8b8                . = ALIGN (0x2)
 *(.text.*)
 .text.libgcc   0x0000e8b8       0x18 /usr/lib/gcc/avr/4.3.5/avr51/libgcc.a(_udivmodqi4.o)
                0x0000e8b8                __udivmodqi4
 .text.libgcc   0x0000e8d0       0x28 /usr/lib/gcc/avr/4.3.5/avr51/libgcc.a(_udivmodhi4.o)
                0x0000e8d0                __udivmodhi4
 .text.libgcc   0x0000e8f8        0x0 /usr/lib/gcc/avr/4.3.5/avr51/libgcc.a(_exit.o)
 .text.libgcc   0x0000e8f8        0x0 /usr/lib/gcc/avr/4.3.5/avr51/libgcc.a(_clear_bss.o)
 .text.avr-libc
                0x0000e8f8      0x20a /usr/lib/gcc/avr/4.3.5/../../../avr/lib/avr51/libc.a(malloc.o)
                0x0000e8f8                malloc
                0x0000ea52                free
 .text.avr-libc
                0x0000eb02      0x25e /usr/lib/gcc/avr/4.3.5/../../../avr/lib/avr51/libc.a(strtol.o)
                0x0000eb02                strtol
 .text.avr-libc
                0x0000ed60       0x10 /usr/lib/gcc/avr/4.3.5/../../../avr/lib/avr51/libc.a(isspace.o)
                0x0000ed60                isspace
 .text.avr-libc
                0x0000ed70       0x12 /usr/lib/gcc/avr/4.3.5/../../../avr/lib/avr51/libc.a(memcpy_P.o)
                0x0000ed70                memcpy_P
 .text.avr-libc
                0x0000ed82       0x1c /usr/lib/gcc/avr/4.3.5/../../../avr/lib/avr51/libc.a(strncmp_P.o)
                0x0000ed82                strncmp_P
 .text.avr-libc
                0x0000ed9e       0x1a /usr/lib/gcc/avr/4.3.5/../../../avr/lib/avr51/libc.a(memcmp.o)
                0x0000ed9e                memcmp
 .text.avr-libc
                0x0000edb8       0x12 /usr/lib/gcc/avr/4.3.5/../../../avr/lib/avr51/libc.a(memcpy.o)
                0x0000edb8                memcpy
 .text.avr-libc
                0x0000edca        0xe /usr/lib/gcc/avr/4.3.5/../../../avr/lib/avr51/libc.a(memset.o)
                0x0000edca                memset
 .text.avr-libc
                0x0000edd8       0x16 /usr/lib/gcc/avr/4.3.5/../../../avr/lib/avr51/libc.a(strcat.o)
                0x0000edd8                strcat
 .text.avr-libc
                0x0000edee        0xe /usr/lib/gcc/avr/4.3.5/../../../avr/lib/avr51/libc.a(strcpy.o)
                0x0000edee                strcpy
 .text.avr-libc
                0x0000edfc       0x1c /usr/lib/gcc/avr/4.3.5/../../../avr/lib/avr51/libc.a(strncmp.o)
                0x0000edfc                strncmp
 .text.avr-libc
                0x0000ee18       0x1e /usr/lib/gcc/avr/4.3.5/../../../avr/lib/avr51/libc.a(strncpy.o)
                0x0000ee18                strncpy
 .text.avr-libc
                0x0000ee36       0x56 /usr/lib/gcc/avr/4.3.5/../../../avr/lib/avr51/libc.a(fclose.o)
                0x0000ee36                fclose
 .text.avr-libc
                0x0000ee8c       0x84 /usr/lib/gcc/avr/4.3.5/../../../avr/lib/avr51/libc.a(fgetc.o)
                0x0000ee8c                fgetc
 .text.avr-libc
                0x0000ef10       0x22 /usr/lib/gcc/avr/4.3.5/../../../avr/lib/avr51/libc.a(fprintf.o)
                0x0000ef10                fprintf
 .text.avr-libc
                0x0000ef32       0x3c /usr/lib/gcc/avr/4.3.5/../../../avr/lib/avr51/libc.a(fprintf_p.o)
                0x0000ef32                fprintf_P
 .text.avr-libc
                0x0000ef6e       0x58 /usr/lib/gcc/avr/4.3.5/../../../avr/lib/avr51/libc.a(fputc.o)
                0x0000ef6e                fputc
 .text.avr-libc
                0x0000efc6       0x56 /usr/lib/gcc/avr/4.3.5/../../../avr/lib/avr51/libc.a(fputs.o)
                0x0000efc6                fputs
 .text.avr-libc
                0x0000f01c       0x62 /usr/lib/gcc/avr/4.3.5/../../../avr/lib/avr51/libc.a(sprintf.o)
                0x0000f01c                sprintf
 .text.avr-libc
                0x0000f07e      0x40c /usr/lib/gcc/avr/4.3.5/../../../avr/lib/avr51/libc.a(vfprintf_std.o)
                0x0000f07e                vfprintf
 .text.avr-libc
                0x0000f48a       0x20 /usr/lib/gcc/avr/4.3.5/../../../avr/lib/avr51/libc.a(eerd_block_atmega128.o)
                0x0000f48a                __eerd_block_m128
                0x0000f48e                __eerd_blraw_m128
 .text.avr-libc
                0x0000f4aa        0xc /usr/lib/gcc/avr/4.3.5/../../../avr/lib/avr51/libc.a(eerd_dword_atmega128.o)
                0x0000f4aa                __eerd_dword_m128
                0x0000f4aa                __eerd_float_m128
 .text.avr-libc
                0x0000f4b6        0xc /usr/lib/gcc/avr/4.3.5/../../../avr/lib/avr51/libc.a(eerd_word_atmega128.o)
                0x0000f4b6                __eerd_word_m128
 .text.avr-libc
                0x0000f4c2       0x20 /usr/lib/gcc/avr/4.3.5/../../../avr/lib/avr51/libc.a(eeupd_block_atmega128.o)
                0x0000f4c2                __eeupd_block_m128
 .text.avr-libc
                0x0000f4e2       0x22 /usr/lib/gcc/avr/4.3.5/../../../avr/lib/avr51/libc.a(eeupd_byte_atmega128.o)
                0x0000f4e2                __eeupd_byte_m128
                0x0000f4e4                __eeupd_r18_m128
 .text.avr-libc
                0x0000f504       0x18 /usr/lib/gcc/avr/4.3.5/../../../avr/lib/avr51/libc.a(eeupd_dword_atmega128.o)
                0x0000f504                __eeupd_dword_m128
                0x0000f504                __eeupd_float_m128
 .text.avr-libc
                0x0000f51c        0xc /usr/lib/gcc/avr/4.3.5/../../../avr/lib/avr51/libc.a(eeupd_word_atmega128.o)
                0x0000f51c                __eeupd_word_m128
 .text.avr-libc
                0x0000f528        0x6 /usr/lib/gcc/avr/4.3.5/../../../avr/lib/avr51/libc.a(cty_isfalse.o)
                0x0000f528                __ctype_isfalse
                0x0000f52c                __ctype_istrue
 .text.avr-libc
                0x0000f52e       0x16 /usr/lib/gcc/avr/4.3.5/../../../avr/lib/avr51/libc.a(strnlen_P.o)
                0x0000f52e                strnlen_P
 .text.avr-libc
                0x0000f544       0x16 /usr/lib/gcc/avr/4.3.5/../../../avr/lib/avr51/libc.a(strnlen.o)
                0x0000f544                strnlen
 .text.avr-libc
                0x0000f55a       0xbc /usr/lib/gcc/avr/4.3.5/../../../avr/lib/avr51/libc.a(ultoa_invert.o)
                0x0000f55a                __ultoa_invert
 .text.libgcc   0x0000f616       0x3e /usr/lib/gcc/avr/4.3.5/avr51/libgcc.a(_mulsi3.o)
                0x0000f616                __mulsi3
 .text.libgcc   0x0000f654       0x44 /usr/lib/gcc/avr/4.3.5/avr51/libgcc.a(_udivmodsi4.o)
                0x0000f654                __udivmodsi4
                0x0000f698                . = ALIGN (0x2)
 *(.fini9)
 .fini9         0x0000f698        0x0 /usr/lib/gcc/avr/4.3.5/avr51/libgcc.a(_exit.o)
                0x0000f698                exit
                0x0000f698                _exit
 *(.fini9)
 *(.fini8)
 *(.fini8)
 *(.fini7)
 *(.fini7)
 *(.fini6)
 *(.fini6)
 *(.fini5)
 *(.fini5)
 *(.fini4)
 *(.fini4)
 *(.fini3)
 *(.fini3)
 *(.fini2)
 *(.fini2)
 *(.fini1)
 *(.fini1)
 *(.fini0)
 .fini0         0x0000f698        0x4 /usr/lib/gcc/avr/4.3.5/avr51/libgcc.a(_exit.o)
 *(.fini0)
                0x0000f69c                _etext = .

.data           0x00800100       0x88 load address 0x0000f69c
                0x00800100                PROVIDE (__data_start, .)
 *(.data)
 .data          0x00800100        0x0 /usr/lib/gcc/avr/4.3.5/../../../avr/lib/avr51/crtm128.o
 .data          0x00800100        0x1 main.o
 .data          0x00800101        0x0 configuration.o
 .data          0x00800101        0x1 serial.o
 .data          0x00800102        0x0 hardware.o
 .data          0x00800102        0x0 sensors_task.o
 .data          0x00800102        0x0 vty.o
 .data          0x00800102        0x0 netstack_task.o
 .data          0x00800102        0x0 cli_task.o
 .data          0x00800102        0x0 ../../freeRtos/Lib/spi.o
 .data          0x00800102        0x2 ../../freeRtos/Lib/memory_x.o
                0x00800102                heapEnd
 .data          0x00800104       0x22 ../../freeRtos/Lib/ramdysk.o
 .data          0x00800126        0x0 ../../freeRtos/Lib/cmdline.o
 .data          0x00800126        0x0 ../../freeRtos/Lib/xmodem.o
 .data          0x00800126       0x25 ../../freeRtos/Lib/vt100.o
 .data          0x0080014b        0x0 ../../freeRtos/Lib/ds1305.o
 .data          0x0080014b        0x0 ../../freeRtos/Lib/mpc23s17.o
 .data          0x0080014b        0x0 ../../freeRtos/Lib/mcp3008.o
 .data          0x0080014b        0x0 ../../freeRtos/Lib/mcp4150.o
 .data          0x0080014b        0x0 ../../freeRtos/Lib/enc28j60.o
 .data          0x0080014b        0x0 ../../freeRtos/Lib/queueStream.o
 .data          0x0080014b        0x0 ../../freeRtos/Lib/net/nic.o
 .data          0x0080014b        0x0 ../../freeRtos/Lib/net/net.o
 .data          0x0080014b       0x14 ../../freeRtos/Lib/net/ip.o
 .data          0x0080015f        0x8 ../../freeRtos/Lib/net/icmp.o
 .data          0x00800167        0x0 ../../freeRtos/Lib/net/arp.o
 .data          0x00800167        0x0 ../../freeRtos/Lib/net/tcp.o
 .data          0x00800167        0x0 ../../freeRtos/Lib/net/udp.o
 .data          0x00800167        0x0 ../../freeRtos/Lib/net/ipv6.o
 .data          0x00800167        0x0 ../../freeRtos/Lib/net/icmp6.o
 .data          0x00800167        0x0 ../../freeRtos/Lib/net/checksum.o
 .data          0x00800167        0x0 ../../freeRtos/Lib/net/uip-netif.o
 .data          0x00800167        0x0 ../../freeRtos/Lib/net/ipv6-nd.o
 .data          0x00800167        0x0 ../../freeRtos/Lib/net/tcp6.o
 .data          0x00800167        0x0 ../../freeRtos/Lib/Rs485_prot.o
 .data          0x00800167       0x1b ../../freeRtos/Source/tasks.o
 .data          0x00800182        0x0 ../../freeRtos/Source/queue.o
 .data          0x00800182        0x0 ../../freeRtos/Source/list.o
 .data          0x00800182        0x0 ../../freeRtos/Source/croutine.o
 .data          0x00800182        0x0 ../../freeRtos/portable/MemMang/heap_avr.o
 .data          0x00800182        0x0 ../../freeRtos/portable/GCC/ATMega64/port.o
 .data          0x00800182        0x0 /usr/lib/gcc/avr/4.3.5/avr51/libgcc.a(_udivmodqi4.o)
 .data          0x00800182        0x0 /usr/lib/gcc/avr/4.3.5/avr51/libgcc.a(_udivmodhi4.o)
 .data          0x00800182        0x0 /usr/lib/gcc/avr/4.3.5/avr51/libgcc.a(_exit.o)
 .data          0x00800182        0x0 /usr/lib/gcc/avr/4.3.5/avr51/libgcc.a(_clear_bss.o)
 .data          0x00800182        0x6 /usr/lib/gcc/avr/4.3.5/../../../avr/lib/avr51/libc.a(malloc.o)
                0x00800182                __malloc_margin
                0x00800184                __malloc_heap_start
                0x00800186                __malloc_heap_end
 .data          0x00800188        0x0 /usr/lib/gcc/avr/4.3.5/../../../avr/lib/avr51/libc.a(strtol.o)
 .data          0x00800188        0x0 /usr/lib/gcc/avr/4.3.5/../../../avr/lib/avr51/libc.a(isspace.o)
 .data          0x00800188        0x0 /usr/lib/gcc/avr/4.3.5/../../../avr/lib/avr51/libc.a(memcpy_P.o)
 .data          0x00800188        0x0 /usr/lib/gcc/avr/4.3.5/../../../avr/lib/avr51/libc.a(strncmp_P.o)
 .data          0x00800188        0x0 /usr/lib/gcc/avr/4.3.5/../../../avr/lib/avr51/libc.a(memcmp.o)
 .data          0x00800188        0x0 /usr/lib/gcc/avr/4.3.5/../../../avr/lib/avr51/libc.a(memcpy.o)
 .data          0x00800188        0x0 /usr/lib/gcc/avr/4.3.5/../../../avr/lib/avr51/libc.a(memset.o)
 .data          0x00800188        0x0 /usr/lib/gcc/avr/4.3.5/../../../avr/lib/avr51/libc.a(strcat.o)
 .data          0x00800188        0x0 /usr/lib/gcc/avr/4.3.5/../../../avr/lib/avr51/libc.a(strcpy.o)
 .data          0x00800188        0x0 /usr/lib/gcc/avr/4.3.5/../../../avr/lib/avr51/libc.a(strncmp.o)
 .data          0x00800188        0x0 /usr/lib/gcc/avr/4.3.5/../../../avr/lib/avr51/libc.a(strncpy.o)
 .data          0x00800188        0x0 /usr/lib/gcc/avr/4.3.5/../../../avr/lib/avr51/libc.a(fclose.o)
 .data          0x00800188        0x0 /usr/lib/gcc/avr/4.3.5/../../../avr/lib/avr51/libc.a(fgetc.o)
 .data          0x00800188        0x0 /usr/lib/gcc/avr/4.3.5/../../../avr/lib/avr51/libc.a(fprintf.o)
 .data          0x00800188        0x0 /usr/lib/gcc/avr/4.3.5/../../../avr/lib/avr51/libc.a(fprintf_p.o)
 .data          0x00800188        0x0 /usr/lib/gcc/avr/4.3.5/../../../avr/lib/avr51/libc.a(fputc.o)
 .data          0x00800188        0x0 /usr/lib/gcc/avr/4.3.5/../../../avr/lib/avr51/libc.a(fputs.o)
 .data          0x00800188        0x0 /usr/lib/gcc/avr/4.3.5/../../../avr/lib/avr51/libc.a(iob.o)
 .data          0x00800188        0x0 /usr/lib/gcc/avr/4.3.5/../../../avr/lib/avr51/libc.a(sprintf.o)
 .data          0x00800188        0x0 /usr/lib/gcc/avr/4.3.5/../../../avr/lib/avr51/libc.a(vfprintf_std.o)
 .data          0x00800188        0x0 /usr/lib/gcc/avr/4.3.5/../../../avr/lib/avr51/libc.a(eerd_block_atmega128.o)
 .data          0x00800188        0x0 /usr/lib/gcc/avr/4.3.5/../../../avr/lib/avr51/libc.a(eerd_dword_atmega128.o)
 .data          0x00800188        0x0 /usr/lib/gcc/avr/4.3.5/../../../avr/lib/avr51/libc.a(eerd_word_atmega128.o)
 .data          0x00800188        0x0 /usr/lib/gcc/avr/4.3.5/../../../avr/lib/avr51/libc.a(eeupd_block_atmega128.o)
 .data          0x00800188        0x0 /usr/lib/gcc/avr/4.3.5/../../../avr/lib/avr51/libc.a(eeupd_byte_atmega128.o)
 .data          0x00800188        0x0 /usr/lib/gcc/avr/4.3.5/../../../avr/lib/avr51/libc.a(eeupd_dword_atmega128.o)
 .data          0x00800188        0x0 /usr/lib/gcc/avr/4.3.5/../../../avr/lib/avr51/libc.a(eeupd_word_atmega128.o)
 .data          0x00800188        0x0 /usr/lib/gcc/avr/4.3.5/../../../avr/lib/avr51/libc.a(errno.o)
 .data          0x00800188        0x0 /usr/lib/gcc/avr/4.3.5/../../../avr/lib/avr51/libc.a(cty_isfalse.o)
 .data          0x00800188        0x0 /usr/lib/gcc/avr/4.3.5/../../../avr/lib/avr51/libc.a(strnlen_P.o)
 .data          0x00800188        0x0 /usr/lib/gcc/avr/4.3.5/../../../avr/lib/avr51/libc.a(strnlen.o)
 .data          0x00800188        0x0 /usr/lib/gcc/avr/4.3.5/../../../avr/lib/avr51/libc.a(ultoa_invert.o)
 .data          0x00800188        0x0 /usr/lib/gcc/avr/4.3.5/avr51/libgcc.a(_mulsi3.o)
 .data          0x00800188        0x0 /usr/lib/gcc/avr/4.3.5/avr51/libgcc.a(_udivmodsi4.o)
 *(.data*)
 *(.rodata)
 *(.rodata*)
 *(.gnu.linkonce.d*)
                0x00800188                . = ALIGN (0x2)
                0x00800188                _edata = .
                0x00800188                PROVIDE (__data_end, .)

.bss            0x00800188      0xe79
                0x00800188                PROVIDE (__bss_start, .)
 *(.bss)
 .bss           0x00800188        0x0 /usr/lib/gcc/avr/4.3.5/../../../avr/lib/avr51/crtm128.o
 .bss           0x00800188        0x1 main.o
                0x00800188                timer100Hz
 .bss           0x00800189        0x0 configuration.o
 .bss           0x00800189        0x5 serial.o
 .bss           0x0080018e        0x2 hardware.o
 .bss           0x00800190        0x0 sensors_task.o
 .bss           0x00800190        0x0 vty.o
 .bss           0x00800190        0x0 netstack_task.o
 .bss           0x00800190        0x0 cli_task.o
 .bss           0x00800190        0x0 ../../freeRtos/Lib/spi.o
 .bss           0x00800190        0x0 ../../freeRtos/Lib/memory_x.o
 .bss           0x00800190        0x0 ../../freeRtos/Lib/ramdysk.o
 .bss           0x00800190        0x0 ../../freeRtos/Lib/cmdline.o
 .bss           0x00800190        0x0 ../../freeRtos/Lib/xmodem.o
 .bss           0x00800190        0x0 ../../freeRtos/Lib/vt100.o
 .bss           0x00800190        0x0 ../../freeRtos/Lib/ds1305.o
 .bss           0x00800190        0x0 ../../freeRtos/Lib/mpc23s17.o
 .bss           0x00800190        0x0 ../../freeRtos/Lib/mcp3008.o
 .bss           0x00800190        0x0 ../../freeRtos/Lib/mcp4150.o
 .bss           0x00800190        0x3 ../../freeRtos/Lib/enc28j60.o
 .bss           0x00800193        0x0 ../../freeRtos/Lib/queueStream.o
 .bss           0x00800193        0x0 ../../freeRtos/Lib/net/nic.o
 .bss           0x00800193        0x0 ../../freeRtos/Lib/net/net.o
 .bss           0x00800193        0x0 ../../freeRtos/Lib/net/ip.o
 .bss           0x00800193        0x0 ../../freeRtos/Lib/net/icmp.o
 .bss           0x00800193        0x0 ../../freeRtos/Lib/net/arp.o
 .bss           0x00800193        0x0 ../../freeRtos/Lib/net/tcp.o
 .bss           0x00800193        0x0 ../../freeRtos/Lib/net/udp.o
 .bss           0x00800193        0x0 ../../freeRtos/Lib/net/ipv6.o
 .bss           0x00800193       0x10 ../../freeRtos/Lib/net/icmp6.o
 .bss           0x008001a3        0x0 ../../freeRtos/Lib/net/checksum.o
 .bss           0x008001a3        0x0 ../../freeRtos/Lib/net/uip-netif.o
 .bss           0x008001a3        0x5 ../../freeRtos/Lib/net/ipv6-nd.o
 .bss           0x008001a8        0x0 ../../freeRtos/Lib/net/tcp6.o
 .bss           0x008001a8        0x0 ../../freeRtos/Lib/Rs485_prot.o
 .bss           0x008001a8       0x89 ../../freeRtos/Source/tasks.o
                0x008001a8                pxCurrentTCB
 .bss           0x00800231        0x0 ../../freeRtos/Source/queue.o
 .bss           0x00800231        0x0 ../../freeRtos/Source/list.o
 .bss           0x00800231       0x31 ../../freeRtos/Source/croutine.o
                0x00800231                pxCurrentCoRoutine
 .bss           0x00800262      0xc1e ../../freeRtos/portable/MemMang/heap_avr.o
 .bss           0x00800e80        0x0 ../../freeRtos/portable/GCC/ATMega64/port.o
 .bss           0x00800e80        0x0 /usr/lib/gcc/avr/4.3.5/avr51/libgcc.a(_udivmodqi4.o)
 .bss           0x00800e80        0x0 /usr/lib/gcc/avr/4.3.5/avr51/libgcc.a(_udivmodhi4.o)
 .bss           0x00800e80        0x0 /usr/lib/gcc/avr/4.3.5/avr51/libgcc.a(_exit.o)
 .bss           0x00800e80        0x0 /usr/lib/gcc/avr/4.3.5/avr51/libgcc.a(_clear_bss.o)
 .bss           0x00800e80        0x0 /usr/lib/gcc/avr/4.3.5/../../../avr/lib/avr51/libc.a(malloc.o)
 .bss           0x00800e80        0x0 /usr/lib/gcc/avr/4.3.5/../../../avr/lib/avr51/libc.a(strtol.o)
 .bss           0x00800e80        0x0 /usr/lib/gcc/avr/4.3.5/../../../avr/lib/avr51/libc.a(isspace.o)
 .bss           0x00800e80        0x0 /usr/lib/gcc/avr/4.3.5/../../../avr/lib/avr51/libc.a(memcpy_P.o)
 .bss           0x00800e80        0x0 /usr/lib/gcc/avr/4.3.5/../../../avr/lib/avr51/libc.a(strncmp_P.o)
 .bss           0x00800e80        0x0 /usr/lib/gcc/avr/4.3.5/../../../avr/lib/avr51/libc.a(memcmp.o)
 .bss           0x00800e80        0x0 /usr/lib/gcc/avr/4.3.5/../../../avr/lib/avr51/libc.a(memcpy.o)
 .bss           0x00800e80        0x0 /usr/lib/gcc/avr/4.3.5/../../../avr/lib/avr51/libc.a(memset.o)
 .bss           0x00800e80        0x0 /usr/lib/gcc/avr/4.3.5/../../../avr/lib/avr51/libc.a(strcat.o)
 .bss           0x00800e80        0x0 /usr/lib/gcc/avr/4.3.5/../../../avr/lib/avr51/libc.a(strcpy.o)
 .bss           0x00800e80        0x0 /usr/lib/gcc/avr/4.3.5/../../../avr/lib/avr51/libc.a(strncmp.o)
 .bss           0x00800e80        0x0 /usr/lib/gcc/avr/4.3.5/../../../avr/lib/avr51/libc.a(strncpy.o)
 .bss           0x00800e80        0x0 /usr/lib/gcc/avr/4.3.5/../../../avr/lib/avr51/libc.a(fclose.o)
 .bss           0x00800e80        0x0 /usr/lib/gcc/avr/4.3.5/../../../avr/lib/avr51/libc.a(fgetc.o)
 .bss           0x00800e80        0x0 /usr/lib/gcc/avr/4.3.5/../../../avr/lib/avr51/libc.a(fprintf.o)
 .bss           0x00800e80        0x0 /usr/lib/gcc/avr/4.3.5/../../../avr/lib/avr51/libc.a(fprintf_p.o)
 .bss           0x00800e80        0x0 /usr/lib/gcc/avr/4.3.5/../../../avr/lib/avr51/libc.a(fputc.o)
 .bss           0x00800e80        0x0 /usr/lib/gcc/avr/4.3.5/../../../avr/lib/avr51/libc.a(fputs.o)
 .bss           0x00800e80        0x0 /usr/lib/gcc/avr/4.3.5/../../../avr/lib/avr51/libc.a(iob.o)
 .bss           0x00800e80        0x0 /usr/lib/gcc/avr/4.3.5/../../../avr/lib/avr51/libc.a(sprintf.o)
 .bss           0x00800e80        0x0 /usr/lib/gcc/avr/4.3.5/../../../avr/lib/avr51/libc.a(vfprintf_std.o)
 .bss           0x00800e80        0x0 /usr/lib/gcc/avr/4.3.5/../../../avr/lib/avr51/libc.a(eerd_block_atmega128.o)
 .bss           0x00800e80        0x0 /usr/lib/gcc/avr/4.3.5/../../../avr/lib/avr51/libc.a(eerd_dword_atmega128.o)
 .bss           0x00800e80        0x0 /usr/lib/gcc/avr/4.3.5/../../../avr/lib/avr51/libc.a(eerd_word_atmega128.o)
 .bss           0x00800e80        0x0 /usr/lib/gcc/avr/4.3.5/../../../avr/lib/avr51/libc.a(eeupd_block_atmega128.o)
 .bss           0x00800e80        0x0 /usr/lib/gcc/avr/4.3.5/../../../avr/lib/avr51/libc.a(eeupd_byte_atmega128.o)
 .bss           0x00800e80        0x0 /usr/lib/gcc/avr/4.3.5/../../../avr/lib/avr51/libc.a(eeupd_dword_atmega128.o)
 .bss           0x00800e80        0x0 /usr/lib/gcc/avr/4.3.5/../../../avr/lib/avr51/libc.a(eeupd_word_atmega128.o)
 .bss           0x00800e80        0x0 /usr/lib/gcc/avr/4.3.5/../../../avr/lib/avr51/libc.a(errno.o)
 .bss           0x00800e80        0x0 /usr/lib/gcc/avr/4.3.5/../../../avr/lib/avr51/libc.a(cty_isfalse.o)
 .bss           0x00800e80        0x0 /usr/lib/gcc/avr/4.3.5/../../../avr/lib/avr51/libc.a(strnlen_P.o)
 .bss           0x00800e80        0x0 /usr/lib/gcc/avr/4.3.5/../../../avr/lib/avr51/libc.a(strnlen.o)
 .bss           0x00800e80        0x0 /usr/lib/gcc/avr/4.3.5/../../../avr/lib/avr51/libc.a(ultoa_invert.o)
 .bss           0x00800e80        0x0 /usr/lib/gcc/avr/4.3.5/avr51/libgcc.a(_mulsi3.o)
 .bss           0x00800e80        0x0 /usr/lib/gcc/avr/4.3.5/avr51/libgcc.a(_udivmodsi4.o)
 *(.bss*)
 *(COMMON)
 COMMON         0x00800e80       0xff main.o
                0x00800e80                usbStream
                0x00800e8e                portB
                0x00800e8f                uip_netif_physical_if
                0x00800e91                wwwport
                0x00800e92                xVtyTx
                0x00800e94                udpDbgLevel
                0x00800e95                nicState
                0x00800ea3                arpDebug
                0x00800ea5                udpStream
                0x00800eb3                xRs485Rec
                0x00800eb5                CLIStateSerialUsb
                0x00800eb7                lockSensors
                0x00800eb9                udpSocket
                0x00800ebb                temperature
                0x00800ebc                tcpDebugLevel
                0x00800ebd                xHandleSensors
                0x00800ebf                rollers
                0x00800ec1                icmpDebug
                0x00800ec3                voltage
                0x00800ec4                xVtyRec
                0x00800ec6                xSemaphoreRs485
                0x00800ec8                plen
                0x00800eca                xHandleVTY_UDP
                0x00800ecc                czasRtc
                0x00800ed3                xHandleVTY_USB
                0x00800ed5                sockets
                0x00800ed7                xSemaphoreSpiSS
                0x00800ed9                udpDbgStream
                0x00800edb                portA
                0x00800edc                xRs485Tx
                0x00800ede                udpBuffers
                0x00800ee2                klastry
                0x00800f62                xHandleEnc
                0x00800f64                debugStream
                0x00800f66                icmpDebugLevel
                0x00800f67                tcpDebugStream
                0x00800f69                uip_ext_len
                0x00800f6a                IpMyConfig
                0x00800f79                uip_ext_opt_offset
                0x00800f7a                entries
                0x00800f7c                arpDebugLevel
                0x00800f7d                CLIStateSerialUdp
 COMMON         0x00800f7f        0x2 hardware.o
                0x00800f7f                xSpiRx
 COMMON         0x00800f81        0x6 vty.o
                0x00800f81                fdVty
 COMMON         0x00800f87       0x6e ../../freeRtos/Lib/net/arp.o
                0x00800f87                ArpTable
 COMMON         0x00800ff5        0x4 /usr/lib/gcc/avr/4.3.5/../../../avr/lib/avr51/libc.a(malloc.o)
                0x00800ff5                __brkval
                0x00800ff7                __flp
 COMMON         0x00800ff9        0x6 /usr/lib/gcc/avr/4.3.5/../../../avr/lib/avr51/libc.a(iob.o)
                0x00800ff9                __iob
 COMMON         0x00800fff        0x2 /usr/lib/gcc/avr/4.3.5/../../../avr/lib/avr51/libc.a(errno.o)
                0x00800fff                errno
                0x00801001                PROVIDE (__bss_end, .)
                0x0000f69c                __data_load_start = LOADADDR (.data)
                0x0000f724                __data_load_end = (__data_load_start + SIZEOF (.data))

.noinit         0x00801001        0x0
                0x00801001                PROVIDE (__noinit_start, .)
 *(.noinit*)
                0x00801001                PROVIDE (__noinit_end, .)
                0x00801001                _end = .
                0x00801001                PROVIDE (__heap_start, .)

.eeprom         0x00810000       0x32
 *(.eeprom*)
 .eeprom        0x00810000       0x18 configuration.o
 .eeprom        0x00810018        0x6 ../../freeRtos/Lib/net/nic.o
 .eeprom        0x0081001e        0xc ../../freeRtos/Lib/net/ip.o
 .eeprom        0x0081002a        0x8 ../../freeRtos/Lib/net/udp.o
                0x00810032                __eeprom_end = .

.fuse
 *(.fuse)
 *(.lfuse)
 *(.hfuse)
 *(.efuse)

.lock
 *(.lock*)

.signature
 *(.signature*)

.stab           0x00000000    0x1f5e4
 *(.stab)
 .stab          0x00000000      0x750 /usr/lib/gcc/avr/4.3.5/../../../avr/lib/avr51/crtm128.o
 .stab          0x00000750     0x10e0 main.o
                               0x10ec (size before relaxing)
 .stab          0x00001830      0x60c configuration.o
                                0xe88 (size before relaxing)
 .stab          0x00001e3c     0x11b8 serial.o
                               0x1758 (size before relaxing)
 .stab          0x00002ff4      0xf18 hardware.o
                               0x1884 (size before relaxing)
 .stab          0x00003f0c      0x5b8 sensors_task.o
                                0xf18 (size before relaxing)
 .stab          0x000044c4     0x24c0 vty.o
                               0x2e38 (size before relaxing)
 .stab          0x00006984      0x72c netstack_task.o
                               0x108c (size before relaxing)
 .stab          0x000070b0      0x378 cli_task.o
                                0x684 (size before relaxing)
 .stab          0x00007428      0x78c ../../freeRtos/Lib/spi.o
                               0x10f8 (size before relaxing)
 .stab          0x00007bb4      0x1d4 ../../freeRtos/Lib/memory_x.o
                                0x240 (size before relaxing)
 .stab          0x00007d88     0x1b3c ../../freeRtos/Lib/ramdysk.o
                               0x2448 (size before relaxing)
 .stab          0x000098c4     0x1614 ../../freeRtos/Lib/cmdline.o
                               0x1f8c (size before relaxing)
 .stab          0x0000aed8      0x480 ../../freeRtos/Lib/xmodem.o
                                0xdf8 (size before relaxing)
 .stab          0x0000b358      0x66c ../../freeRtos/Lib/vt100.o
                                0xfd8 (size before relaxing)
 .stab          0x0000b9c4      0x7c8 ../../freeRtos/Lib/ds1305.o
                                0xb4c (size before relaxing)
 .stab          0x0000c18c      0xd80 ../../freeRtos/Lib/mpc23s17.o
                               0x1704 (size before relaxing)
 .stab          0x0000cf0c      0x6d8 ../../freeRtos/Lib/mcp3008.o
                               0x1050 (size before relaxing)
 .stab          0x0000d5e4      0x5a0 ../../freeRtos/Lib/mcp4150.o
                                0xf18 (size before relaxing)
 .stab          0x0000db84     0x114c ../../freeRtos/Lib/enc28j60.o
                               0x1aac (size before relaxing)
 .stab          0x0000ecd0      0x33c ../../freeRtos/Lib/queueStream.o
                                0x5e8 (size before relaxing)
 .stab          0x0000f00c      0x570 ../../freeRtos/Lib/net/nic.o
                                0x834 (size before relaxing)
 .stab          0x0000f57c      0x7f8 ../../freeRtos/Lib/net/net.o
                                0xb34 (size before relaxing)
 .stab          0x0000fd74      0xab0 ../../freeRtos/Lib/net/ip.o
                                0xfb4 (size before relaxing)
 .stab          0x00010824      0x6cc ../../freeRtos/Lib/net/icmp.o
                                0xc18 (size before relaxing)
 .stab          0x00010ef0      0xb88 ../../freeRtos/Lib/net/arp.o
                               0x10d4 (size before relaxing)
 .stab          0x00011a78      0xa74 ../../freeRtos/Lib/net/tcp.o
                                0xf60 (size before relaxing)
 .stab          0x000124ec      0x8b8 ../../freeRtos/Lib/net/udp.o
                                0xe04 (size before relaxing)
 .stab          0x00012da4      0xe04 ../../freeRtos/Lib/net/ipv6.o
                               0x135c (size before relaxing)
 .stab          0x00013ba8      0x438 ../../freeRtos/Lib/net/icmp6.o
                                0xa2c (size before relaxing)
 .stab          0x00013fe0      0x60c ../../freeRtos/Lib/net/checksum.o
                                0xc00 (size before relaxing)
 .stab          0x000145ec      0x558 ../../freeRtos/Lib/net/uip-netif.o
                                0xb58 (size before relaxing)
 .stab          0x00014b44      0xa2c ../../freeRtos/Lib/net/ipv6-nd.o
                               0x102c (size before relaxing)
 .stab          0x00015570      0xb64 ../../freeRtos/Lib/net/tcp6.o
                               0x114c (size before relaxing)
 .stab          0x000160d4     0x20c4 ../../freeRtos/Lib/Rs485_prot.o
                               0x2a0c (size before relaxing)
 .stab          0x00018198     0x1a04 ../../freeRtos/Source/tasks.o
                               0x1d7c (size before relaxing)
 .stab          0x00019b9c     0x105c ../../freeRtos/Source/queue.o
                               0x12e4 (size before relaxing)
 .stab          0x0001abf8      0x534 ../../freeRtos/Source/list.o
                                0x810 (size before relaxing)
 .stab          0x0001b12c      0x738 ../../freeRtos/Source/croutine.o
                                0xa74 (size before relaxing)
 .stab          0x0001b864      0x36c ../../freeRtos/portable/MemMang/heap_avr.o
                                0x6a8 (size before relaxing)
 .stab          0x0001bbd0      0x624 ../../freeRtos/portable/GCC/ATMega64/port.o
                                0x960 (size before relaxing)
 .stab          0x0001c1f4      0x6cc /usr/lib/gcc/avr/4.3.5/../../../avr/lib/avr51/libc.a(malloc.o)
                                0x6fc (size before relaxing)
 .stab          0x0001c8c0      0x3a8 /usr/lib/gcc/avr/4.3.5/../../../avr/lib/avr51/libc.a(strtol.o)
                                0x408 (size before relaxing)
 .stab          0x0001cc68       0x9c /usr/lib/gcc/avr/4.3.5/../../../avr/lib/avr51/libc.a(isspace.o)
                                 0xa8 (size before relaxing)
 .stab          0x0001cd04       0x84 /usr/lib/gcc/avr/4.3.5/../../../avr/lib/avr51/libc.a(memcpy_P.o)
                                 0x90 (size before relaxing)
 .stab          0x0001cd88       0xc0 /usr/lib/gcc/avr/4.3.5/../../../avr/lib/avr51/libc.a(strncmp_P.o)
                                 0xcc (size before relaxing)
 .stab          0x0001ce48       0xb4 /usr/lib/gcc/avr/4.3.5/../../../avr/lib/avr51/libc.a(memcmp.o)
                                 0xc0 (size before relaxing)
 .stab          0x0001cefc       0x84 /usr/lib/gcc/avr/4.3.5/../../../avr/lib/avr51/libc.a(memcpy.o)
                                 0x90 (size before relaxing)
 .stab          0x0001cf80       0x6c /usr/lib/gcc/avr/4.3.5/../../../avr/lib/avr51/libc.a(memset.o)
                                 0x78 (size before relaxing)
 .stab          0x0001cfec       0x9c /usr/lib/gcc/avr/4.3.5/../../../avr/lib/avr51/libc.a(strcat.o)
                                 0xa8 (size before relaxing)
 .stab          0x0001d088       0x6c /usr/lib/gcc/avr/4.3.5/../../../avr/lib/avr51/libc.a(strcpy.o)
                                 0x78 (size before relaxing)
 .stab          0x0001d0f4       0xc0 /usr/lib/gcc/avr/4.3.5/../../../avr/lib/avr51/libc.a(strncmp.o)
                                 0xcc (size before relaxing)
 .stab          0x0001d1b4       0xcc /usr/lib/gcc/avr/4.3.5/../../../avr/lib/avr51/libc.a(strncpy.o)
                                 0xd8 (size before relaxing)
 .stab          0x0001d280      0x204 /usr/lib/gcc/avr/4.3.5/../../../avr/lib/avr51/libc.a(fclose.o)
                                0x414 (size before relaxing)
 .stab          0x0001d484      0x24c /usr/lib/gcc/avr/4.3.5/../../../avr/lib/avr51/libc.a(fgetc.o)
                                0x42c (size before relaxing)
 .stab          0x0001d6d0      0x198 /usr/lib/gcc/avr/4.3.5/../../../avr/lib/avr51/libc.a(fprintf.o)
                                0x378 (size before relaxing)
 .stab          0x0001d868      0x1bc /usr/lib/gcc/avr/4.3.5/../../../avr/lib/avr51/libc.a(fprintf_p.o)
                                0x39c (size before relaxing)
 .stab          0x0001da24      0x1d4 /usr/lib/gcc/avr/4.3.5/../../../avr/lib/avr51/libc.a(fputc.o)
                                0x3b4 (size before relaxing)
 .stab          0x0001dbf8      0x1d4 /usr/lib/gcc/avr/4.3.5/../../../avr/lib/avr51/libc.a(fputs.o)
                                0x3b4 (size before relaxing)
 .stab          0x0001ddcc      0x12c /usr/lib/gcc/avr/4.3.5/../../../avr/lib/avr51/libc.a(iob.o)
                                0x30c (size before relaxing)
 .stab          0x0001def8      0x1f8 /usr/lib/gcc/avr/4.3.5/../../../avr/lib/avr51/libc.a(sprintf.o)
                                0x3d8 (size before relaxing)
 .stab          0x0001e0f0      0x918 /usr/lib/gcc/avr/4.3.5/../../../avr/lib/avr51/libc.a(vfprintf_std.o)
                                0xb58 (size before relaxing)
 .stab          0x0001ea08      0x108 /usr/lib/gcc/avr/4.3.5/../../../avr/lib/avr51/libc.a(eerd_block_atmega128.o)
                                0x114 (size before relaxing)
 .stab          0x0001eb10       0x78 /usr/lib/gcc/avr/4.3.5/../../../avr/lib/avr51/libc.a(eerd_dword_atmega128.o)
                                 0x84 (size before relaxing)
 .stab          0x0001eb88       0x6c /usr/lib/gcc/avr/4.3.5/../../../avr/lib/avr51/libc.a(eerd_word_atmega128.o)
                                 0x78 (size before relaxing)
 .stab          0x0001ebf4       0xe4 /usr/lib/gcc/avr/4.3.5/../../../avr/lib/avr51/libc.a(eeupd_block_atmega128.o)
                                 0xf0 (size before relaxing)
 .stab          0x0001ecd8      0x108 /usr/lib/gcc/avr/4.3.5/../../../avr/lib/avr51/libc.a(eeupd_byte_atmega128.o)
                                0x114 (size before relaxing)
 .stab          0x0001ede0       0x9c /usr/lib/gcc/avr/4.3.5/../../../avr/lib/avr51/libc.a(eeupd_dword_atmega128.o)
                                 0xa8 (size before relaxing)
 .stab          0x0001ee7c       0x60 /usr/lib/gcc/avr/4.3.5/../../../avr/lib/avr51/libc.a(eeupd_word_atmega128.o)
                                 0x6c (size before relaxing)
 .stab          0x0001eedc       0xf0 /usr/lib/gcc/avr/4.3.5/../../../avr/lib/avr51/libc.a(errno.o)
                                 0xfc (size before relaxing)
 .stab          0x0001efcc       0x60 /usr/lib/gcc/avr/4.3.5/../../../avr/lib/avr51/libc.a(cty_isfalse.o)
                                 0x6c (size before relaxing)
 .stab          0x0001f02c       0x9c /usr/lib/gcc/avr/4.3.5/../../../avr/lib/avr51/libc.a(strnlen_P.o)
                                 0xa8 (size before relaxing)
 .stab          0x0001f0c8       0x9c /usr/lib/gcc/avr/4.3.5/../../../avr/lib/avr51/libc.a(strnlen.o)
                                 0xa8 (size before relaxing)
 .stab          0x0001f164      0x480 /usr/lib/gcc/avr/4.3.5/../../../avr/lib/avr51/libc.a(ultoa_invert.o)
                                0x48c (size before relaxing)

.stabstr        0x00000000    0x103ec
 *(.stabstr)
 .stabstr       0x00000000    0x103ec /usr/lib/gcc/avr/4.3.5/../../../avr/lib/avr51/crtm128.o

.stab.excl
 *(.stab.excl)

.stab.exclstr
 *(.stab.exclstr)

.stab.index
 *(.stab.index)

.stab.indexstr
 *(.stab.indexstr)

.comment
 *(.comment)

.debug
 *(.debug)

.line
 *(.line)

.debug_srcinfo
 *(.debug_srcinfo)

.debug_sfnames
 *(.debug_sfnames)

.debug_aranges
 *(.debug_aranges)

.debug_pubnames
 *(.debug_pubnames)

.debug_info
 *(.debug_info)
 *(.gnu.linkonce.wi.*)

.debug_abbrev
 *(.debug_abbrev)

.debug_line
 *(.debug_line)

.debug_frame
 *(.debug_frame)

.debug_str
 *(.debug_str)

.debug_loc
 *(.debug_loc)

.debug_macinfo
 *(.debug_macinfo)
OUTPUT(firmware.elf elf32-avr)
LOAD linker stubs

Cross Reference Table

Symbol                                            File
ArpTable                                          ../../freeRtos/Lib/net/arp.o
BladBuforaPozostaloBajtowStr                      vty.o
CLIStateSerialUdp                                 main.o
CLIStateSerialUsb                                 main.o
CmdlineCmdNotFound                                ../../freeRtos/Lib/cmdline.o
CmdlineNotice                                     ../../freeRtos/Lib/cmdline.o
CmdlinePromptConfigure                            ../../freeRtos/Lib/cmdline.o
CmdlinePromptEnable                               ../../freeRtos/Lib/cmdline.o
CmdlinePromptNormal                               ../../freeRtos/Lib/cmdline.o
InterruptVtyOn                                    serial.o
IpMyConfig                                        ../../freeRtos/Lib/Rs485_prot.o
                                                  ../../freeRtos/Lib/net/tcp6.o
                                                  ../../freeRtos/Lib/net/ipv6-nd.o
                                                  ../../freeRtos/Lib/net/uip-netif.o
                                                  ../../freeRtos/Lib/net/checksum.o
                                                  ../../freeRtos/Lib/net/icmp6.o
                                                  ../../freeRtos/Lib/net/ipv6.o
                                                  ../../freeRtos/Lib/net/udp.o
                                                  ../../freeRtos/Lib/net/tcp.o
                                                  ../../freeRtos/Lib/net/arp.o
                                                  ../../freeRtos/Lib/net/icmp.o
                                                  ../../freeRtos/Lib/net/ip.o
                                                  ../../freeRtos/Lib/enc28j60.o
                                                  ../../freeRtos/Lib/mcp4150.o
                                                  ../../freeRtos/Lib/mcp3008.o
                                                  ../../freeRtos/Lib/mpc23s17.o
                                                  ../../freeRtos/Lib/vt100.o
                                                  ../../freeRtos/Lib/xmodem.o
                                                  ../../freeRtos/Lib/cmdline.o
                                                  ../../freeRtos/Lib/ramdysk.o
                                                  ../../freeRtos/Lib/spi.o
                                                  netstack_task.o
                                                  vty.o
                                                  sensors_task.o
                                                  hardware.o
                                                  serial.o
                                                  configuration.o
                                                  main.o
LockersMemInit                                    hardware.o
                                                  sensors_task.o
MCP3008_getSampleDiff                             ../../freeRtos/Lib/mcp3008.o
MCP3008_getSampleSingle                           ../../freeRtos/Lib/mcp3008.o
                                                  vty.o
                                                  sensors_task.o
                                                  hardware.o
MCP4150_setValue                                  ../../freeRtos/Lib/mcp4150.o
                                                  vty.o
MPC23s17ClearBitsOnPortA                          ../../freeRtos/Lib/mpc23s17.o
                                                  hardware.o
MPC23s17ClearBitsOnPortB                          ../../freeRtos/Lib/mpc23s17.o
MPC23s17ReadPortA                                 ../../freeRtos/Lib/mpc23s17.o
MPC23s17ReadPortB                                 ../../freeRtos/Lib/mpc23s17.o
MPC23s17SetBitsOnPortA                            ../../freeRtos/Lib/mpc23s17.o
                                                  hardware.o
MPC23s17SetBitsOnPortB                            ../../freeRtos/Lib/mpc23s17.o
MPC23s17SetDirA                                   ../../freeRtos/Lib/mpc23s17.o
                                                  vty.o
                                                  sensors_task.o
MPC23s17SetDirB                                   ../../freeRtos/Lib/mpc23s17.o
                                                  vty.o
                                                  sensors_task.o
MPC23s17SetPortA                                  ../../freeRtos/Lib/mpc23s17.o
                                                  vty.o
MPC23s17SetPortB                                  ../../freeRtos/Lib/mpc23s17.o
                                                  vty.o
VtyGetChar                                        serial.o
VtyInit                                           vty.o
                                                  main.o
VtyPutChar                                        serial.o
__bad_interrupt                                   /usr/lib/gcc/avr/4.3.5/../../../avr/lib/avr51/crtm128.o
__brkval                                          /usr/lib/gcc/avr/4.3.5/../../../avr/lib/avr51/libc.a(malloc.o)
__bss_end                                         /usr/lib/gcc/avr/4.3.5/avr51/libgcc.a(_clear_bss.o)
__bss_start                                       /usr/lib/gcc/avr/4.3.5/avr51/libgcc.a(_clear_bss.o)
__ctype_isfalse                                   /usr/lib/gcc/avr/4.3.5/../../../avr/lib/avr51/libc.a(cty_isfalse.o)
                                                  /usr/lib/gcc/avr/4.3.5/../../../avr/lib/avr51/libc.a(isspace.o)
__ctype_istrue                                    /usr/lib/gcc/avr/4.3.5/../../../avr/lib/avr51/libc.a(cty_isfalse.o)
__data_end                                        /usr/lib/gcc/avr/4.3.5/../../../avr/lib/avr51/crtm128.o
__data_load_start                                 /usr/lib/gcc/avr/4.3.5/../../../avr/lib/avr51/crtm128.o
__data_start                                      /usr/lib/gcc/avr/4.3.5/../../../avr/lib/avr51/crtm128.o
__do_clear_bss                                    /usr/lib/gcc/avr/4.3.5/avr51/libgcc.a(_clear_bss.o)
                                                  /usr/lib/gcc/avr/4.3.5/../../../avr/lib/avr51/libc.a(errno.o)
                                                  /usr/lib/gcc/avr/4.3.5/../../../avr/lib/avr51/libc.a(iob.o)
                                                  /usr/lib/gcc/avr/4.3.5/../../../avr/lib/avr51/libc.a(malloc.o)
                                                  ../../freeRtos/portable/MemMang/heap_avr.o
                                                  ../../freeRtos/Source/croutine.o
                                                  ../../freeRtos/Source/tasks.o
                                                  ../../freeRtos/Lib/Rs485_prot.o
                                                  ../../freeRtos/Lib/net/tcp6.o
                                                  ../../freeRtos/Lib/net/ipv6-nd.o
                                                  ../../freeRtos/Lib/net/uip-netif.o
                                                  ../../freeRtos/Lib/net/checksum.o
                                                  ../../freeRtos/Lib/net/icmp6.o
                                                  ../../freeRtos/Lib/net/ipv6.o
                                                  ../../freeRtos/Lib/net/udp.o
                                                  ../../freeRtos/Lib/net/tcp.o
                                                  ../../freeRtos/Lib/net/arp.o
                                                  ../../freeRtos/Lib/net/icmp.o
                                                  ../../freeRtos/Lib/net/ip.o
                                                  ../../freeRtos/Lib/net/net.o
                                                  ../../freeRtos/Lib/net/nic.o
                                                  ../../freeRtos/Lib/enc28j60.o
                                                  ../../freeRtos/Lib/mcp4150.o
                                                  ../../freeRtos/Lib/mcp3008.o
                                                  ../../freeRtos/Lib/mpc23s17.o
                                                  ../../freeRtos/Lib/ds1305.o
                                                  ../../freeRtos/Lib/vt100.o
                                                  ../../freeRtos/Lib/xmodem.o
                                                  ../../freeRtos/Lib/cmdline.o
                                                  ../../freeRtos/Lib/ramdysk.o
                                                  ../../freeRtos/Lib/spi.o
                                                  cli_task.o
                                                  netstack_task.o
                                                  vty.o
                                                  sensors_task.o
                                                  hardware.o
                                                  serial.o
                                                  configuration.o
                                                  main.o
__do_copy_data                                    /usr/lib/gcc/avr/4.3.5/../../../avr/lib/avr51/crtm128.o
                                                  /usr/lib/gcc/avr/4.3.5/../../../avr/lib/avr51/libc.a(malloc.o)
                                                  ../../freeRtos/Source/tasks.o
                                                  ../../freeRtos/Lib/net/icmp.o
                                                  ../../freeRtos/Lib/net/ip.o
                                                  ../../freeRtos/Lib/vt100.o
                                                  ../../freeRtos/Lib/ramdysk.o
                                                  ../../freeRtos/Lib/memory_x.o
                                                  serial.o
                                                  main.o
__eerd_block_m128                                 /usr/lib/gcc/avr/4.3.5/../../../avr/lib/avr51/libc.a(eerd_block_atmega128.o)
                                                  ../../freeRtos/Lib/net/nic.o
                                                  configuration.o
__eerd_blraw_m128                                 /usr/lib/gcc/avr/4.3.5/../../../avr/lib/avr51/libc.a(eerd_block_atmega128.o)
                                                  /usr/lib/gcc/avr/4.3.5/../../../avr/lib/avr51/libc.a(eerd_word_atmega128.o)
                                                  /usr/lib/gcc/avr/4.3.5/../../../avr/lib/avr51/libc.a(eerd_dword_atmega128.o)
__eerd_dword_m128                                 /usr/lib/gcc/avr/4.3.5/../../../avr/lib/avr51/libc.a(eerd_dword_atmega128.o)
                                                  ../../freeRtos/Lib/net/udp.o
                                                  ../../freeRtos/Lib/net/ip.o
__eerd_float_m128                                 /usr/lib/gcc/avr/4.3.5/../../../avr/lib/avr51/libc.a(eerd_dword_atmega128.o)
__eerd_word_m128                                  /usr/lib/gcc/avr/4.3.5/../../../avr/lib/avr51/libc.a(eerd_word_atmega128.o)
                                                  ../../freeRtos/Lib/net/udp.o
__eeupd_block_m128                                /usr/lib/gcc/avr/4.3.5/../../../avr/lib/avr51/libc.a(eeupd_block_atmega128.o)
                                                  ../../freeRtos/Lib/net/nic.o
__eeupd_byte_m128                                 /usr/lib/gcc/avr/4.3.5/../../../avr/lib/avr51/libc.a(eeupd_byte_atmega128.o)
                                                  /usr/lib/gcc/avr/4.3.5/../../../avr/lib/avr51/libc.a(eeupd_word_atmega128.o)
                                                  /usr/lib/gcc/avr/4.3.5/../../../avr/lib/avr51/libc.a(eeupd_dword_atmega128.o)
__eeupd_dword_m128                                /usr/lib/gcc/avr/4.3.5/../../../avr/lib/avr51/libc.a(eeupd_dword_atmega128.o)
                                                  ../../freeRtos/Lib/net/udp.o
                                                  ../../freeRtos/Lib/net/ip.o
__eeupd_float_m128                                /usr/lib/gcc/avr/4.3.5/../../../avr/lib/avr51/libc.a(eeupd_dword_atmega128.o)
__eeupd_r18_m128                                  /usr/lib/gcc/avr/4.3.5/../../../avr/lib/avr51/libc.a(eeupd_byte_atmega128.o)
                                                  /usr/lib/gcc/avr/4.3.5/../../../avr/lib/avr51/libc.a(eeupd_word_atmega128.o)
                                                  /usr/lib/gcc/avr/4.3.5/../../../avr/lib/avr51/libc.a(eeupd_dword_atmega128.o)
                                                  /usr/lib/gcc/avr/4.3.5/../../../avr/lib/avr51/libc.a(eeupd_block_atmega128.o)
__eeupd_word_m128                                 /usr/lib/gcc/avr/4.3.5/../../../avr/lib/avr51/libc.a(eeupd_word_atmega128.o)
                                                  ../../freeRtos/Lib/net/udp.o
__flp                                             /usr/lib/gcc/avr/4.3.5/../../../avr/lib/avr51/libc.a(malloc.o)
__heap_end                                        /usr/lib/gcc/avr/4.3.5/../../../avr/lib/avr51/crtm128.o
                                                  /usr/lib/gcc/avr/4.3.5/../../../avr/lib/avr51/libc.a(malloc.o)
__heap_start                                      /usr/lib/gcc/avr/4.3.5/../../../avr/lib/avr51/libc.a(malloc.o)
__init                                            /usr/lib/gcc/avr/4.3.5/../../../avr/lib/avr51/crtm128.o
__iob                                             /usr/lib/gcc/avr/4.3.5/../../../avr/lib/avr51/libc.a(iob.o)
                                                  /usr/lib/gcc/avr/4.3.5/../../../avr/lib/avr51/libc.a(fclose.o)
__malloc_heap_end                                 /usr/lib/gcc/avr/4.3.5/../../../avr/lib/avr51/libc.a(malloc.o)
                                                  ../../freeRtos/Lib/memory_x.o
__malloc_heap_start                               /usr/lib/gcc/avr/4.3.5/../../../avr/lib/avr51/libc.a(malloc.o)
__malloc_margin                                   /usr/lib/gcc/avr/4.3.5/../../../avr/lib/avr51/libc.a(malloc.o)
__mulsi3                                          /usr/lib/gcc/avr/4.3.5/avr51/libgcc.a(_mulsi3.o)
                                                  /usr/lib/gcc/avr/4.3.5/../../../avr/lib/avr51/libc.a(strtol.o)
__stack                                           /usr/lib/gcc/avr/4.3.5/../../../avr/lib/avr51/crtm128.o
__udivmodhi4                                      /usr/lib/gcc/avr/4.3.5/avr51/libgcc.a(_udivmodhi4.o)
                                                  sensors_task.o
__udivmodqi4                                      /usr/lib/gcc/avr/4.3.5/avr51/libgcc.a(_udivmodqi4.o)
                                                  vty.o
__udivmodsi4                                      /usr/lib/gcc/avr/4.3.5/avr51/libgcc.a(_udivmodsi4.o)
                                                  /usr/lib/gcc/avr/4.3.5/../../../avr/lib/avr51/libc.a(strtol.o)
__ultoa_invert                                    /usr/lib/gcc/avr/4.3.5/../../../avr/lib/avr51/libc.a(ultoa_invert.o)
                                                  /usr/lib/gcc/avr/4.3.5/../../../avr/lib/avr51/libc.a(vfprintf_std.o)
__vector_1                                        /usr/lib/gcc/avr/4.3.5/../../../avr/lib/avr51/crtm128.o
__vector_10                                       /usr/lib/gcc/avr/4.3.5/../../../avr/lib/avr51/crtm128.o
__vector_11                                       /usr/lib/gcc/avr/4.3.5/../../../avr/lib/avr51/crtm128.o
__vector_12                                       ../../freeRtos/portable/GCC/ATMega64/port.o
                                                  /usr/lib/gcc/avr/4.3.5/../../../avr/lib/avr51/crtm128.o
__vector_13                                       /usr/lib/gcc/avr/4.3.5/../../../avr/lib/avr51/crtm128.o
__vector_14                                       /usr/lib/gcc/avr/4.3.5/../../../avr/lib/avr51/crtm128.o
__vector_15                                       /usr/lib/gcc/avr/4.3.5/../../../avr/lib/avr51/crtm128.o
__vector_16                                       /usr/lib/gcc/avr/4.3.5/../../../avr/lib/avr51/crtm128.o
__vector_17                                       hardware.o
                                                  /usr/lib/gcc/avr/4.3.5/../../../avr/lib/avr51/crtm128.o
__vector_18                                       serial.o
                                                  /usr/lib/gcc/avr/4.3.5/../../../avr/lib/avr51/crtm128.o
__vector_19                                       serial.o
                                                  /usr/lib/gcc/avr/4.3.5/../../../avr/lib/avr51/crtm128.o
__vector_2                                        /usr/lib/gcc/avr/4.3.5/../../../avr/lib/avr51/crtm128.o
__vector_20                                       serial.o
                                                  /usr/lib/gcc/avr/4.3.5/../../../avr/lib/avr51/crtm128.o
__vector_21                                       /usr/lib/gcc/avr/4.3.5/../../../avr/lib/avr51/crtm128.o
__vector_22                                       /usr/lib/gcc/avr/4.3.5/../../../avr/lib/avr51/crtm128.o
__vector_23                                       /usr/lib/gcc/avr/4.3.5/../../../avr/lib/avr51/crtm128.o
__vector_24                                       /usr/lib/gcc/avr/4.3.5/../../../avr/lib/avr51/crtm128.o
__vector_25                                       /usr/lib/gcc/avr/4.3.5/../../../avr/lib/avr51/crtm128.o
__vector_26                                       /usr/lib/gcc/avr/4.3.5/../../../avr/lib/avr51/crtm128.o
__vector_27                                       /usr/lib/gcc/avr/4.3.5/../../../avr/lib/avr51/crtm128.o
__vector_28                                       /usr/lib/gcc/avr/4.3.5/../../../avr/lib/avr51/crtm128.o
__vector_29                                       /usr/lib/gcc/avr/4.3.5/../../../avr/lib/avr51/crtm128.o
__vector_3                                        /usr/lib/gcc/avr/4.3.5/../../../avr/lib/avr51/crtm128.o
__vector_30                                       serial.o
                                                  /usr/lib/gcc/avr/4.3.5/../../../avr/lib/avr51/crtm128.o
__vector_31                                       serial.o
                                                  /usr/lib/gcc/avr/4.3.5/../../../avr/lib/avr51/crtm128.o
__vector_32                                       /usr/lib/gcc/avr/4.3.5/../../../avr/lib/avr51/crtm128.o
__vector_33                                       /usr/lib/gcc/avr/4.3.5/../../../avr/lib/avr51/crtm128.o
__vector_34                                       /usr/lib/gcc/avr/4.3.5/../../../avr/lib/avr51/crtm128.o
__vector_4                                        /usr/lib/gcc/avr/4.3.5/../../../avr/lib/avr51/crtm128.o
__vector_5                                        /usr/lib/gcc/avr/4.3.5/../../../avr/lib/avr51/crtm128.o
__vector_6                                        /usr/lib/gcc/avr/4.3.5/../../../avr/lib/avr51/crtm128.o
__vector_7                                        /usr/lib/gcc/avr/4.3.5/../../../avr/lib/avr51/crtm128.o
__vector_8                                        /usr/lib/gcc/avr/4.3.5/../../../avr/lib/avr51/crtm128.o
__vector_9                                        /usr/lib/gcc/avr/4.3.5/../../../avr/lib/avr51/crtm128.o
__vector_default                                  /usr/lib/gcc/avr/4.3.5/../../../avr/lib/avr51/crtm128.o
__vectors                                         /usr/lib/gcc/avr/4.3.5/../../../avr/lib/avr51/crtm128.o
_exit                                             /usr/lib/gcc/avr/4.3.5/avr51/libgcc.a(_exit.o)
arpArpIn                                          ../../freeRtos/Lib/net/arp.o
                                                  netstack_task.o
arpDebug                                          ../../freeRtos/Lib/Rs485_prot.o
                                                  ../../freeRtos/Lib/net/tcp6.o
                                                  ../../freeRtos/Lib/net/ipv6-nd.o
                                                  ../../freeRtos/Lib/net/uip-netif.o
                                                  ../../freeRtos/Lib/net/checksum.o
                                                  ../../freeRtos/Lib/net/icmp6.o
                                                  ../../freeRtos/Lib/net/ipv6.o
                                                  ../../freeRtos/Lib/net/udp.o
                                                  ../../freeRtos/Lib/net/tcp.o
                                                  ../../freeRtos/Lib/net/arp.o
                                                  ../../freeRtos/Lib/net/icmp.o
                                                  ../../freeRtos/Lib/net/ip.o
                                                  ../../freeRtos/Lib/enc28j60.o
                                                  ../../freeRtos/Lib/mcp4150.o
                                                  ../../freeRtos/Lib/mcp3008.o
                                                  ../../freeRtos/Lib/mpc23s17.o
                                                  ../../freeRtos/Lib/vt100.o
                                                  ../../freeRtos/Lib/xmodem.o
                                                  ../../freeRtos/Lib/cmdline.o
                                                  ../../freeRtos/Lib/ramdysk.o
                                                  ../../freeRtos/Lib/spi.o
                                                  netstack_task.o
                                                  vty.o
                                                  sensors_task.o