Archive member included because of file (symbol)

/usr/lib/gcc/avr/4.3.5/avr51/libgcc.a(_udivmodqi4.o)
                              vty.o (__udivmodqi4)
/usr/lib/gcc/avr/4.3.5/avr51/libgcc.a(_udivmodhi4.o)
                              sensors_task.o (__udivmodhi4)
/usr/lib/gcc/avr/4.3.5/avr51/libgcc.a(_exit.o)
                              /usr/lib/gcc/avr/4.3.5/../../../avr/lib/avr51/crtm128.o (exit)
/usr/lib/gcc/avr/4.3.5/avr51/libgcc.a(_clear_bss.o)
                              main.o (__do_clear_bss)
/usr/lib/gcc/avr/4.3.5/../../../avr/lib/avr51/libc.a(malloc.o)
                              ../../freeRtos/Lib/memory_x.o (malloc)
/usr/lib/gcc/avr/4.3.5/../../../avr/lib/avr51/libc.a(strtol.o)
                              ../../freeRtos/Lib/cmdline.o (strtol)
/usr/lib/gcc/avr/4.3.5/../../../avr/lib/avr51/libc.a(isspace.o)
                              /usr/lib/gcc/avr/4.3.5/../../../avr/lib/avr51/libc.a(strtol.o) (isspace)
/usr/lib/gcc/avr/4.3.5/../../../avr/lib/avr51/libc.a(memcpy_P.o)
                              ../../freeRtos/Lib/cmdline.o (memcpy_P)
/usr/lib/gcc/avr/4.3.5/../../../avr/lib/avr51/libc.a(strncmp_P.o)
                              vty.o (strncmp_P)
/usr/lib/gcc/avr/4.3.5/../../../avr/lib/avr51/libc.a(memcmp.o)
                              ../../freeRtos/Lib/net/uip-netif.o (memcmp)
/usr/lib/gcc/avr/4.3.5/../../../avr/lib/avr51/libc.a(memcpy.o)
                              ../../freeRtos/Lib/ramdysk.o (memcpy)
/usr/lib/gcc/avr/4.3.5/../../../avr/lib/avr51/libc.a(memset.o)
                              ../../freeRtos/Lib/cmdline.o (memset)
/usr/lib/gcc/avr/4.3.5/../../../avr/lib/avr51/libc.a(strcat.o)
                              ../../freeRtos/Source/tasks.o (strcat)
/usr/lib/gcc/avr/4.3.5/../../../avr/lib/avr51/libc.a(strcpy.o)
                              ../../freeRtos/Lib/cmdline.o (strcpy)
/usr/lib/gcc/avr/4.3.5/../../../avr/lib/avr51/libc.a(strncmp.o)
                              ../../freeRtos/Lib/ramdysk.o (strncmp)
/usr/lib/gcc/avr/4.3.5/../../../avr/lib/avr51/libc.a(strncpy.o)
                              ../../freeRtos/Lib/ramdysk.o (strncpy)
/usr/lib/gcc/avr/4.3.5/../../../avr/lib/avr51/libc.a(fclose.o)
                              ../../freeRtos/Lib/ramdysk.o (fclose)
/usr/lib/gcc/avr/4.3.5/../../../avr/lib/avr51/libc.a(fgetc.o)
                              cli_task.o (fgetc)
/usr/lib/gcc/avr/4.3.5/../../../avr/lib/avr51/libc.a(fprintf.o)
                              ../../freeRtos/Lib/ramdysk.o (fprintf)
/usr/lib/gcc/avr/4.3.5/../../../avr/lib/avr51/libc.a(fprintf_p.o)
                              hardware.o (fprintf_P)
/usr/lib/gcc/avr/4.3.5/../../../avr/lib/avr51/libc.a(fputc.o)
                              vty.o (fputc)
/usr/lib/gcc/avr/4.3.5/../../../avr/lib/avr51/libc.a(fputs.o)
                              ../../freeRtos/Lib/ramdysk.o (fputs)
/usr/lib/gcc/avr/4.3.5/../../../avr/lib/avr51/libc.a(iob.o)
                              /usr/lib/gcc/avr/4.3.5/../../../avr/lib/avr51/libc.a(fclose.o) (__iob)
/usr/lib/gcc/avr/4.3.5/../../../avr/lib/avr51/libc.a(sprintf.o)
                              ../../freeRtos/Source/tasks.o (sprintf)
/usr/lib/gcc/avr/4.3.5/../../../avr/lib/avr51/libc.a(vfprintf_std.o)
                              (vfprintf)
/usr/lib/gcc/avr/4.3.5/../../../avr/lib/avr51/libc.a(eerd_block_atmega128.o)
                              configuration.o (__eerd_block_m128)
/usr/lib/gcc/avr/4.3.5/../../../avr/lib/avr51/libc.a(eerd_dword_atmega128.o)
                              ../../freeRtos/Lib/net/ip.o (__eerd_dword_m128)
/usr/lib/gcc/avr/4.3.5/../../../avr/lib/avr51/libc.a(eerd_word_atmega128.o)
                              ../../freeRtos/Lib/net/udp.o (__eerd_word_m128)
/usr/lib/gcc/avr/4.3.5/../../../avr/lib/avr51/libc.a(eeupd_block_atmega128.o)
                              ../../freeRtos/Lib/net/nic.o (__eeupd_block_m128)
/usr/lib/gcc/avr/4.3.5/../../../avr/lib/avr51/libc.a(eeupd_byte_atmega128.o)
                              /usr/lib/gcc/avr/4.3.5/../../../avr/lib/avr51/libc.a(eeupd_block_atmega128.o) (__eeupd_r18_m128)
/usr/lib/gcc/avr/4.3.5/../../../avr/lib/avr51/libc.a(eeupd_dword_atmega128.o)
                              ../../freeRtos/Lib/net/ip.o (__eeupd_dword_m128)
/usr/lib/gcc/avr/4.3.5/../../../avr/lib/avr51/libc.a(eeupd_word_atmega128.o)
                              ../../freeRtos/Lib/net/udp.o (__eeupd_word_m128)
/usr/lib/gcc/avr/4.3.5/../../../avr/lib/avr51/libc.a(errno.o)
                              /usr/lib/gcc/avr/4.3.5/../../../avr/lib/avr51/libc.a(strtol.o) (errno)
/usr/lib/gcc/avr/4.3.5/../../../avr/lib/avr51/libc.a(cty_isfalse.o)
                              /usr/lib/gcc/avr/4.3.5/../../../avr/lib/avr51/libc.a(isspace.o) (__ctype_isfalse)
/usr/lib/gcc/avr/4.3.5/../../../avr/lib/avr51/libc.a(strnlen_P.o)
                              /usr/lib/gcc/avr/4.3.5/../../../avr/lib/avr51/libc.a(vfprintf_std.o) (strnlen_P)
/usr/lib/gcc/avr/4.3.5/../../../avr/lib/avr51/libc.a(strnlen.o)
[...]
Memory Configuration

Name             Origin             Length             Attributes
text             0x00000000         0x00020000         xr
data             0x00800060         0x0000ffa0         rw !x
eeprom           0x00810000         0x00010000         rw !x
fuse             0x00820000         0x00000400         rw !x
lock             0x00830000         0x00000400         rw !x
signature        0x00840000         0x00000400         rw !x
*default*        0x00000000         0xffffffff

Linker script and memory map

Address of section .data set to 0x800100
LOAD /usr/lib/gcc/avr/4.3.5/../../../avr/lib/avr51/crtm128.o
LOAD main.o
LOAD configuration.o
LOAD serial.o
LOAD hardware.o
LOAD sensors_task.o
LOAD vty.o
LOAD netstack_task.o
LOAD cli_task.o
LOAD ../../freeRtos/Lib/spi.o
LOAD ../../freeRtos/Lib/memory_x.o
LOAD ../../freeRtos/Lib/ramdysk.o
LOAD ../../freeRtos/Lib/cmdline.o
LOAD ../../freeRtos/Lib/xmodem.o
LOAD ../../freeRtos/Lib/vt100.o
LOAD ../../freeRtos/Lib/ds1305.o
LOAD ../../freeRtos/Lib/mpc23s17.o
LOAD ../../freeRtos/Lib/mcp3008.o
LOAD ../../freeRtos/Lib/mcp4150.o
LOAD ../../freeRtos/Lib/enc28j60.o
LOAD ../../freeRtos/Lib/queueStream.o
LOAD ../../freeRtos/Lib/net/nic.o
LOAD ../../freeRtos/Lib/net/net.o
LOAD ../../freeRtos/Lib/net/ip.o
LOAD ../../freeRtos/Lib/net/icmp.o
LOAD ../../freeRtos/Lib/net/arp.o
LOAD ../../freeRtos/Lib/net/tcp.o
LOAD ../../freeRtos/Lib/net/udp.o
LOAD ../../freeRtos/Lib/net/ipv6.o
LOAD ../../freeRtos/Lib/net/icmp6.o
LOAD ../../freeRtos/Lib/net/checksum.o
LOAD ../../freeRtos/Lib/net/uip-netif.o
LOAD ../../freeRtos/Lib/net/ipv6-nd.o
LOAD ../../freeRtos/Lib/Rs485_prot.o
LOAD ../../freeRtos/Source/tasks.o
LOAD ../../freeRtos/Source/queue.o
LOAD ../../freeRtos/Source/list.o
LOAD ../../freeRtos/Source/croutine.o
LOAD ../../freeRtos/portable/MemMang/heap_avr.o
LOAD ../../freeRtos/portable/GCC/ATMega64/port.o
                0x00801100                __heap_start = 0x801100
                0x008027ff                __heap_end = 0x8027ff
LOAD /usr/lib/gcc/avr/4.3.5/../../../avr/lib/avr51/libm.a
LOAD /usr/lib/gcc/avr/4.3.5/avr51/libgcc.a
LOAD /usr/lib/gcc/avr/4.3.5/../../../avr/lib/avr51/libc.a
LOAD /usr/lib/gcc/avr/4.3.5/avr51/libgcc.a

.hash
 *(.hash)

.dynsym
 *(.dynsym)

.dynstr
 *(.dynstr)

.gnu.version
 *(.gnu.version)

.gnu.version_d
 *(.gnu.version_d)

.gnu.version_r
 *(.gnu.version_r)

.rel.init
 *(.rel.init)

.rela.init
 *(.rela.init)

.rel.text
 *(.rel.text)
 *(.rel.text.*)
 *(.rel.gnu.linkonce.t*)

.rela.text
 *(.rela.text)
 *(.rela.text.*)
 *(.rela.gnu.linkonce.t*)

.rel.fini
 *(.rel.fini)

.rela.fini
 *(.rela.fini)

.rel.rodata
 *(.rel.rodata)
 *(.rel.rodata.*)
 *(.rel.gnu.linkonce.r*)

.rela.rodata
 *(.rela.rodata)
 *(.rela.rodata.*)
 *(.rela.gnu.linkonce.r*)

.rel.data
 *(.rel.data)
 *(.rel.data.*)
 *(.rel.gnu.linkonce.d*)

.rela.data
 *(.rela.data)
 *(.rela.data.*)
 *(.rela.gnu.linkonce.d*)

.rel.ctors
 *(.rel.ctors)

.rela.ctors
 *(.rela.ctors)

.rel.dtors
 *(.rel.dtors)

.rela.dtors
 *(.rela.dtors)

.rel.got
 *(.rel.got)

.rela.got
 *(.rela.got)

.rel.bss
 *(.rel.bss)

.rela.bss
 *(.rela.bss)

.rel.plt
 *(.rel.plt)

.rela.plt
 *(.rela.plt)

.text           0x00000000     0xea8c
 *(.vectors)
 .vectors       0x00000000       0x8c /usr/lib/gcc/avr/4.3.5/../../../avr/lib/avr51/crtm128.o
                0x00000000                __vectors
                0x00000000                __vector_default
 *(.vectors)
 *(.progmem.gcc*)
 *(.progmem*)
 .progmem.data  0x0000008c       0x3c hardware.o
                0x0000008c                statusLockerSensDescStr
                0x00000097                statusLockerOpenStr
                0x000000a0                statusLockerCloseStr
                0x000000a9                statusLockerSensAdditionalDescStr
 .progmem.data  0x000000c8      0xa5e vty.o
                0x000000c8                errorOK
                0x000000d1                errorNoFile
                0x000000db                errorxModemFrameStartTimeout
                0x000000de                errorxModemByteSendTimeout
                0x000000e1                errorxModemWrongFrameNo
                0x000000e4                errorxModemFrameFrameNoCorrectionNotMatch
                0x000000e7                errorxModemFrameCrc
                0x000000fa                errorxModemRemoteSideCan
                0x00000121                errorxModemUnknownResponse
                0x00000140                errorNoRemoteDevice
                0x00000163                errorBootloaderNotResponding
                0x00000182                errorOpenFile
                0x00000197                systemStateStr
                0x000001a7                statusNumberOfTasksStr
                0x000001c0                statusStaticHeapStateStr
                0x000001ea                statusDynamicHeapStateStr
                0x00000214                statusRamDiskStateStr
                0x00000241                statusTemperatureStr
                0x0000025c                statusVoltageStr
                0x00000277                systemRamConfigStr
                0x0000028a                statusMacStr
                0x0000029f                statusIpStr
                0x000002b4                statusIpMaskStr
                0x000002c9                statusIpGwStr
                0x000002de                statusRs485listStr
                0x000002f9                statusNoRs485Dev
                0x00000313                statusLockerSensorsStr
                0x0000032c                statusLockerSensorsDisStr
                0x00000348                editRamFileIntroStr
                0x00000370                readRamFIleLenStr
                0x00000382                xwyslijStartStr
                0x0000039f                movingCurtainUpStr
                0x000003d2                movingCurtainDownStr
                0x00000405                movingCurtainPosStr
                0x00000415                debugEnabledInfoStr
                0x00000428                debugDisabledInfoStr
                0x0000043c                cmd_help
                0x00000441                cmd_help_help
                0x00000453                cmd_status
                0x0000045a                cmd_help_status
                0x00000491                cmd_enc_stat
                0x00000499                cmd_help_enc_stat
                0x000004b3                cmd_time
                0x000004b8                cmd_help_time
                0x000004c3                cmd_net_dbg
                0x000004c9                cmd_help_net_dbg
                0x00000512                cmd_rping
                0x00000518                cmd_help_rping
                0x0000053e                cmd_ping
                0x00000543                cmd_help_ping
                0x00000574                cmd_xRec
                0x00000579                cmd_help_xRec
                0x0000059f                cmd_xSend
                0x000005a5                cmd_help_xSend
                0x000005c8                cmd_xflash
                0x000005cf                cmd_help_xflash
                0x00000607                cmd_dir_rf
                0x0000060d                cmd_help_dir_rf
                0x00000621                cmd_create_rf
                0x00000625                cmd_help_create_rf
                0x00000641                cmd_erase_rf
                0x00000649                cmd_help_erase_rf
                0x0000066e                cmd_edit_rf
                0x00000675                cmd_help_edit_rf
                0x0000069f                cmd_read_rf
                0x000006a6                cmd_help_read_rf
                0x000006d0                cmd_up
                0x000006d3                cmd_help_up
                0x000006f9                cmd_down
                0x000006fe                cmd_help_down
                0x00000726                cmd_spa
                0x0000072a                cmd_help_spa
                0x0000073d                cmd_spb
                0x00000741                cmd_help_spb
                0x00000754                cmd_settime
                0x0000075c                cmd_help_settime
                0x0000077e                cmd_ac
                0x00000781                cmd_help_ac
                0x000007a1                cmd_enable
                0x000007a8                cmd_help_enable
                0x000007b4                cmd_disable
                0x000007bc                cmd_help_disable
                0x000007c6                cmd_configure
                0x000007cd                cmd_help_configure
                0x000007dc                cmd_conf_ip
                0x000007df                cmd_help_conf_ip
                0x00000802                cmd_conf_udp
                0x00000806                cmd_help_conf_udp
                0x00000854                cmd_conf_ip_mask
                0x00000859                cmd_conf_ip_mask_help
                0x00000869                cmd_conf_ip_gw
                0x0000086c                cmd_conf_ip_gw_help
                0x00000894                cmd_conf_mac
                0x00000898                cmd_help_conf_mac
                0x000008c6                cmd_conf_save
                0x000008cb                cmd_help_conf_save
                0x000008de                cmd_ustawR
                0x000008e3                cmd_help_ustawR
                0x00000900                okStr
                0x00000905                nlStr
                0x00000908                BladBuforaPozostaloBajtowStr
                0x00000932                errorStrings
                0x0000094a                cmdListNormal
                0x00000980                cmdListEnable
                0x00000a16                cmdListConfigure
 .progmem.data  0x00000b26       0x44 netstack_task.o
 .progmem.data  0x00000b6a        0xa cli_task.o
 .progmem.data  0x00000b74       0x72 ../../freeRtos/Lib/cmdline.o
                0x00000b74                CmdlinePromptNormal
                0x00000b7b                CmdlinePromptEnable
                0x00000b82                CmdlinePromptConfigure
                0x00000b89                CmdlineNotice
                0x00000b93                CmdlineCmdNotFound
 .progmem.data  0x00000be6       0x75 ../../freeRtos/Lib/enc28j60.o
 .progmem.data  0x00000c5b       0x1f ../../freeRtos/Lib/net/nic.o
 .progmem.data  0x00000c7a      0x14a ../../freeRtos/Lib/net/net.o
 .progmem.data  0x00000dc4      0x13c ../../freeRtos/Lib/net/ip.o
 .progmem.data  0x00000f00       0xb7 ../../freeRtos/Lib/net/icmp.o
 .progmem.data  0x00000fb7      0x125 ../../freeRtos/Lib/net/arp.o
 .progmem.data  0x000010dc      0x175 ../../freeRtos/Lib/net/tcp.o
 .progmem.data  0x00001251       0xcb ../../freeRtos/Lib/net/udp.o
 .progmem.data  0x0000131c      0x328 ../../freeRtos/Lib/net/ipv6.o
 .progmem.data  0x00001644        0xf ../../freeRtos/Lib/net/icmp6.o
 .progmem.data  0x00001653      0x6bb ../../freeRtos/Lib/net/ipv6-nd.o
 .progmem.data  0x00001d0e       0xbd ../../freeRtos/Lib/Rs485_prot.o
                0x00001d0e                statusRollerDescStr
                0x00001d4c                statusRollerDescStr2
                0x00001dcc                . = ALIGN (0x2)
 *fill*         0x00001dcb        0x1 00
                0x00001dcc                __trampolines_start = .
 *(.trampolines)
 .trampolines   0x00001dcc        0x0 linker stubs
 *(.trampolines*)
                0x00001dcc                __trampolines_end = .
 *(.jumptables)
 *(.jumptables*)
 *(.lowtext)
 *(.lowtext*)
                0x00001dcc                __ctors_start = .
 *(.ctors)
                0x00001dcc                __ctors_end = .
                0x00001dcc                __dtors_start = .
 *(.dtors)
                0x00001dcc                __dtors_end = .
 SORT(*)(.ctors)
 SORT(*)(.dtors)
 *(.init0)
 .init0         0x00001dcc        0x0 /usr/lib/gcc/avr/4.3.5/../../../avr/lib/avr51/crtm128.o
                0x00001dcc                __init
 *(.init0)
 *(.init1)
 *(.init1)
 *(.init2)
 .init2         0x00001dcc        0xc /usr/lib/gcc/avr/4.3.5/../../../avr/lib/avr51/crtm128.o
 *(.init2)
 *(.init3)
 *(.init3)
 *(.init4)
 .init4         0x00001dd8       0x1a /usr/lib/gcc/avr/4.3.5/../../../avr/lib/avr51/crtm128.o
                0x00001dd8                __do_copy_data
 .init4         0x00001df2        0xc main.o
                0x00001df2                initExternalMem
 .init4         0x00001dfe       0x10 /usr/lib/gcc/avr/4.3.5/avr51/libgcc.a(_clear_bss.o)
                0x00001dfe                __do_clear_bss
 *(.init4)
 *(.init5)
 *(.init5)
 *(.init6)
 *(.init6)
 *(.init7)
 *(.init7)
 *(.init8)
 *(.init8)
 *(.init9)
 .init9         0x00001e0e        0x8 /usr/lib/gcc/avr/4.3.5/../../../avr/lib/avr51/crtm128.o
 *(.init9)
 *(.text)
 .text          0x00001e16        0x4 /usr/lib/gcc/avr/4.3.5/../../../avr/lib/avr51/crtm128.o
                0x00001e16                __vector_22
                0x00001e16                __vector_28
                0x00001e16                __vector_1
                0x00001e16                __vector_32
                0x00001e16                __vector_34
                0x00001e16                __vector_24
                0x00001e16                __bad_interrupt
                0x00001e16                __vector_6
                0x00001e16                __vector_3
                0x00001e16                __vector_23
                0x00001e16                __vector_25
                0x00001e16                __vector_11
                0x00001e16                __vector_13
                0x00001e16                __vector_7
                0x00001e16                __vector_27
                0x00001e16                __vector_5
                0x00001e16                __vector_33
                0x00001e16                __vector_4
                0x00001e16                __vector_9
                0x00001e16                __vector_2
                0x00001e16                __vector_21
                0x00001e16                __vector_15
                0x00001e16                __vector_29
                0x00001e16                __vector_8
                0x00001e16                __vector_26
                0x00001e16                __vector_14
                0x00001e16                __vector_10
                0x00001e16                __vector_16
 .text          0x00001e1a      0x122 main.o
                0x00001e1a                vApplicationTickHook
                0x00001e34                vApplicationIdleHook
                0x00001e3a                main
 .text          0x00001f3c       0x24 configuration.o
                0x00001f3c                saveConfiguration
                0x00001f4a                loadConfiguration
 .text          0x00001f60      0x43a serial.o
                0x00001f60                initQueueStreamUSB
                0x00001f7c                __vector_20
                0x00001fa2                InterruptVtyOn
                0x00001fae                __vector_31
                0x00002036                __vector_19
                0x000020be                uartVtySendByte
                0x000020f4                VtyPutChar
                0x000020fe                releaseRs485
                0x00002116                uartRs485SendByte
                0x00002144                __vector_30
                0x000021ce                __vector_18
                0x00002256                takeRs485
                0x0000226e                flushRs485RecBuffer
                0x000022b4                rs485Receive
                0x000022cc                VtyGetChar
                0x00002308                xSerialPortInitMinimal
 .text          0x0000239a      0x46a hardware.o
                0x0000239a                spiSendSpinBlock
                0x000023aa                disableAllSpiDevices
                0x000023c0                spiEnableEnc28j60
                0x000023c4                spiDisableEnc28j60
                0x000023c8                enableSpiSd
                0x000023d4                disableSpiSd
                0x000023e0                enableSpiMPC23S17
                0x000023e4                disableSpiMPC23S17
                0x000023e8                enableSpiMCP3008
                0x000023f2                disableSpiMCP3008
                0x000023fc                enableSpiMCP4150
                0x00002406                disableSpiMCP4150
                0x00002410                spiEnableDS1305
                0x0000241a                spiDisableDS1305
                0x00002424                __vector_17
                0x00002498                spiSend
                0x000024c6                checkLockerSensors
                0x0000265a                printLockers
                0x000027ba                LockersMemInit
                0x000027cc                hardwareInit
 .text          0x00002804       0x82 sensors_task.o
                0x00002804                sensorsTask
                0x0000287c                sensorsTaskInit
 .text          0x00002886     0x178a vty.o
                0x00002caa                printErrorInfo
                0x00003b70                printStatus
                0x00003fee                VtyInit
 .text          0x00004010      0x12a netstack_task.o
                0x00004010                encTask
 .text          0x0000413a       0x8e cli_task.o
                0x0000413a                vTaskVTYsocket
                0x00004156                vTaskVTYusb
 .text          0x000041c8       0x80 ../../freeRtos/Lib/spi.o
                0x000041c8                spiSetCPHA
                0x000041cc                spiClearCPHA
                0x000041d0                spiSetCPOL
                0x000041d4                spiClearCPOL
                0x000041e0                spiGive
                0x000041f8                spiTake
                0x00004210                spiInit
 .text          0x00004248       0x38 ../../freeRtos/Lib/memory_x.o
                0x00004248                xmallocAvailable
                0x00004264                xmalloc
 .text          0x00004280      0xab2 ../../freeRtos/Lib/ramdysk.o
                0x00004280                ramDyskLiczbaWolnychKlastrow
                0x0000429c                ramDyskDir
                0x00004474                ramDyskDodajBlokXmodem
                0x00004540                ramDyskUstawWskaznikNaKoniec
                0x00004582                ramDyskUstawWskaznik
                0x00004634                ramDyskCzytajBajtZPliku
                0x000046d8                ramDyskZapiszBajtDoPliku
                0x0000478e                ramDyskCzyscPlik
                0x000047ee                ramDyskZamknijPlik
                0x0000480e                ramDyskZamknijPlikStdIo
                0x00004844                ramDyskInit
                0x00004868                ramDyskCzytajBlokZPliku
                0x000049a8                ramDyskZapiszBlokDoPliku
                0x00004b9c                ramDyskUsunPlik
                0x00004bec                ramDyskOtworzPlik
                0x00004c1c                ramDyskOtworzPlikStdIo
                0x00004c5a                ramDyskUtworzPlik
 .text          0x00004d32      0xab6 ../../freeRtos/Lib/cmdline.o
                0x00004d32                cmdLineGetLastArgIdx
                0x00004d5c                cmdlineGetArgStr
                0x00004daa                cmdPrintHelp
                0x00004eb0                cmdlineGetArgHex
                0x00004ed6                cmdlineGetArgInt
                0x00004f4c                cmdlineMainLoop
                0x000051c4                cmdStateConfigure
                0x0000529e                cmdlineInputFunc
 .text          0x000057e8        0x0 ../../freeRtos/Lib/xmodem.o
 .text          0x000057e8      0x128 ../../freeRtos/Lib/vt100.o
                0x000057e8                vt100SetCursorPos
                0x0000583e                vt100SetCursorMode
                0x0000587c                vt100SetAttr
                0x000058c0                vt100ClearScreen
                0x000058e8                vt100Init
 .text          0x00005910      0x172 ../../freeRtos/Lib/ds1305.o
                0x00005914                ds1305readMem
                0x0000596e                ds1305writeMem
                0x000059c6                ds1305start
                0x000059e4                setTimeBCD
                0x00005a26                setTime
                0x00005a2c                setTimeDecoded
                0x00005a32                readTimeBCD
                0x00005a76                readTime
                0x00005a7c                readTimeDecoded
 .text          0x00005a82      0x23e ../../freeRtos/Lib/mpc23s17.o
                0x00005a86                MPC23s17ReadPortB
                0x00005aba                MPC23s17ReadPortA
                0x00005aee                MPC23s17ClearBitsOnPortB
                0x00005b2c                MPC23s17SetBitsOnPortB
                0x00005b68                MPC23s17SetPortB
                0x00005b9e                MPC23s17ClearBitsOnPortA
                0x00005bdc                MPC23s17SetBitsOnPortA
                0x00005c18                MPC23s17SetPortA
                0x00005c54                MPC23s17SetDirB
                0x00005c8a                MPC23s17SetDirA
 .text          0x00005cc0       0x98 ../../freeRtos/Lib/mcp3008.o
                0x00005cc4                MCP3008_getSampleSingle
                0x00005d0e                MCP3008_getSampleDiff
 .text          0x00005d58       0x28 ../../freeRtos/Lib/mcp4150.o
                0x00005d5c                MCP4150_setValue
 .text          0x00005d80      0x6f0 ../../freeRtos/Lib/enc28j60.o
                0x00005e1c                nicSetMacAddress
                0x00005eb6                nicRegDump
                0x0000605e                nicGetMacAddress
                0x000060a6                enc28j60hasRxPkt
                0x000060b2                enc28j60getrev
                0x000060ba                nicPoll
                0x00006228                nicSend
                0x000062d8                enc28j60linkup
                0x0000634a                nicMacInit
 .text          0x00006470       0x9a ../../freeRtos/Lib/queueStream.o
                0x00006470                initQueueStream
 .text          0x0000650a       0xb0 ../../freeRtos/Lib/net/nic.o
                0x00006558                nicInit
                0x000065a8                saveNic
 .text          0x000065ba      0x7de ../../freeRtos/Lib/net/net.o
                0x000065ba                htons
                0x000065c2                htonl
                0x000065fc                netChecksum
                0x0000666a                netPrintTcpHeader
                0x000068ec                netPrintIPAddr
                0x0000697a                netPrintIpHeader
                0x00006bb0                netPrintEthAddr
                0x00006c30                netPrintEthHeader
 .text          0x00006d98      0x594 ../../freeRtos/Lib/net/ip.o
                0x00006d98                setIpDebug
                0x00006db2                ipSetConfig
                0x00006df4                ipSetConfigIp
                0x00006e06                ipSetConfigMask
                0x00006e18                ipSetConfigGw
                0x00006e2a                ipGetConfig
                0x00006e30                ipPrintConfig
                0x00006f1e                ipSend
                0x000070fe                netstackIPv4Process
                0x0000728c                ipSaveConfig
                0x000072d6                ipInit
 .text          0x0000732c      0x324 ../../freeRtos/Lib/net/icmp.o
                0x0000732c                icmpInit
                0x0000733a                setIcmpDebug
                0x00007348                icmpPrintHeader
                0x000074ea                icmpEchoRequest
                0x00007604                icmpIpIn
 .text          0x00007650      0x8a2 ../../freeRtos/Lib/net/arp.o
                0x00007650                setArpDebug
                0x0000766a                arpTimer
                0x00007684                arpMatchIp
                0x000076b8                arpPrintTable
                0x000078ac                arpIpIn
                0x00007a6c                arpPrintHeader
                0x00007c46                arpIpOut
                0x00007d42                arpInit
                0x00007d5a                arpArpIn
 .text          0x00007ef2      0x588 ../../freeRtos/Lib/net/tcp.o
                0x00007ef2                sendTcBuffer
                0x00007ef6                setTcpDebug
                0x00007f04                flushTcpQueues
                0x00007f06                httpProcess
                0x00007f08                calculateTcpChecksun
                0x00007f2e                processTcpPacket
                0x00008382                netstackTCPIPProcess
                0x000083d8                socketInit
 .text          0x0000847a      0x514 ../../freeRtos/Lib/net/udp.o
                0x0000847a                setUdpDebug
                0x00008488                udpPrintStatus
                0x000085a4                udpSaveConfig
                0x000085e6                netstackUDPIPProcess
                0x000087e8                udpSend
                0x000088ae                flushUdpQueues
                0x0000890c                udpInit
 .text          0x0000898e      0xca4 ../../freeRtos/Lib/net/ipv6.o
                0x0000898e                ipv6Init
                0x00008990                ipv6DebugInit
                0x0000899a                checkPacketLen
                0x000089c4                ipv6PrintConfig
                0x00008c6c                netPrintIpv6PayloadRAW
                0x00008dcc                netPrintIpv6Header
                0x0000913c                netPrintIpv6HeaderRAW
                0x00009276                swithEthAddresses
                0x000092ba                netstackIPv6Process
 .text          0x00009632       0xd0 ../../freeRtos/Lib/net/icmp6.o
                0x00009632                vICMP6DebugInit
                0x0000963c                uip_icmp6_echo_request_input
 .text          0x00009702       0xe0 ../../freeRtos/Lib/net/checksum.o
                0x0000974e                uip_icmp6chksum
                0x000097a2                uip_ipchksum
                0x000097ce                uip_chksum
 .text          0x000097e2      0x19a ../../freeRtos/Lib/net/uip-netif.o
                0x000097e2                uip_netif_addr_lookup
                0x00009874                uip_netif_addr_autoconf_set
                0x000098b2                uip_netif_init
 .text          0x0000997c     0x150e ../../freeRtos/Lib/net/ipv6-nd.o
                0x0000997c                vNDDebugInit
                0x00009986                vNDinit
                0x00009a0c                uip_nd6_io_ns_input
 .text          0x0000ae8a     0x11f6 ../../freeRtos/Lib/Rs485_prot.o
                0x0000ae98                rs485curtainUp
                0x0000b020                rs485curtainDown
                0x0000b1a8                printRs485devices
                0x0000b28a                rs485xModemFlash
                0x0000b932                rs485ping
                0x0000bcb6                rs485rollerHello
                0x0000c062                rollersMemInit
 .text          0x0000c080      0xde6 ../../freeRtos/Source/tasks.o
                0x0000c080                uxTaskPriorityGet
                0x0000c09e                xTaskIsTaskSuspended
                0x0000c0c6                vTaskSuspendAll
                0x0000c0d2                xTaskGetTickCount
                0x0000c0e8                uxTaskGetNumberOfTasks
                0x0000c0ee                vTaskStartTrace
                0x0000c120                ulTaskEndTrace
                0x0000c150                vTaskSwitchContext
                0x0000c274                vTaskSetTimeOutState
                0x0000c28a                xTaskCheckForTimeOut
                0x0000c306                vTaskMissedYield
                0x0000c30e                xTaskRemoveFromEventList
                0x0000c394                xTaskResumeFromISR
                0x0000c430                vTaskPlaceOnEventList
                0x0000c4c0                vTaskIncrementTick
                0x0000c710                xTaskResumeAll
                0x0000c80a                vTaskList
                0x0000c8b6                vTaskResume
                0x0000c948                vTaskSuspend
                0x0000c9c6                vTaskPrioritySet
                0x0000caa0                vTaskDelay
                0x0000cb1c                vTaskDelayUntil
                0x0000cbca                vTaskEndScheduler
                0x0000cbd6                xTaskGenericCreate
                0x0000ce10                vTaskStartScheduler
 .text          0x0000ce66      0x672 ../../freeRtos/Source/queue.o
                0x0000ce66                uxQueueMessagesWaiting
                0x0000ce76                uxQueueMessagesWaitingFromISR
                0x0000ce7c                xQueueIsQueueEmptyFromISR
                0x0000ce8c                xQueueIsQueueFullFromISR
                0x0000ce9e                vQueueDelete
                0x0000ceba                xQueueReceiveFromISR
                0x0000cfba                xQueueGenericSendFromISR
                0x0000d08a                xQueueGenericReceive
                0x0000d222                xQueueGenericSend
                0x0000d36a                xQueueCreateExternal
                0x0000d412                xQueueCreate
 .text          0x0000d4d8      0x134 ../../freeRtos/Source/list.o
                0x0000d4d8                vListInitialise
                0x0000d4f8                vListInitialiseItem
                0x0000d500                vListInsertEnd
                0x0000d552                vListInsert
                0x0000d5bc                vListRemove
 .text          0x0000d60c      0x378 ../../freeRtos/Source/croutine.o
                0x0000d60c                xCoRoutineRemoveFromEventList
                0x0000d662                vCoRoutineSchedule
                0x0000d832                vCoRoutineAddToDelayedList
                0x0000d8ac                xCoRoutineCreate
 .text          0x0000d984       0x6e ../../freeRtos/portable/MemMang/heap_avr.o
                0x0000d984                vPortFree
                0x0000d986                vPortInitialiseBlocks
                0x0000d990                xPortGetFreeHeapSize
                0x0000d9a4                pvPortMalloc
 .text          0x0000d9f2      0x2b6 ../../freeRtos/portable/GCC/ATMega64/port.o
                0x0000d9f2                pxPortInitialiseStack
                0x0000da82                xPortStartScheduler
                0x0000daee                vPortEndScheduler
                0x0000daf0                __vector_12
                0x0000db40                vPortYieldFromTick
                0x0000dbf6                vPortYield
 .text          0x0000dca8        0x0 /usr/lib/gcc/avr/4.3.5/avr51/libgcc.a(_udivmodqi4.o)
 .text          0x0000dca8        0x0 /usr/lib/gcc/avr/4.3.5/avr51/libgcc.a(_udivmodhi4.o)
 .text          0x0000dca8        0x0 /usr/lib/gcc/avr/4.3.5/avr51/libgcc.a(_exit.o)
 .text          0x0000dca8        0x0 /usr/lib/gcc/avr/4.3.5/avr51/libgcc.a(_clear_bss.o)
 .text          0x0000dca8        0x0 /usr/lib/gcc/avr/4.3.5/../../../avr/lib/avr51/libc.a(malloc.o)
 .text          0x0000dca8        0x0 /usr/lib/gcc/avr/4.3.5/../../../avr/lib/avr51/libc.a(strtol.o)
 .text          0x0000dca8        0x0 /usr/lib/gcc/avr/4.3.5/../../../avr/lib/avr51/libc.a(isspace.o)
 .text          0x0000dca8        0x0 /usr/lib/gcc/avr/4.3.5/../../../avr/lib/avr51/libc.a(memcpy_P.o)
 .text          0x0000dca8        0x0 /usr/lib/gcc/avr/4.3.5/../../../avr/lib/avr51/libc.a(strncmp_P.o)
 .text          0x0000dca8        0x0 /usr/lib/gcc/avr/4.3.5/../../../avr/lib/avr51/libc.a(memcmp.o)
 .text          0x0000dca8        0x0 /usr/lib/gcc/avr/4.3.5/../../../avr/lib/avr51/libc.a(memcpy.o)
 .text          0x0000dca8        0x0 /usr/lib/gcc/avr/4.3.5/../../../avr/lib/avr51/libc.a(memset.o)
 .text          0x0000dca8        0x0 /usr/lib/gcc/avr/4.3.5/../../../avr/lib/avr51/libc.a(strcat.o)
 .text          0x0000dca8        0x0 /usr/lib/gcc/avr/4.3.5/../../../avr/lib/avr51/libc.a(strcpy.o)
 .text          0x0000dca8        0x0 /usr/lib/gcc/avr/4.3.5/../../../avr/lib/avr51/libc.a(strncmp.o)
 .text          0x0000dca8        0x0 /usr/lib/gcc/avr/4.3.5/../../../avr/lib/avr51/libc.a(strncpy.o)
 .text          0x0000dca8        0x0 /usr/lib/gcc/avr/4.3.5/../../../avr/lib/avr51/libc.a(fclose.o)
 .text          0x0000dca8        0x0 /usr/lib/gcc/avr/4.3.5/../../../avr/lib/avr51/libc.a(fgetc.o)
 .text          0x0000dca8        0x0 /usr/lib/gcc/avr/4.3.5/../../../avr/lib/avr51/libc.a(fprintf.o)
 .text          0x0000dca8        0x0 /usr/lib/gcc/avr/4.3.5/../../../avr/lib/avr51/libc.a(fprintf_p.o)
 .text          0x0000dca8        0x0 /usr/lib/gcc/avr/4.3.5/../../../avr/lib/avr51/libc.a(fputc.o)
 .text          0x0000dca8        0x0 /usr/lib/gcc/avr/4.3.5/../../../avr/lib/avr51/libc.a(fputs.o)
 .text          0x0000dca8        0x0 /usr/lib/gcc/avr/4.3.5/../../../avr/lib/avr51/libc.a(iob.o)
 .text          0x0000dca8        0x0 /usr/lib/gcc/avr/4.3.5/../../../avr/lib/avr51/libc.a(sprintf.o)
 .text          0x0000dca8        0x0 /usr/lib/gcc/avr/4.3.5/../../../avr/lib/avr51/libc.a(vfprintf_std.o)
 .text          0x0000dca8        0x0 /usr/lib/gcc/avr/4.3.5/../../../avr/lib/avr51/libc.a(eerd_block_atmega128.o)
 .text          0x0000dca8        0x0 /usr/lib/gcc/avr/4.3.5/../../../avr/lib/avr51/libc.a(eerd_dword_atmega128.o)
 .text          0x0000dca8        0x0 /usr/lib/gcc/avr/4.3.5/../../../avr/lib/avr51/libc.a(eerd_word_atmega128.o)
 .text          0x0000dca8        0x0 /usr/lib/gcc/avr/4.3.5/../../../avr/lib/avr51/libc.a(eeupd_block_atmega128.o)
 .text          0x0000dca8        0x0 /usr/lib/gcc/avr/4.3.5/../../../avr/lib/avr51/libc.a(eeupd_byte_atmega128.o)
 .text          0x0000dca8        0x0 /usr/lib/gcc/avr/4.3.5/../../../avr/lib/avr51/libc.a(eeupd_dword_atmega128.o)
 .text          0x0000dca8        0x0 /usr/lib/gcc/avr/4.3.5/../../../avr/lib/avr51/libc.a(eeupd_word_atmega128.o)
 .text          0x0000dca8        0x0 /usr/lib/gcc/avr/4.3.5/../../../avr/lib/avr51/libc.a(errno.o)
 .text          0x0000dca8        0x0 /usr/lib/gcc/avr/4.3.5/../../../avr/lib/avr51/libc.a(cty_isfalse.o)
 .text          0x0000dca8        0x0 /usr/lib/gcc/avr/4.3.5/../../../avr/lib/avr51/libc.a(strnlen_P.o)
 .text          0x0000dca8        0x0 /usr/lib/gcc/avr/4.3.5/../../../avr/lib/avr51/libc.a(strnlen.o)
 .text          0x0000dca8        0x0 /usr/lib/gcc/avr/4.3.5/../../../avr/lib/avr51/libc.a(ultoa_invert.o)
 .text          0x0000dca8        0x0 /usr/lib/gcc/avr/4.3.5/avr51/libgcc.a(_mulsi3.o)
 .text          0x0000dca8        0x0 /usr/lib/gcc/avr/4.3.5/avr51/libgcc.a(_udivmodsi4.o)
                0x0000dca8                . = ALIGN (0x2)
 *(.text.*)
 .text.libgcc   0x0000dca8       0x18 /usr/lib/gcc/avr/4.3.5/avr51/libgcc.a(_udivmodqi4.o)
                0x0000dca8                __udivmodqi4
 .text.libgcc   0x0000dcc0       0x28 /usr/lib/gcc/avr/4.3.5/avr51/libgcc.a(_udivmodhi4.o)
                0x0000dcc0                __udivmodhi4
 .text.libgcc   0x0000dce8        0x0 /usr/lib/gcc/avr/4.3.5/avr51/libgcc.a(_exit.o)
 .text.libgcc   0x0000dce8        0x0 /usr/lib/gcc/avr/4.3.5/avr51/libgcc.a(_clear_bss.o)
 .text.avr-libc
                0x0000dce8      0x20a /usr/lib/gcc/avr/4.3.5/../../../avr/lib/avr51/libc.a(malloc.o)
                0x0000dce8                malloc
                0x0000de42                free
 .text.avr-libc
                0x0000def2      0x25e /usr/lib/gcc/avr/4.3.5/../../../avr/lib/avr51/libc.a(strtol.o)
                0x0000def2                strtol
 .text.avr-libc
                0x0000e150       0x10 /usr/lib/gcc/avr/4.3.5/../../../avr/lib/avr51/libc.a(isspace.o)
                0x0000e150                isspace
 .text.avr-libc
                0x0000e160       0x12 /usr/lib/gcc/avr/4.3.5/../../../avr/lib/avr51/libc.a(memcpy_P.o)
                0x0000e160                memcpy_P
 .text.avr-libc
                0x0000e172       0x1c /usr/lib/gcc/avr/4.3.5/../../../avr/lib/avr51/libc.a(strncmp_P.o)
                0x0000e172                strncmp_P
 .text.avr-libc
                0x0000e18e       0x1a /usr/lib/gcc/avr/4.3.5/../../../avr/lib/avr51/libc.a(memcmp.o)
                0x0000e18e                memcmp
 .text.avr-libc
                0x0000e1a8       0x12 /usr/lib/gcc/avr/4.3.5/../../../avr/lib/avr51/libc.a(memcpy.o)
                0x0000e1a8                memcpy
 .text.avr-libc
                0x0000e1ba        0xe /usr/lib/gcc/avr/4.3.5/../../../avr/lib/avr51/libc.a(memset.o)
                0x0000e1ba                memset
 .text.avr-libc
                0x0000e1c8       0x16 /usr/lib/gcc/avr/4.3.5/../../../avr/lib/avr51/libc.a(strcat.o)
                0x0000e1c8                strcat
 .text.avr-libc
                0x0000e1de        0xe /usr/lib/gcc/avr/4.3.5/../../../avr/lib/avr51/libc.a(strcpy.o)
                0x0000e1de                strcpy
 .text.avr-libc
                0x0000e1ec       0x1c /usr/lib/gcc/avr/4.3.5/../../../avr/lib/avr51/libc.a(strncmp.o)
                0x0000e1ec                strncmp
 .text.avr-libc
                0x0000e208       0x1e /usr/lib/gcc/avr/4.3.5/../../../avr/lib/avr51/libc.a(strncpy.o)
                0x0000e208                strncpy
 .text.avr-libc
                0x0000e226       0x56 /usr/lib/gcc/avr/4.3.5/../../../avr/lib/avr51/libc.a(fclose.o)
                0x0000e226                fclose
 .text.avr-libc
                0x0000e27c       0x84 /usr/lib/gcc/avr/4.3.5/../../../avr/lib/avr51/libc.a(fgetc.o)
                0x0000e27c                fgetc
 .text.avr-libc
                0x0000e300       0x22 /usr/lib/gcc/avr/4.3.5/../../../avr/lib/avr51/libc.a(fprintf.o)
                0x0000e300                fprintf
 .text.avr-libc
                0x0000e322       0x3c /usr/lib/gcc/avr/4.3.5/../../../avr/lib/avr51/libc.a(fprintf_p.o)
                0x0000e322                fprintf_P
 .text.avr-libc
                0x0000e35e       0x58 /usr/lib/gcc/avr/4.3.5/../../../avr/lib/avr51/libc.a(fputc.o)
                0x0000e35e                fputc
 .text.avr-libc
                0x0000e3b6       0x56 /usr/lib/gcc/avr/4.3.5/../../../avr/lib/avr51/libc.a(fputs.o)
                0x0000e3b6                fputs
 .text.avr-libc
                0x0000e40c       0x62 /usr/lib/gcc/avr/4.3.5/../../../avr/lib/avr51/libc.a(sprintf.o)
                0x0000e40c                sprintf
 .text.avr-libc
                0x0000e46e      0x40c /usr/lib/gcc/avr/4.3.5/../../../avr/lib/avr51/libc.a(vfprintf_std.o)
                0x0000e46e                vfprintf
 .text.avr-libc
                0x0000e87a       0x20 /usr/lib/gcc/avr/4.3.5/../../../avr/lib/avr51/libc.a(eerd_block_atmega128.o)
                0x0000e87a                __eerd_block_m128
                0x0000e87e                __eerd_blraw_m128
 .text.avr-libc
                0x0000e89a        0xc /usr/lib/gcc/avr/4.3.5/../../../avr/lib/avr51/libc.a(eerd_dword_atmega128.o)
                0x0000e89a                __eerd_dword_m128
                0x0000e89a                __eerd_float_m128
 .text.avr-libc
                0x0000e8a6        0xc /usr/lib/gcc/avr/4.3.5/../../../avr/lib/avr51/libc.a(eerd_word_atmega128.o)
                0x0000e8a6                __eerd_word_m128
 .text.avr-libc
                0x0000e8b2       0x20 /usr/lib/gcc/avr/4.3.5/../../../avr/lib/avr51/libc.a(eeupd_block_atmega128.o)
                0x0000e8b2                __eeupd_block_m128
 .text.avr-libc
                0x0000e8d2       0x22 /usr/lib/gcc/avr/4.3.5/../../../avr/lib/avr51/libc.a(eeupd_byte_atmega128.o)
                0x0000e8d2                __eeupd_byte_m128
                0x0000e8d4                __eeupd_r18_m128
 .text.avr-libc
                0x0000e8f4       0x18 /usr/lib/gcc/avr/4.3.5/../../../avr/lib/avr51/libc.a(eeupd_dword_atmega128.o)
                0x0000e8f4                __eeupd_dword_m128
                0x0000e8f4                __eeupd_float_m128
 .text.avr-libc
                0x0000e90c        0xc /usr/lib/gcc/avr/4.3.5/../../../avr/lib/avr51/libc.a(eeupd_word_atmega128.o)
                0x0000e90c                __eeupd_word_m128
 .text.avr-libc
                0x0000e918        0x6 /usr/lib/gcc/avr/4.3.5/../../../avr/lib/avr51/libc.a(cty_isfalse.o)
                0x0000e918                __ctype_isfalse
                0x0000e91c                __ctype_istrue
 .text.avr-libc
                0x0000e91e       0x16 /usr/lib/gcc/avr/4.3.5/../../../avr/lib/avr51/libc.a(strnlen_P.o)
                0x0000e91e                strnlen_P
 .text.avr-libc
                0x0000e934       0x16 /usr/lib/gcc/avr/4.3.5/../../../avr/lib/avr51/libc.a(strnlen.o)
                0x0000e934                strnlen
 .text.avr-libc
                0x0000e94a       0xbc /usr/lib/gcc/avr/4.3.5/../../../avr/lib/avr51/libc.a(ultoa_invert.o)
                0x0000e94a                __ultoa_invert
 .text.libgcc   0x0000ea06       0x3e /usr/lib/gcc/avr/4.3.5/avr51/libgcc.a(_mulsi3.o)
                0x0000ea06                __mulsi3
 .text.libgcc   0x0000ea44       0x44 /usr/lib/gcc/avr/4.3.5/avr51/libgcc.a(_udivmodsi4.o)
                0x0000ea44                __udivmodsi4
                0x0000ea88                . = ALIGN (0x2)
 *(.fini9)
 .fini9         0x0000ea88        0x0 /usr/lib/gcc/avr/4.3.5/avr51/libgcc.a(_exit.o)
                0x0000ea88                exit
                0x0000ea88                _exit
 *(.fini9)
 *(.fini8)
 *(.fini8)
 *(.fini7)
 *(.fini7)
 *(.fini6)
 *(.fini6)
 *(.fini5)
 *(.fini5)
 *(.fini4)
 *(.fini4)
 *(.fini3)
 *(.fini3)
 *(.fini2)
 *(.fini2)
 *(.fini1)
 *(.fini1)
 *(.fini0)
 .fini0         0x0000ea88        0x4 /usr/lib/gcc/avr/4.3.5/avr51/libgcc.a(_exit.o)
 *(.fini0)
                0x0000ea8c                _etext = .

.data           0x00800100       0x88 load address 0x0000ea8c
                0x00800100                PROVIDE (__data_start, .)
 *(.data)
 .data          0x00800100        0x0 /usr/lib/gcc/avr/4.3.5/../../../avr/lib/avr51/crtm128.o
 .data          0x00800100        0x1 main.o
 .data          0x00800101        0x0 configuration.o
 .data          0x00800101        0x1 serial.o
 .data          0x00800102        0x0 hardware.o
 .data          0x00800102        0x0 sensors_task.o
 .data          0x00800102        0x0 vty.o
 .data          0x00800102        0x0 netstack_task.o
 .data          0x00800102        0x0 cli_task.o
 .data          0x00800102        0x0 ../../freeRtos/Lib/spi.o
 .data          0x00800102        0x2 ../../freeRtos/Lib/memory_x.o
                0x00800102                heapEnd
 .data          0x00800104       0x22 ../../freeRtos/Lib/ramdysk.o
 .data          0x00800126        0x0 ../../freeRtos/Lib/cmdline.o
 .data          0x00800126        0x0 ../../freeRtos/Lib/xmodem.o
 .data          0x00800126       0x25 ../../freeRtos/Lib/vt100.o
 .data          0x0080014b        0x0 ../../freeRtos/Lib/ds1305.o
 .data          0x0080014b        0x0 ../../freeRtos/Lib/mpc23s17.o
 .data          0x0080014b        0x0 ../../freeRtos/Lib/mcp3008.o
 .data          0x0080014b        0x0 ../../freeRtos/Lib/mcp4150.o
 .data          0x0080014b        0x0 ../../freeRtos/Lib/enc28j60.o
 .data          0x0080014b        0x0 ../../freeRtos/Lib/queueStream.o
 .data          0x0080014b        0x0 ../../freeRtos/Lib/net/nic.o
 .data          0x0080014b        0x0 ../../freeRtos/Lib/net/net.o
 .data          0x0080014b       0x14 ../../freeRtos/Lib/net/ip.o
 .data          0x0080015f        0x8 ../../freeRtos/Lib/net/icmp.o
 .data          0x00800167        0x0 ../../freeRtos/Lib/net/arp.o
 .data          0x00800167        0x0 ../../freeRtos/Lib/net/tcp.o
 .data          0x00800167        0x0 ../../freeRtos/Lib/net/udp.o
 .data          0x00800167        0x0 ../../freeRtos/Lib/net/ipv6.o
 .data          0x00800167        0x0 ../../freeRtos/Lib/net/icmp6.o
 .data          0x00800167        0x0 ../../freeRtos/Lib/net/checksum.o
 .data          0x00800167        0x0 ../../freeRtos/Lib/net/uip-netif.o
 .data          0x00800167        0x0 ../../freeRtos/Lib/net/ipv6-nd.o
 .data          0x00800167        0x0 ../../freeRtos/Lib/Rs485_prot.o
 .data          0x00800167       0x1b ../../freeRtos/Source/tasks.o
 .data          0x00800182        0x0 ../../freeRtos/Source/queue.o
 .data          0x00800182        0x0 ../../freeRtos/Source/list.o
 .data          0x00800182        0x0 ../../freeRtos/Source/croutine.o
 .data          0x00800182        0x0 ../../freeRtos/portable/MemMang/heap_avr.o
 .data          0x00800182        0x0 ../../freeRtos/portable/GCC/ATMega64/port.o
 .data          0x00800182        0x0 /usr/lib/gcc/avr/4.3.5/avr51/libgcc.a(_udivmodqi4.o)
 .data          0x00800182        0x0 /usr/lib/gcc/avr/4.3.5/avr51/libgcc.a(_udivmodhi4.o)
 .data          0x00800182        0x0 /usr/lib/gcc/avr/4.3.5/avr51/libgcc.a(_exit.o)
 .data          0x00800182        0x0 /usr/lib/gcc/avr/4.3.5/avr51/libgcc.a(_clear_bss.o)
 .data          0x00800182        0x6 /usr/lib/gcc/avr/4.3.5/../../../avr/lib/avr51/libc.a(malloc.o)
                0x00800182                __malloc_margin
                0x00800184                __malloc_heap_start
                0x00800186                __malloc_heap_end
 .data          0x00800188        0x0 /usr/lib/gcc/avr/4.3.5/../../../avr/lib/avr51/libc.a(strtol.o)
 .data          0x00800188        0x0 /usr/lib/gcc/avr/4.3.5/../../../avr/lib/avr51/libc.a(isspace.o)
 .data          0x00800188        0x0 /usr/lib/gcc/avr/4.3.5/../../../avr/lib/avr51/libc.a(memcpy_P.o)
 .data          0x00800188        0x0 /usr/lib/gcc/avr/4.3.5/../../../avr/lib/avr51/libc.a(strncmp_P.o)
 .data          0x00800188        0x0 /usr/lib/gcc/avr/4.3.5/../../../avr/lib/avr51/libc.a(memcmp.o)
 .data          0x00800188        0x0 /usr/lib/gcc/avr/4.3.5/../../../avr/lib/avr51/libc.a(memcpy.o)
 .data          0x00800188        0x0 /usr/lib/gcc/avr/4.3.5/../../../avr/lib/avr51/libc.a(memset.o)
 .data          0x00800188        0x0 /usr/lib/gcc/avr/4.3.5/../../../avr/lib/avr51/libc.a(strcat.o)
 .data          0x00800188        0x0 /usr/lib/gcc/avr/4.3.5/../../../avr/lib/avr51/libc.a(strcpy.o)
 .data          0x00800188        0x0 /usr/lib/gcc/avr/4.3.5/../../../avr/lib/avr51/libc.a(strncmp.o)
 .data          0x00800188        0x0 /usr/lib/gcc/avr/4.3.5/../../../avr/lib/avr51/libc.a(strncpy.o)
 .data          0x00800188        0x0 /usr/lib/gcc/avr/4.3.5/../../../avr/lib/avr51/libc.a(fclose.o)
 .data          0x00800188        0x0 /usr/lib/gcc/avr/4.3.5/../../../avr/lib/avr51/libc.a(fgetc.o)
 .data          0x00800188        0x0 /usr/lib/gcc/avr/4.3.5/../../../avr/lib/avr51/libc.a(fprintf.o)
 .data          0x00800188        0x0 /usr/lib/gcc/avr/4.3.5/../../../avr/lib/avr51/libc.a(fprintf_p.o)
 .data          0x00800188        0x0 /usr/lib/gcc/avr/4.3.5/../../../avr/lib/avr51/libc.a(fputc.o)
 .data          0x00800188        0x0 /usr/lib/gcc/avr/4.3.5/../../../avr/lib/avr51/libc.a(fputs.o)
 .data          0x00800188        0x0 /usr/lib/gcc/avr/4.3.5/../../../avr/lib/avr51/libc.a(iob.o)
 .data          0x00800188        0x0 /usr/lib/gcc/avr/4.3.5/../../../avr/lib/avr51/libc.a(sprintf.o)
 .data          0x00800188        0x0 /usr/lib/gcc/avr/4.3.5/../../../avr/lib/avr51/libc.a(vfprintf_std.o)
 .data          0x00800188        0x0 /usr/lib/gcc/avr/4.3.5/../../../avr/lib/avr51/libc.a(eerd_block_atmega128.o)
 .data          0x00800188        0x0 /usr/lib/gcc/avr/4.3.5/../../../avr/lib/avr51/libc.a(eerd_dword_atmega128.o)
 .data          0x00800188        0x0 /usr/lib/gcc/avr/4.3.5/../../../avr/lib/avr51/libc.a(eerd_word_atmega128.o)
 .data          0x00800188        0x0 /usr/lib/gcc/avr/4.3.5/../../../avr/lib/avr51/libc.a(eeupd_block_atmega128.o)
 .data          0x00800188        0x0 /usr/lib/gcc/avr/4.3.5/../../../avr/lib/avr51/libc.a(eeupd_byte_atmega128.o)
 .data          0x00800188        0x0 /usr/lib/gcc/avr/4.3.5/../../../avr/lib/avr51/libc.a(eeupd_dword_atmega128.o)
 .data          0x00800188        0x0 /usr/lib/gcc/avr/4.3.5/../../../avr/lib/avr51/libc.a(eeupd_word_atmega128.o)
 .data          0x00800188        0x0 /usr/lib/gcc/avr/4.3.5/../../../avr/lib/avr51/libc.a(errno.o)
 .data          0x00800188        0x0 /usr/lib/gcc/avr/4.3.5/../../../avr/lib/avr51/libc.a(cty_isfalse.o)
 .data          0x00800188        0x0 /usr/lib/gcc/avr/4.3.5/../../../avr/lib/avr51/libc.a(strnlen_P.o)
 .data          0x00800188        0x0 /usr/lib/gcc/avr/4.3.5/../../../avr/lib/avr51/libc.a(strnlen.o)
 .data          0x00800188        0x0 /usr/lib/gcc/avr/4.3.5/../../../avr/lib/avr51/libc.a(ultoa_invert.o)
 .data          0x00800188        0x0 /usr/lib/gcc/avr/4.3.5/avr51/libgcc.a(_mulsi3.o)
 .data          0x00800188        0x0 /usr/lib/gcc/avr/4.3.5/avr51/libgcc.a(_udivmodsi4.o)
 *(.data*)
 *(.rodata)
 *(.rodata*)
 *(.gnu.linkonce.d*)
                0x00800188                . = ALIGN (0x2)
                0x00800188                _edata = .
                0x00800188                PROVIDE (__data_end, .)

.bss            0x00800188      0xe79
                0x00800188                PROVIDE (__bss_start, .)
 *(.bss)
 .bss           0x00800188        0x0 /usr/lib/gcc/avr/4.3.5/../../../avr/lib/avr51/crtm128.o
 .bss           0x00800188        0x1 main.o
                0x00800188                timer100Hz
 .bss           0x00800189        0x0 configuration.o
 .bss           0x00800189        0x5 serial.o
 .bss           0x0080018e        0x2 hardware.o
 .bss           0x00800190        0x0 sensors_task.o
 .bss           0x00800190        0x0 vty.o
 .bss           0x00800190        0x0 netstack_task.o
 .bss           0x00800190        0x0 cli_task.o
 .bss           0x00800190        0x0 ../../freeRtos/Lib/spi.o
 .bss           0x00800190        0x0 ../../freeRtos/Lib/memory_x.o
 .bss           0x00800190        0x0 ../../freeRtos/Lib/ramdysk.o
 .bss           0x00800190        0x0 ../../freeRtos/Lib/cmdline.o
 .bss           0x00800190        0x0 ../../freeRtos/Lib/xmodem.o
 .bss           0x00800190        0x0 ../../freeRtos/Lib/vt100.o
 .bss           0x00800190        0x0 ../../freeRtos/Lib/ds1305.o
 .bss           0x00800190        0x0 ../../freeRtos/Lib/mpc23s17.o
 .bss           0x00800190        0x0 ../../freeRtos/Lib/mcp3008.o
 .bss           0x00800190        0x0 ../../freeRtos/Lib/mcp4150.o
 .bss           0x00800190        0x3 ../../freeRtos/Lib/enc28j60.o
 .bss           0x00800193        0x0 ../../freeRtos/Lib/queueStream.o
 .bss           0x00800193        0x0 ../../freeRtos/Lib/net/nic.o
 .bss           0x00800193        0x0 ../../freeRtos/Lib/net/net.o
 .bss           0x00800193        0x0 ../../freeRtos/Lib/net/ip.o
 .bss           0x00800193        0x0 ../../freeRtos/Lib/net/icmp.o
 .bss           0x00800193        0x0 ../../freeRtos/Lib/net/arp.o
 .bss           0x00800193        0x0 ../../freeRtos/Lib/net/tcp.o
 .bss           0x00800193        0x0 ../../freeRtos/Lib/net/udp.o
 .bss           0x00800193        0x0 ../../freeRtos/Lib/net/ipv6.o
 .bss           0x00800193       0x10 ../../freeRtos/Lib/net/icmp6.o
 .bss           0x008001a3        0x0 ../../freeRtos/Lib/net/checksum.o
 .bss           0x008001a3        0x0 ../../freeRtos/Lib/net/uip-netif.o
 .bss           0x008001a3        0x5 ../../freeRtos/Lib/net/ipv6-nd.o
 .bss           0x008001a8        0x0 ../../freeRtos/Lib/Rs485_prot.o
 .bss           0x008001a8       0x89 ../../freeRtos/Source/tasks.o
                0x008001a8                pxCurrentTCB
 .bss           0x00800231        0x0 ../../freeRtos/Source/queue.o
 .bss           0x00800231        0x0 ../../freeRtos/Source/list.o
 .bss           0x00800231       0x31 ../../freeRtos/Source/croutine.o
                0x00800231                pxCurrentCoRoutine
 .bss           0x00800262      0xc1e ../../freeRtos/portable/MemMang/heap_avr.o
 .bss           0x00800e80        0x0 ../../freeRtos/portable/GCC/ATMega64/port.o
 .bss           0x00800e80        0x0 /usr/lib/gcc/avr/4.3.5/avr51/libgcc.a(_udivmodqi4.o)
 .bss           0x00800e80        0x0 /usr/lib/gcc/avr/4.3.5/avr51/libgcc.a(_udivmodhi4.o)
 .bss           0x00800e80        0x0 /usr/lib/gcc/avr/4.3.5/avr51/libgcc.a(_exit.o)
 .bss           0x00800e80        0x0 /usr/lib/gcc/avr/4.3.5/avr51/libgcc.a(_clear_bss.o)
 .bss           0x00800e80        0x0 /usr/lib/gcc/avr/4.3.5/../../../avr/lib/avr51/libc.a(malloc.o)
 .bss           0x00800e80        0x0 /usr/lib/gcc/avr/4.3.5/../../../avr/lib/avr51/libc.a(strtol.o)
 .bss           0x00800e80        0x0 /usr/lib/gcc/avr/4.3.5/../../../avr/lib/avr51/libc.a(isspace.o)
 .bss           0x00800e80        0x0 /usr/lib/gcc/avr/4.3.5/../../../avr/lib/avr51/libc.a(memcpy_P.o)
 .bss           0x00800e80        0x0 /usr/lib/gcc/avr/4.3.5/../../../avr/lib/avr51/libc.a(strncmp_P.o)
 .bss           0x00800e80        0x0 /usr/lib/gcc/avr/4.3.5/../../../avr/lib/avr51/libc.a(memcmp.o)
 .bss           0x00800e80        0x0 /usr/lib/gcc/avr/4.3.5/../../../avr/lib/avr51/libc.a(memcpy.o)
 .bss           0x00800e80        0x0 /usr/lib/gcc/avr/4.3.5/../../../avr/lib/avr51/libc.a(memset.o)
 .bss           0x00800e80        0x0 /usr/lib/gcc/avr/4.3.5/../../../avr/lib/avr51/libc.a(strcat.o)
 .bss           0x00800e80        0x0 /usr/lib/gcc/avr/4.3.5/../../../avr/lib/avr51/libc.a(strcpy.o)
 .bss           0x00800e80        0x0 /usr/lib/gcc/avr/4.3.5/../../../avr/lib/avr51/libc.a(strncmp.o)
 .bss           0x00800e80        0x0 /usr/lib/gcc/avr/4.3.5/../../../avr/lib/avr51/libc.a(strncpy.o)
 .bss           0x00800e80        0x0 /usr/lib/gcc/avr/4.3.5/../../../avr/lib/avr51/libc.a(fclose.o)
 .bss           0x00800e80        0x0 /usr/lib/gcc/avr/4.3.5/../../../avr/lib/avr51/libc.a(fgetc.o)
 .bss           0x00800e80        0x0 /usr/lib/gcc/avr/4.3.5/../../../avr/lib/avr51/libc.a(fprintf.o)
 .bss           0x00800e80        0x0 /usr/lib/gcc/avr/4.3.5/../../../avr/lib/avr51/libc.a(fprintf_p.o)
 .bss           0x00800e80        0x0 /usr/lib/gcc/avr/4.3.5/../../../avr/lib/avr51/libc.a(fputc.o)
 .bss           0x00800e80        0x0 /usr/lib/gcc/avr/4.3.5/../../../avr/lib/avr51/libc.a(fputs.o)
 .bss           0x00800e80        0x0 /usr/lib/gcc/avr/4.3.5/../../../avr/lib/avr51/libc.a(iob.o)
 .bss           0x00800e80        0x0 /usr/lib/gcc/avr/4.3.5/../../../avr/lib/avr51/libc.a(sprintf.o)
 .bss           0x00800e80        0x0 /usr/lib/gcc/avr/4.3.5/../../../avr/lib/avr51/libc.a(vfprintf_std.o)
 .bss           0x00800e80        0x0 /usr/lib/gcc/avr/4.3.5/../../../avr/lib/avr51/libc.a(eerd_block_atmega128.o)
 .bss           0x00800e80        0x0 /usr/lib/gcc/avr/4.3.5/../../../avr/lib/avr51/libc.a(eerd_dword_atmega128.o)
 .bss           0x00800e80        0x0 /usr/lib/gcc/avr/4.3.5/../../../avr/lib/avr51/libc.a(eerd_word_atmega128.o)
 .bss           0x00800e80        0x0 /usr/lib/gcc/avr/4.3.5/../../../avr/lib/avr51/libc.a(eeupd_block_atmega128.o)
 .bss           0x00800e80        0x0 /usr/lib/gcc/avr/4.3.5/../../../avr/lib/avr51/libc.a(eeupd_byte_atmega128.o)
 .bss           0x00800e80        0x0 /usr/lib/gcc/avr/4.3.5/../../../avr/lib/avr51/libc.a(eeupd_dword_atmega128.o)
 .bss           0x00800e80        0x0 /usr/lib/gcc/avr/4.3.5/../../../avr/lib/avr51/libc.a(eeupd_word_atmega128.o)
 .bss           0x00800e80        0x0 /usr/lib/gcc/avr/4.3.5/../../../avr/lib/avr51/libc.a(errno.o)
 .bss           0x00800e80        0x0 /usr/lib/gcc/avr/4.3.5/../../../avr/lib/avr51/libc.a(cty_isfalse.o)
 .bss           0x00800e80        0x0 /usr/lib/gcc/avr/4.3.5/../../../avr/lib/avr51/libc.a(strnlen_P.o)
 .bss           0x00800e80        0x0 /usr/lib/gcc/avr/4.3.5/../../../avr/lib/avr51/libc.a(strnlen.o)
 .bss           0x00800e80        0x0 /usr/lib/gcc/avr/4.3.5/../../../avr/lib/avr51/libc.a(ultoa_invert.o)
 .bss           0x00800e80        0x0 /usr/lib/gcc/avr/4.3.5/avr51/libgcc.a(_mulsi3.o)
 .bss           0x00800e80        0x0 /usr/lib/gcc/avr/4.3.5/avr51/libgcc.a(_udivmodsi4.o)
 *(.bss*)
 *(COMMON)
 COMMON         0x00800e80       0xff main.o
                0x00800e80                usbStream
                0x00800e8e                portB
                0x00800e8f                uip_netif_physical_if
                0x00800e91                wwwport
                0x00800e92                xVtyTx
                0x00800e94                udpDbgLevel
                0x00800e95                nicState
                0x00800ea3                arpDebug
                0x00800ea5                udpStream
                0x00800eb3                xRs485Rec
                0x00800eb5                CLIStateSerialUsb
                0x00800eb7                lockSensors
                0x00800eb9                udpSocket
                0x00800ebb                temperature
                0x00800ebc                tcpDebugLevel
                0x00800ebd                xHandleSensors
                0x00800ebf                rollers
                0x00800ec1                icmpDebug
                0x00800ec3                voltage
                0x00800ec4                xVtyRec
                0x00800ec6                xSemaphoreRs485
                0x00800ec8                plen
                0x00800eca                xHandleVTY_UDP
                0x00800ecc                czasRtc
                0x00800ed3                xHandleVTY_USB
                0x00800ed5                sockets
                0x00800ed7                xSemaphoreSpiSS
                0x00800ed9                udpDbgStream
                0x00800edb                portA
                0x00800edc                xRs485Tx
                0x00800ede                udpBuffers
                0x00800ee2                klastry
                0x00800f62                xHandleEnc
                0x00800f64                debugStream
                0x00800f66                icmpDebugLevel
                0x00800f67                tcpDebugStream
                0x00800f69                uip_ext_len
                0x00800f6a                IpMyConfig
                0x00800f79                uip_ext_opt_offset
                0x00800f7a                entries
                0x00800f7c                arpDebugLevel
                0x00800f7d                CLIStateSerialUdp
 COMMON         0x00800f7f        0x2 hardware.o
                0x00800f7f                xSpiRx
 COMMON         0x00800f81        0x6 vty.o
                0x00800f81                fdVty
 COMMON         0x00800f87       0x6e ../../freeRtos/Lib/net/arp.o
                0x00800f87                ArpTable
 COMMON         0x00800ff5        0x4 /usr/lib/gcc/avr/4.3.5/../../../avr/lib/avr51/libc.a(malloc.o)
                0x00800ff5                __brkval
                0x00800ff7                __flp
 COMMON         0x00800ff9        0x6 /usr/lib/gcc/avr/4.3.5/../../../avr/lib/avr51/libc.a(iob.o)
                0x00800ff9                __iob
 COMMON         0x00800fff        0x2 /usr/lib/gcc/avr/4.3.5/../../../avr/lib/avr51/libc.a(errno.o)
                0x00800fff                errno
                0x00801001                PROVIDE (__bss_end, .)
                0x0000ea8c                __data_load_start = LOADADDR (.data)
                0x0000eb14                __data_load_end = (__data_load_start + SIZEOF (.data))

.noinit         0x00801001        0x0
                0x00801001                PROVIDE (__noinit_start, .)
 *(.noinit*)
                0x00801001                PROVIDE (__noinit_end, .)
                0x00801001                _end = .
                0x00801001                PROVIDE (__heap_start, .)

.eeprom         0x00810000       0x32
 *(.eeprom*)
 .eeprom        0x00810000       0x18 configuration.o
 .eeprom        0x00810018        0x6 ../../freeRtos/Lib/net/nic.o
 .eeprom        0x0081001e        0xc ../../freeRtos/Lib/net/ip.o
 .eeprom        0x0081002a        0x8 ../../freeRtos/Lib/net/udp.o
                0x00810032                __eeprom_end = .

.fuse
 *(.fuse)
 *(.lfuse)
 *(.hfuse)
 *(.efuse)

.lock
 *(.lock*)

.signature
 *(.signature*)

.stab           0x00000000    0x1e7ec
 *(.stab)
 .stab          0x00000000      0x750 /usr/lib/gcc/avr/4.3.5/../../../avr/lib/avr51/crtm128.o
 .stab          0x00000750     0x10d4 main.o
                               0x10e0 (size before relaxing)
 .stab          0x00001824      0x60c configuration.o
                                0xe88 (size before relaxing)
 .stab          0x00001e30     0x11b8 serial.o
                               0x1758 (size before relaxing)
 .stab          0x00002fe8      0xf18 hardware.o
                               0x1884 (size before relaxing)
 .stab          0x00003f00      0x5b8 sensors_task.o
                                0xf18 (size before relaxing)
 .stab          0x000044b8     0x24c0 vty.o
                               0x2e38 (size before relaxing)
 .stab          0x00006978      0x618 netstack_task.o
                                0xf78 (size before relaxing)
 .stab          0x00006f90      0x378 cli_task.o
                                0x684 (size before relaxing)
 .stab          0x00007308      0x78c ../../freeRtos/Lib/spi.o
                               0x10f8 (size before relaxing)
 .stab          0x00007a94      0x1d4 ../../freeRtos/Lib/memory_x.o
                                0x240 (size before relaxing)
 .stab          0x00007c68     0x1b3c ../../freeRtos/Lib/ramdysk.o
                               0x2448 (size before relaxing)
 .stab          0x000097a4     0x1614 ../../freeRtos/Lib/cmdline.o
                               0x1f8c (size before relaxing)
 .stab          0x0000adb8      0x480 ../../freeRtos/Lib/xmodem.o
                                0xdf8 (size before relaxing)
 .stab          0x0000b238      0x66c ../../freeRtos/Lib/vt100.o
                                0xfd8 (size before relaxing)
 .stab          0x0000b8a4      0x7c8 ../../freeRtos/Lib/ds1305.o
                                0xb4c (size before relaxing)
 .stab          0x0000c06c      0xd80 ../../freeRtos/Lib/mpc23s17.o
                               0x1704 (size before relaxing)
 .stab          0x0000cdec      0x6d8 ../../freeRtos/Lib/mcp3008.o
                               0x1050 (size before relaxing)
 .stab          0x0000d4c4      0x5a0 ../../freeRtos/Lib/mcp4150.o
                                0xf18 (size before relaxing)
 .stab          0x0000da64     0x114c ../../freeRtos/Lib/enc28j60.o
                               0x1aac (size before relaxing)
 .stab          0x0000ebb0      0x33c ../../freeRtos/Lib/queueStream.o
                                0x5e8 (size before relaxing)
 .stab          0x0000eeec      0x570 ../../freeRtos/Lib/net/nic.o
                                0x834 (size before relaxing)
 .stab          0x0000f45c      0x7f8 ../../freeRtos/Lib/net/net.o
                                0xb34 (size before relaxing)
 .stab          0x0000fc54      0xa80 ../../freeRtos/Lib/net/ip.o
                                0xfb4 (size before relaxing)
 .stab          0x000106d4      0x6cc ../../freeRtos/Lib/net/icmp.o
                                0xc18 (size before relaxing)
 .stab          0x00010da0      0xb88 ../../freeRtos/Lib/net/arp.o
                               0x10d4 (size before relaxing)
 .stab          0x00011928      0xa74 ../../freeRtos/Lib/net/tcp.o
                                0xf60 (size before relaxing)
 .stab          0x0001239c      0x8b8 ../../freeRtos/Lib/net/udp.o
                                0xe04 (size before relaxing)
 .stab          0x00012c54      0xcc0 ../../freeRtos/Lib/net/ipv6.o
                               0x1218 (size before relaxing)
 .stab          0x00013914      0x438 ../../freeRtos/Lib/net/icmp6.o
                                0xa2c (size before relaxing)
 .stab          0x00013d4c      0x60c ../../freeRtos/Lib/net/checksum.o
                                0xc00 (size before relaxing)
 .stab          0x00014358      0x558 ../../freeRtos/Lib/net/uip-netif.o
                                0xb58 (size before relaxing)
 .stab          0x000148b0      0xa2c ../../freeRtos/Lib/net/ipv6-nd.o
                               0x102c (size before relaxing)
 .stab          0x000152dc     0x20c4 ../../freeRtos/Lib/Rs485_prot.o
                               0x2a0c (size before relaxing)
 .stab          0x000173a0     0x1a04 ../../freeRtos/Source/tasks.o
                               0x1d7c (size before relaxing)
 .stab          0x00018da4     0x105c ../../freeRtos/Source/queue.o
                               0x12e4 (size before relaxing)
 .stab          0x00019e00      0x534 ../../freeRtos/Source/list.o
                                0x810 (size before relaxing)
 .stab          0x0001a334      0x738 ../../freeRtos/Source/croutine.o
                                0xa74 (size before relaxing)
 .stab          0x0001aa6c      0x36c ../../freeRtos/portable/MemMang/heap_avr.o
                                0x6a8 (size before relaxing)
 .stab          0x0001add8      0x624 ../../freeRtos/portable/GCC/ATMega64/port.o
                                0x960 (size before relaxing)
 .stab          0x0001b3fc      0x6cc /usr/lib/gcc/avr/4.3.5/../../../avr/lib/avr51/libc.a(malloc.o)
                                0x6fc (size before relaxing)
 .stab          0x0001bac8      0x3a8 /usr/lib/gcc/avr/4.3.5/../../../avr/lib/avr51/libc.a(strtol.o)
                                0x408 (size before relaxing)
 .stab          0x0001be70       0x9c /usr/lib/gcc/avr/4.3.5/../../../avr/lib/avr51/libc.a(isspace.o)
                                 0xa8 (size before relaxing)
 .stab          0x0001bf0c       0x84 /usr/lib/gcc/avr/4.3.5/../../../avr/lib/avr51/libc.a(memcpy_P.o)
                                 0x90 (size before relaxing)
 .stab          0x0001bf90       0xc0 /usr/lib/gcc/avr/4.3.5/../../../avr/lib/avr51/libc.a(strncmp_P.o)
                                 0xcc (size before relaxing)
 .stab          0x0001c050       0xb4 /usr/lib/gcc/avr/4.3.5/../../../avr/lib/avr51/libc.a(memcmp.o)
                                 0xc0 (size before relaxing)
 .stab          0x0001c104       0x84 /usr/lib/gcc/avr/4.3.5/../../../avr/lib/avr51/libc.a(memcpy.o)
                                 0x90 (size before relaxing)
 .stab          0x0001c188       0x6c /usr/lib/gcc/avr/4.3.5/../../../avr/lib/avr51/libc.a(memset.o)
                                 0x78 (size before relaxing)
 .stab          0x0001c1f4       0x9c /usr/lib/gcc/avr/4.3.5/../../../avr/lib/avr51/libc.a(strcat.o)
                                 0xa8 (size before relaxing)
 .stab          0x0001c290       0x6c /usr/lib/gcc/avr/4.3.5/../../../avr/lib/avr51/libc.a(strcpy.o)
                                 0x78 (size before relaxing)
 .stab          0x0001c2fc       0xc0 /usr/lib/gcc/avr/4.3.5/../../../avr/lib/avr51/libc.a(strncmp.o)
                                 0xcc (size before relaxing)
 .stab          0x0001c3bc       0xcc /usr/lib/gcc/avr/4.3.5/../../../avr/lib/avr51/libc.a(strncpy.o)
                                 0xd8 (size before relaxing)
 .stab          0x0001c488      0x204 /usr/lib/gcc/avr/4.3.5/../../../avr/lib/avr51/libc.a(fclose.o)
                                0x414 (size before relaxing)
 .stab          0x0001c68c      0x24c /usr/lib/gcc/avr/4.3.5/../../../avr/lib/avr51/libc.a(fgetc.o)
                                0x42c (size before relaxing)
 .stab          0x0001c8d8      0x198 /usr/lib/gcc/avr/4.3.5/../../../avr/lib/avr51/libc.a(fprintf.o)
                                0x378 (size before relaxing)
 .stab          0x0001ca70      0x1bc /usr/lib/gcc/avr/4.3.5/../../../avr/lib/avr51/libc.a(fprintf_p.o)
                                0x39c (size before relaxing)
 .stab          0x0001cc2c      0x1d4 /usr/lib/gcc/avr/4.3.5/../../../avr/lib/avr51/libc.a(fputc.o)
                                0x3b4 (size before relaxing)
 .stab          0x0001ce00      0x1d4 /usr/lib/gcc/avr/4.3.5/../../../avr/lib/avr51/libc.a(fputs.o)
                                0x3b4 (size before relaxing)
 .stab          0x0001cfd4      0x12c /usr/lib/gcc/avr/4.3.5/../../../avr/lib/avr51/libc.a(iob.o)
                                0x30c (size before relaxing)
 .stab          0x0001d100      0x1f8 /usr/lib/gcc/avr/4.3.5/../../../avr/lib/avr51/libc.a(sprintf.o)
                                0x3d8 (size before relaxing)
 .stab          0x0001d2f8      0x918 /usr/lib/gcc/avr/4.3.5/../../../avr/lib/avr51/libc.a(vfprintf_std.o)
                                0xb58 (size before relaxing)
 .stab          0x0001dc10      0x108 /usr/lib/gcc/avr/4.3.5/../../../avr/lib/avr51/libc.a(eerd_block_atmega128.o)
                                0x114 (size before relaxing)
 .stab          0x0001dd18       0x78 /usr/lib/gcc/avr/4.3.5/../../../avr/lib/avr51/libc.a(eerd_dword_atmega128.o)
                                 0x84 (size before relaxing)
 .stab          0x0001dd90       0x6c /usr/lib/gcc/avr/4.3.5/../../../avr/lib/avr51/libc.a(eerd_word_atmega128.o)
                                 0x78 (size before relaxing)
 .stab          0x0001ddfc       0xe4 /usr/lib/gcc/avr/4.3.5/../../../avr/lib/avr51/libc.a(eeupd_block_atmega128.o)
                                 0xf0 (size before relaxing)
 .stab          0x0001dee0      0x108 /usr/lib/gcc/avr/4.3.5/../../../avr/lib/avr51/libc.a(eeupd_byte_atmega128.o)
                                0x114 (size before relaxing)
 .stab          0x0001dfe8       0x9c /usr/lib/gcc/avr/4.3.5/../../../avr/lib/avr51/libc.a(eeupd_dword_atmega128.o)
                                 0xa8 (size before relaxing)
 .stab          0x0001e084       0x60 /usr/lib/gcc/avr/4.3.5/../../../avr/lib/avr51/libc.a(eeupd_word_atmega128.o)
                                 0x6c (size before relaxing)
 .stab          0x0001e0e4       0xf0 /usr/lib/gcc/avr/4.3.5/../../../avr/lib/avr51/libc.a(errno.o)
                                 0xfc (size before relaxing)
 .stab          0x0001e1d4       0x60 /usr/lib/gcc/avr/4.3.5/../../../avr/lib/avr51/libc.a(cty_isfalse.o)
                                 0x6c (size before relaxing)
 .stab          0x0001e234       0x9c /usr/lib/gcc/avr/4.3.5/../../../avr/lib/avr51/libc.a(strnlen_P.o)
                                 0xa8 (size before relaxing)
 .stab          0x0001e2d0       0x9c /usr/lib/gcc/avr/4.3.5/../../../avr/lib/avr51/libc.a(strnlen.o)
                                 0xa8 (size before relaxing)
 .stab          0x0001e36c      0x480 /usr/lib/gcc/avr/4.3.5/../../../avr/lib/avr51/libc.a(ultoa_invert.o)
                                0x48c (size before relaxing)

.stabstr        0x00000000     0xfe0b
 *(.stabstr)
 .stabstr       0x00000000     0xfe0b /usr/lib/gcc/avr/4.3.5/../../../avr/lib/avr51/crtm128.o

.stab.excl
 *(.stab.excl)

.stab.exclstr
 *(.stab.exclstr)

.stab.index
 *(.stab.index)

.stab.indexstr
 *(.stab.indexstr)

.comment
 *(.comment)

.debug
 *(.debug)

.line
 *(.line)

.debug_srcinfo
 *(.debug_srcinfo)

.debug_sfnames
 *(.debug_sfnames)

.debug_aranges
 *(.debug_aranges)

.debug_pubnames
 *(.debug_pubnames)

.debug_info
 *(.debug_info)
 *(.gnu.linkonce.wi.*)

.debug_abbrev
 *(.debug_abbrev)

.debug_line
 *(.debug_line)

.debug_frame
 *(.debug_frame)

.debug_str
 *(.debug_str)

.debug_loc
 *(.debug_loc)

.debug_macinfo
 *(.debug_macinfo)
OUTPUT(firmware.elf elf32-avr)
LOAD linker stubs

Cross Reference Table

Symbol                                            File
ArpTable                                          ../../freeRtos/Lib/net/arp.o
BladBuforaPozostaloBajtowStr                      vty.o
CLIStateSerialUdp                                 main.o
CLIStateSerialUsb                                 main.o
CmdlineCmdNotFound                                ../../freeRtos/Lib/cmdline.o
CmdlineNotice                                     ../../freeRtos/Lib/cmdline.o
CmdlinePromptConfigure                            ../../freeRtos/Lib/cmdline.o
CmdlinePromptEnable                               ../../freeRtos/Lib/cmdline.o
CmdlinePromptNormal                               ../../freeRtos/Lib/cmdline.o
InterruptVtyOn                                    serial.o
IpMyConfig                                        ../../freeRtos/Lib/Rs485_prot.o
                                                  ../../freeRtos/Lib/net/ipv6-nd.o
                                                  ../../freeRtos/Lib/net/uip-netif.o
                                                  ../../freeRtos/Lib/net/checksum.o
                                                  ../../freeRtos/Lib/net/icmp6.o
                                                  ../../freeRtos/Lib/net/ipv6.o
                                                  ../../freeRtos/Lib/net/udp.o
                                                  ../../freeRtos/Lib/net/tcp.o
                                                  ../../freeRtos/Lib/net/arp.o
                                                  ../../freeRtos/Lib/net/icmp.o
                                                  ../../freeRtos/Lib/net/ip.o
                                                  ../../freeRtos/Lib/enc28j60.o
                                                  ../../freeRtos/Lib/mcp4150.o
                                                  ../../freeRtos/Lib/mcp3008.o
                                                  ../../freeRtos/Lib/mpc23s17.o
                                                  ../../freeRtos/Lib/vt100.o
                                                  ../../freeRtos/Lib/xmodem.o
                                                  ../../freeRtos/Lib/cmdline.o
                                                  ../../freeRtos/Lib/ramdysk.o
                                                  ../../freeRtos/Lib/spi.o
                                                  netstack_task.o
                                                  vty.o
                                                  sensors_task.o
                                                  hardware.o
                                                  serial.o
                                                  configuration.o
                                                  main.o
LockersMemInit                                    hardware.o
                                                  sensors_task.o
MCP3008_getSampleDiff                             ../../freeRtos/Lib/mcp3008.o
MCP3008_getSampleSingle                           ../../freeRtos/Lib/mcp3008.o
                                                  vty.o
                                                  sensors_task.o
                                                  hardware.o
MCP4150_setValue                                  ../../freeRtos/Lib/mcp4150.o
                                                  vty.o
MPC23s17ClearBitsOnPortA                          ../../freeRtos/Lib/mpc23s17.o
                                                  hardware.o
MPC23s17ClearBitsOnPortB                          ../../freeRtos/Lib/mpc23s17.o
MPC23s17ReadPortA                                 ../../freeRtos/Lib/mpc23s17.o
MPC23s17ReadPortB                                 ../../freeRtos/Lib/mpc23s17.o
MPC23s17SetBitsOnPortA                            ../../freeRtos/Lib/mpc23s17.o
                                                  hardware.o
MPC23s17SetBitsOnPortB                            ../../freeRtos/Lib/mpc23s17.o
MPC23s17SetDirA                                   ../../freeRtos/Lib/mpc23s17.o
                                                  vty.o
                                                  sensors_task.o
MPC23s17SetDirB                                   ../../freeRtos/Lib/mpc23s17.o
                                                  vty.o
                                                  sensors_task.o
MPC23s17SetPortA                                  ../../freeRtos/Lib/mpc23s17.o
                                                  vty.o
MPC23s17SetPortB                                  ../../freeRtos/Lib/mpc23s17.o
                                                  vty.o
VtyGetChar                                        serial.o
VtyInit                                           vty.o
                                                  main.o
VtyPutChar                                        serial.o
__bad_interrupt                                   /usr/lib/gcc/avr/4.3.5/../../../avr/lib/avr51/crtm128.o
__brkval                                          /usr/lib/gcc/avr/4.3.5/../../../avr/lib/avr51/libc.a(malloc.o)
__bss_end                                         /usr/lib/gcc/avr/4.3.5/avr51/libgcc.a(_clear_bss.o)
__bss_start                                       /usr/lib/gcc/avr/4.3.5/avr51/libgcc.a(_clear_bss.o)
__ctype_isfalse                                   /usr/lib/gcc/avr/4.3.5/../../../avr/lib/avr51/libc.a(cty_isfalse.o)
                                                  /usr/lib/gcc/avr/4.3.5/../../../avr/lib/avr51/libc.a(isspace.o)
__ctype_istrue                                    /usr/lib/gcc/avr/4.3.5/../../../avr/lib/avr51/libc.a(cty_isfalse.o)
__data_end                                        /usr/lib/gcc/avr/4.3.5/../../../avr/lib/avr51/crtm128.o
__data_load_start                                 /usr/lib/gcc/avr/4.3.5/../../../avr/lib/avr51/crtm128.o
__data_start                                      /usr/lib/gcc/avr/4.3.5/../../../avr/lib/avr51/crtm128.o
__do_clear_bss                                    /usr/lib/gcc/avr/4.3.5/avr51/libgcc.a(_clear_bss.o)
                                                  /usr/lib/gcc/avr/4.3.5/../../../avr/lib/avr51/libc.a(errno.o)
                                                  /usr/lib/gcc/avr/4.3.5/../../../avr/lib/avr51/libc.a(iob.o)
                                                  /usr/lib/gcc/avr/4.3.5/../../../avr/lib/avr51/libc.a(malloc.o)
                                                  ../../freeRtos/portable/MemMang/heap_avr.o
                                                  ../../freeRtos/Source/croutine.o
                                                  ../../freeRtos/Source/tasks.o
                                                  ../../freeRtos/Lib/Rs485_prot.o
                                                  ../../freeRtos/Lib/net/ipv6-nd.o
                                                  ../../freeRtos/Lib/net/uip-netif.o
                                                  ../../freeRtos/Lib/net/checksum.o
                                                  ../../freeRtos/Lib/net/icmp6.o
                                                  ../../freeRtos/Lib/net/ipv6.o
                                                  ../../freeRtos/Lib/net/udp.o
                                                  ../../freeRtos/Lib/net/tcp.o
                                                  ../../freeRtos/Lib/net/arp.o
                                                  ../../freeRtos/Lib/net/icmp.o
                                                  ../../freeRtos/Lib/net/ip.o
                                                  ../../freeRtos/Lib/net/net.o
                                                  ../../freeRtos/Lib/net/nic.o
                                                  ../../freeRtos/Lib/enc28j60.o
                                                  ../../freeRtos/Lib/mcp4150.o
                                                  ../../freeRtos/Lib/mcp3008.o
                                                  ../../freeRtos/Lib/mpc23s17.o
                                                  ../../freeRtos/Lib/ds1305.o
                                                  ../../freeRtos/Lib/vt100.o
                                                  ../../freeRtos/Lib/xmodem.o
                                                  ../../freeRtos/Lib/cmdline.o
                                                  ../../freeRtos/Lib/ramdysk.o
                                                  ../../freeRtos/Lib/spi.o
                                                  cli_task.o
                                                  netstack_task.o
                                                  vty.o
                                                  sensors_task.o
                                                  hardware.o
                                                  serial.o
                                                  configuration.o
                                                  main.o
__do_copy_data                                    /usr/lib/gcc/avr/4.3.5/../../../avr/lib/avr51/crtm128.o
                                                  /usr/lib/gcc/avr/4.3.5/../../../avr/lib/avr51/libc.a(malloc.o)
                                                  ../../freeRtos/Source/tasks.o
                                                  ../../freeRtos/Lib/net/icmp.o
                                                  ../../freeRtos/Lib/net/ip.o
                                                  ../../freeRtos/Lib/vt100.o
                                                  ../../freeRtos/Lib/ramdysk.o
                                                  ../../freeRtos/Lib/memory_x.o
                                                  serial.o
                                                  main.o
__eerd_block_m128                                 /usr/lib/gcc/avr/4.3.5/../../../avr/lib/avr51/libc.a(eerd_block_atmega128.o)
                                                  ../../freeRtos/Lib/net/nic.o
                                                  configuration.o
__eerd_blraw_m128                                 /usr/lib/gcc/avr/4.3.5/../../../avr/lib/avr51/libc.a(eerd_block_atmega128.o)
                                                  /usr/lib/gcc/avr/4.3.5/../../../avr/lib/avr51/libc.a(eerd_word_atmega128.o)
                                                  /usr/lib/gcc/avr/4.3.5/../../../avr/lib/avr51/libc.a(eerd_dword_atmega128.o)
__eerd_dword_m128                                 /usr/lib/gcc/avr/4.3.5/../../../avr/lib/avr51/libc.a(eerd_dword_atmega128.o)
                                                  ../../freeRtos/Lib/net/udp.o
                                                  ../../freeRtos/Lib/net/ip.o
__eerd_float_m128                                 /usr/lib/gcc/avr/4.3.5/../../../avr/lib/avr51/libc.a(eerd_dword_atmega128.o)
__eerd_word_m128                                  /usr/lib/gcc/avr/4.3.5/../../../avr/lib/avr51/libc.a(eerd_word_atmega128.o)
                                                  ../../freeRtos/Lib/net/udp.o
__eeupd_block_m128                                /usr/lib/gcc/avr/4.3.5/../../../avr/lib/avr51/libc.a(eeupd_block_atmega128.o)
                                                  ../../freeRtos/Lib/net/nic.o
__eeupd_byte_m128                                 /usr/lib/gcc/avr/4.3.5/../../../avr/lib/avr51/libc.a(eeupd_byte_atmega128.o)
                                                  /usr/lib/gcc/avr/4.3.5/../../../avr/lib/avr51/libc.a(eeupd_word_atmega128.o)
                                                  /usr/lib/gcc/avr/4.3.5/../../../avr/lib/avr51/libc.a(eeupd_dword_atmega128.o)
__eeupd_dword_m128                                /usr/lib/gcc/avr/4.3.5/../../../avr/lib/avr51/libc.a(eeupd_dword_atmega128.o)
                                                  ../../freeRtos/Lib/net/udp.o
                                                  ../../freeRtos/Lib/net/ip.o
__eeupd_float_m128                                /usr/lib/gcc/avr/4.3.5/../../../avr/lib/avr51/libc.a(eeupd_dword_atmega128.o)
__eeupd_r18_m128                                  /usr/lib/gcc/avr/4.3.5/../../../avr/lib/avr51/libc.a(eeupd_byte_atmega128.o)
                                                  /usr/lib/gcc/avr/4.3.5/../../../avr/lib/avr51/libc.a(eeupd_word_atmega128.o)
                                                  /usr/lib/gcc/avr/4.3.5/../../../avr/lib/avr51/libc.a(eeupd_dword_atmega128.o)
                                                  /usr/lib/gcc/avr/4.3.5/../../../avr/lib/avr51/libc.a(eeupd_block_atmega128.o)
__eeupd_word_m128                                 /usr/lib/gcc/avr/4.3.5/../../../avr/lib/avr51/libc.a(eeupd_word_atmega128.o)
                                                  ../../freeRtos/Lib/net/udp.o
__flp                                             /usr/lib/gcc/avr/4.3.5/../../../avr/lib/avr51/libc.a(malloc.o)
__heap_end                                        /usr/lib/gcc/avr/4.3.5/../../../avr/lib/avr51/crtm128.o
                                                  /usr/lib/gcc/avr/4.3.5/../../../avr/lib/avr51/libc.a(malloc.o)
__heap_start                                      /usr/lib/gcc/avr/4.3.5/../../../avr/lib/avr51/libc.a(malloc.o)
__init                                            /usr/lib/gcc/avr/4.3.5/../../../avr/lib/avr51/crtm128.o
__iob                                             /usr/lib/gcc/avr/4.3.5/../../../avr/lib/avr51/libc.a(iob.o)
                                                  /usr/lib/gcc/avr/4.3.5/../../../avr/lib/avr51/libc.a(fclose.o)
__malloc_heap_end                                 /usr/lib/gcc/avr/4.3.5/../../../avr/lib/avr51/libc.a(malloc.o)
                                                  ../../freeRtos/Lib/memory_x.o
__malloc_heap_start                               /usr/lib/gcc/avr/4.3.5/../../../avr/lib/avr51/libc.a(malloc.o)
__malloc_margin                                   /usr/lib/gcc/avr/4.3.5/../../../avr/lib/avr51/libc.a(malloc.o)
__mulsi3                                          /usr/lib/gcc/avr/4.3.5/avr51/libgcc.a(_mulsi3.o)
                                                  /usr/lib/gcc/avr/4.3.5/../../../avr/lib/avr51/libc.a(strtol.o)
__stack                                           /usr/lib/gcc/avr/4.3.5/../../../avr/lib/avr51/crtm128.o
__udivmodhi4                                      /usr/lib/gcc/avr/4.3.5/avr51/libgcc.a(_udivmodhi4.o)
                                                  sensors_task.o
__udivmodqi4                                      /usr/lib/gcc/avr/4.3.5/avr51/libgcc.a(_udivmodqi4.o)
                                                  vty.o
__udivmodsi4                                      /usr/lib/gcc/avr/4.3.5/avr51/libgcc.a(_udivmodsi4.o)
                                                  /usr/lib/gcc/avr/4.3.5/../../../avr/lib/avr51/libc.a(strtol.o)
__ultoa_invert                                    /usr/lib/gcc/avr/4.3.5/../../../avr/lib/avr51/libc.a(ultoa_invert.o)
                                                  /usr/lib/gcc/avr/4.3.5/../../../avr/lib/avr51/libc.a(vfprintf_std.o)
__vector_1                                        /usr/lib/gcc/avr/4.3.5/../../../avr/lib/avr51/crtm128.o
__vector_10                                       /usr/lib/gcc/avr/4.3.5/../../../avr/lib/avr51/crtm128.o
__vector_11                                       /usr/lib/gcc/avr/4.3.5/../../../avr/lib/avr51/crtm128.o
__vector_12                                       ../../freeRtos/portable/GCC/ATMega64/port.o
                                                  /usr/lib/gcc/avr/4.3.5/../../../avr/lib/avr51/crtm128.o
__vector_13                                       /usr/lib/gcc/avr/4.3.5/../../../avr/lib/avr51/crtm128.o
__vector_14                                       /usr/lib/gcc/avr/4.3.5/../../../avr/lib/avr51/crtm128.o
__vector_15                                       /usr/lib/gcc/avr/4.3.5/../../../avr/lib/avr51/crtm128.o
__vector_16                                       /usr/lib/gcc/avr/4.3.5/../../../avr/lib/avr51/crtm128.o
__vector_17                                       hardware.o
                                                  /usr/lib/gcc/avr/4.3.5/../../../avr/lib/avr51/crtm128.o
__vector_18                                       serial.o
                                                  /usr/lib/gcc/avr/4.3.5/../../../avr/lib/avr51/crtm128.o
__vector_19                                       serial.o
                                                  /usr/lib/gcc/avr/4.3.5/../../../avr/lib/avr51/crtm128.o
__vector_2                                        /usr/lib/gcc/avr/4.3.5/../../../avr/lib/avr51/crtm128.o
__vector_20                                       serial.o
                                                  /usr/lib/gcc/avr/4.3.5/../../../avr/lib/avr51/crtm128.o
__vector_21                                       /usr/lib/gcc/avr/4.3.5/../../../avr/lib/avr51/crtm128.o
__vector_22                                       /usr/lib/gcc/avr/4.3.5/../../../avr/lib/avr51/crtm128.o
__vector_23                                       /usr/lib/gcc/avr/4.3.5/../../../avr/lib/avr51/crtm128.o
__vector_24                                       /usr/lib/gcc/avr/4.3.5/../../../avr/lib/avr51/crtm128.o
__vector_25                                       /usr/lib/gcc/avr/4.3.5/../../../avr/lib/avr51/crtm128.o
__vector_26                                       /usr/lib/gcc/avr/4.3.5/../../../avr/lib/avr51/crtm128.o
__vector_27                                       /usr/lib/gcc/avr/4.3.5/../../../avr/lib/avr51/crtm128.o
__vector_28                                       /usr/lib/gcc/avr/4.3.5/../../../avr/lib/avr51/crtm128.o
__vector_29                                       /usr/lib/gcc/avr/4.3.5/../../../avr/lib/avr51/crtm128.o
__vector_3                                        /usr/lib/gcc/avr/4.3.5/../../../avr/lib/avr51/crtm128.o
__vector_30                                       serial.o
                                                  /usr/lib/gcc/avr/4.3.5/../../../avr/lib/avr51/crtm128.o
__vector_31                                       serial.o
                                                  /usr/lib/gcc/avr/4.3.5/../../../avr/lib/avr51/crtm128.o
__vector_32                                       /usr/lib/gcc/avr/4.3.5/../../../avr/lib/avr51/crtm128.o
__vector_33                                       /usr/lib/gcc/avr/4.3.5/../../../avr/lib/avr51/crtm128.o
__vector_34                                       /usr/lib/gcc/avr/4.3.5/../../../avr/lib/avr51/crtm128.o
__vector_4                                        /usr/lib/gcc/avr/4.3.5/../../../avr/lib/avr51/crtm128.o
__vector_5                                        /usr/lib/gcc/avr/4.3.5/../../../avr/lib/avr51/crtm128.o
__vector_6                                        /usr/lib/gcc/avr/4.3.5/../../../avr/lib/avr51/crtm128.o
__vector_7                                        /usr/lib/gcc/avr/4.3.5/../../../avr/lib/avr51/crtm128.o
__vector_8                                        /usr/lib/gcc/avr/4.3.5/../../../avr/lib/avr51/crtm128.o
__vector_9                                        /usr/lib/gcc/avr/4.3.5/../../../avr/lib/avr51/crtm128.o
__vector_default                                  /usr/lib/gcc/avr/4.3.5/../../../avr/lib/avr51/crtm128.o
__vectors                                         /usr/lib/gcc/avr/4.3.5/../../../avr/lib/avr51/crtm128.o
_exit                                             /usr/lib/gcc/avr/4.3.5/avr51/libgcc.a(_exit.o)
arpArpIn                                          ../../freeRtos/Lib/net/arp.o
                                                  netstack_task.o
arpDebug                                          ../../freeRtos/Lib/Rs485_prot.o
                                                  ../../freeRtos/Lib/net/ipv6-nd.o
                                                  ../../freeRtos/Lib/net/uip-netif.o
                                                  ../../freeRtos/Lib/net/checksum.o
                                                  ../../freeRtos/Lib/net/icmp6.o
                                                  ../../freeRtos/Lib/net/ipv6.o
                                                  ../../freeRtos/Lib/net/udp.o
                                                  ../../freeRtos/Lib/net/tcp.o
                                                  ../../freeRtos/Lib/net/arp.o
                                                  ../../freeRtos/Lib/net/icmp.o
                                                  ../../freeRtos/Lib/net/ip.o
                                                  ../../freeRtos/Lib/enc28j60.o
                                                  ../../freeRtos/Lib/mcp4150.o
                                                  ../../freeRtos/Lib/mcp3008.o
                                                  ../../freeRtos/Lib/mpc23s17.o
                                                  ../../freeRtos/Lib/vt100.o
                                                  ../../freeRtos/Lib/xmodem.o
                                                  ../../freeRtos/Lib/cmdline.o
                                                  ../../freeRtos/Lib/ramdysk.o
                                                  ../../freeRtos/Lib/spi.o
                                                  netstack_task.o
                                                  vty.o
                                                  sensors_task.o
                                                  hardware.o
                                                  serial.o
                                                  configuration.o
                                                  main.o
arpDebugLevel                                     ../../freeRtos/Lib/Rs485_prot.o
                                                  ../../freeRtos/Lib/net/ipv6-nd.o
                                                  ../../freeRtos/Lib/net/uip-netif.o
                                                  ../../freeRtos/Lib/net/checksum.o
                                                  ../../freeRtos/Lib/net/icmp6.o
                                                  ../../freeRtos/Lib/net/ipv6.o
                                                  ../../freeRtos/Lib/net/udp.o
                                                  ../../freeRtos/Lib/net/tcp.o
                                                  ../../freeRtos/Lib/net/arp.o
                                                  ../../freeRtos/Lib/net/icmp.o
                                                  ../../freeRtos/Lib/net/ip.o
                                                  ../../freeRtos/Lib/enc28j60.o