   1               		.file	"configuration.c"
   2               	__SREG__ = 0x3f
   3               	__SP_H__ = 0x3e
   4               	__SP_L__ = 0x3d
   5               	__CCP__  = 0x34
   6               	__tmp_reg__ = 0
   7               	__zero_reg__ = 1
  10               		.text
  11               	.Ltext0:
 258               	.global	saveConfiguration
 260               	saveConfiguration:
 261               		.stabd	46,0,0
   1:configuration.c **** #include "configuration.h"
   2:configuration.c **** #include <avr/eeprom.h>
   3:configuration.c **** #include "hardware.h"
   4:configuration.c **** #include "hardwareConfig.h"
   5:configuration.c **** #include "softwareConfig.h"
   6:configuration.c **** #include "nic.h"
   7:configuration.c **** 
   8:configuration.c **** 
   9:configuration.c **** static struct lockerSensor lockerSensorsEEP[4] __attribute__((section (".eeprom"))) = {{LOCK_SENS_1
  10:configuration.c ****                                                                                        {LOCK_SENS_2
  11:configuration.c ****                                                                                        {LOCK_SENS_3
  12:configuration.c ****                                                                                        {LOCK_SENS_4
  13:configuration.c **** 
  14:configuration.c **** void loadConfiguration(void)
  15:configuration.c **** {
  16:configuration.c ****   eeprom_read_block(lockSensors, lockerSensorsEEP, 4*sizeof(struct lockerSensor));
  17:configuration.c **** }
  18:configuration.c **** 
  19:configuration.c **** void saveConfiguration(void)
  20:configuration.c **** {
 263               	.LM0:
 264               	.LFBB1:
 265               	/* prologue: function */
 266               	/* frame size = 0 */
  21:configuration.c ****   saveNic();
 268               	.LM1:
 269 0000 0E94 0000 		call saveNic
  22:configuration.c ****   ipSaveConfig();
 271               	.LM2:
 272 0004 0E94 0000 		call ipSaveConfig
  23:configuration.c ****   udpSaveConfig();
 274               	.LM3:
 275 0008 0E94 0000 		call udpSaveConfig
 276               	/* epilogue start */
  24:configuration.c **** }
 278               	.LM4:
 279 000c 0895      		ret
 281               	.Lscope1:
 283               		.stabd	78,0,0
 285               	.global	loadConfiguration
 287               	loadConfiguration:
 288               		.stabd	46,0,0
  15:configuration.c **** {
 290               	.LM5:
 291               	.LFBB2:
 292               	/* prologue: function */
 293               	/* frame size = 0 */
  16:configuration.c ****   eeprom_read_block(lockSensors, lockerSensorsEEP, 4*sizeof(struct lockerSensor));
 295               	.LM6:
 296 000e 8091 0000 		lds r24,lockSensors
 297 0012 9091 0000 		lds r25,(lockSensors)+1
 298 0016 60E0      		ldi r22,lo8(lockerSensorsEEP)
 299 0018 70E0      		ldi r23,hi8(lockerSensorsEEP)
 300 001a 48E1      		ldi r20,lo8(24)
 301 001c 50E0      		ldi r21,hi8(24)
 302 001e 0E94 0000 		call __eerd_block_m128
 303               	/* epilogue start */
  17:configuration.c **** }
 305               	.LM7:
 306 0022 0895      		ret
 308               	.Lscope2:
 310               		.stabd	78,0,0
 311               		.section	.eeprom,"aw",@progbits
 314               	lockerSensorsEEP:
 315 0000 00        		.byte	0
 316 0001 BC02      		.word	700
 317 0003 0000      		.word	0
 318 0005 00        		.byte	0
 319 0006 01        		.byte	1
 320 0007 EE02      		.word	750
 321 0009 0000      		.word	0
 322 000b 00        		.byte	0
 323 000c 00        		.byte	0
 324 000d BC02      		.word	700
 325 000f 0000      		.word	0
 326 0011 00        		.byte	0
 327 0012 01        		.byte	1
 328 0013 8403      		.word	900
 329 0015 0000      		.word	0
 330 0017 00        		.byte	0
 331               		.comm klastry,128,1
 332               		.comm wwwport,1,1
 333               		.comm rollers,2,1
 334               		.comm xSemaphoreSpiSS,2,1
 335               		.comm portA,1,1
 336               		.comm portB,1,1
 337               		.comm lockSensors,2,1
 338               		.comm xSemaphoreRs485,2,1
 339               		.comm nicState,14,1
 340               		.comm IpMyConfig,15,1
 341               		.comm arpDebug,2,1
 342               		.comm arpDebugLevel,1,1
 343               		.comm icmpDebug,2,1
 344               		.comm icmpDebugLevel,1,1
 345               		.comm udpSocket,2,1
 346               		.comm udpDbgStream,2,1
 347               		.comm udpDbgLevel,1,1
 348               		.comm tcpDebugStream,2,1
 349               		.comm tcpDebugLevel,1,1
 350               		.comm sockets,2,1
 351               		.comm Ipv6MyConfig,5,1
 352               		.comm debugStream,2,1
 353               		.comm czasRtc,7,1
 378               		.text
 380               	.Letext0:
 381               	.global __do_clear_bss
DEFINED SYMBOLS
                            *ABS*:00000000 configuration.c
     /tmp/cca1Mp3x.s:2      *ABS*:0000003f __SREG__
     /tmp/cca1Mp3x.s:3      *ABS*:0000003e __SP_H__
     /tmp/cca1Mp3x.s:4      *ABS*:0000003d __SP_L__
     /tmp/cca1Mp3x.s:5      *ABS*:00000034 __CCP__
     /tmp/cca1Mp3x.s:6      *ABS*:00000000 __tmp_reg__
     /tmp/cca1Mp3x.s:7      *ABS*:00000001 __zero_reg__
     /tmp/cca1Mp3x.s:260    .text:00000000 saveConfiguration
     /tmp/cca1Mp3x.s:287    .text:0000000e loadConfiguration
                            *COM*:00000002 lockSensors
     /tmp/cca1Mp3x.s:314    .eeprom:00000000 lockerSensorsEEP
                            *COM*:00000080 klastry
                            *COM*:00000001 wwwport
                            *COM*:00000002 rollers
                            *COM*:00000002 xSemaphoreSpiSS
                            *COM*:00000001 portA
                            *COM*:00000001 portB
                            *COM*:00000002 xSemaphoreRs485
                            *COM*:0000000e nicState
                            *COM*:0000000f IpMyConfig
                            *COM*:00000002 arpDebug
                            *COM*:00000001 arpDebugLevel
                            *COM*:00000002 icmpDebug
                            *COM*:00000001 icmpDebugLevel
                            *COM*:00000002 udpSocket
                            *COM*:00000002 udpDbgStream
                            *COM*:00000001 udpDbgLevel
                            *COM*:00000002 tcpDebugStream
                            *COM*:00000001 tcpDebugLevel
                            *COM*:00000002 sockets
                            *COM*:00000005 Ipv6MyConfig
                            *COM*:00000002 debugStream
                            *COM*:00000007 czasRtc

UNDEFINED SYMBOLS
saveNic
ipSaveConfig
udpSaveConfig
__eerd_block_m128
__do_clear_bss
