   1               		.file	"queueStream.c"
   2               	__SP_H__ = 0x3e
   3               	__SP_L__ = 0x3d
   4               	__SREG__ = 0x3f
   5               	__RAMPZ__ = 0x3b
   6               	__tmp_reg__ = 0
   7               	__zero_reg__ = 1
  10               		.text
  11               	.Ltext0:
 137               	streamQueueInputFun:
 138               		.stabd	46,0,0
   1:../../freeRtos/Lib/queueStream.c **** #include "queueStream.h"
   2:../../freeRtos/Lib/queueStream.c **** 
   3:../../freeRtos/Lib/queueStream.c **** static int streamQueueOutputFun(char c, FILE *ostream);
   4:../../freeRtos/Lib/queueStream.c **** static int streamQueueInputFun(FILE *istream);
   5:../../freeRtos/Lib/queueStream.c **** 
   6:../../freeRtos/Lib/queueStream.c **** void initQueueStream(FILE *stream, streamBuffers_t *buffer, xQueueHandle Rx, xQueueHandle Tx)
   7:../../freeRtos/Lib/queueStream.c **** {
   8:../../freeRtos/Lib/queueStream.c ****   fdev_setup_stream(stream, streamQueueOutputFun, streamQueueInputFun, _FDEV_SETUP_RW);
   9:../../freeRtos/Lib/queueStream.c ****   fdev_set_udata(stream, (void *)buffer);
  10:../../freeRtos/Lib/queueStream.c ****   buffer->Rx = Rx;
  11:../../freeRtos/Lib/queueStream.c ****   buffer->Tx = Tx;
  12:../../freeRtos/Lib/queueStream.c ****   return;
  13:../../freeRtos/Lib/queueStream.c **** }
  14:../../freeRtos/Lib/queueStream.c **** 
  15:../../freeRtos/Lib/queueStream.c **** static int streamQueueOutputFun(char c, FILE *ostream)
  16:../../freeRtos/Lib/queueStream.c **** {
  17:../../freeRtos/Lib/queueStream.c ****   streamBuffers_t *strBuf = (streamBuffers_t *) ostream->udata;
  18:../../freeRtos/Lib/queueStream.c **** /*  if (xQueueSend( strBuf->Tx, &c, strBuf->tx_timeout))
  19:../../freeRtos/Lib/queueStream.c ****   {
  20:../../freeRtos/Lib/queueStream.c ****     return EOF;
  21:../../freeRtos/Lib/queueStream.c ****   }
  22:../../freeRtos/Lib/queueStream.c ****   else*/
  23:../../freeRtos/Lib/queueStream.c ****   xQueueSend( strBuf->Tx, &c, portMAX_DELAY);
  24:../../freeRtos/Lib/queueStream.c ****   return 0;
  25:../../freeRtos/Lib/queueStream.c **** }
  26:../../freeRtos/Lib/queueStream.c **** 
  27:../../freeRtos/Lib/queueStream.c **** static int streamQueueInputFun(FILE *istream)
  28:../../freeRtos/Lib/queueStream.c **** {
 140               	.LM0:
 141               	.LFBB1:
 142 0000 CF93      		push r28
 143 0002 DF93      		push r29
 144 0004 1F92      		push __zero_reg__
 145 0006 CDB7      		in r28,__SP_L__
 146 0008 DEB7      		in r29,__SP_H__
 147               	/* prologue: function */
 148               	/* frame size = 1 */
 149               	/* stack size = 3 */
 150               	.L__stack_usage = 3
  29:../../freeRtos/Lib/queueStream.c ****   char c;
  30:../../freeRtos/Lib/queueStream.c ****   streamBuffers_t *strBuf = (streamBuffers_t *) istream->udata;
  31:../../freeRtos/Lib/queueStream.c ****   xQueueReceive(strBuf->Rx, &c, portMAX_DELAY);
 152               	.LM1:
 153 000a DC01      		movw r26,r24
 154 000c 1C96      		adiw r26,12
 155 000e ED91      		ld r30,X+
 156 0010 FC91      		ld r31,X
 157 0012 1D97      		sbiw r26,12+1
 158 0014 20E0      		ldi r18,0
 159 0016 4FEF      		ldi r20,lo8(-1)
 160 0018 5FEF      		ldi r21,lo8(-1)
 161 001a BE01      		movw r22,r28
 162 001c 6F5F      		subi r22,-1
 163 001e 7F4F      		sbci r23,-1
 164 0020 8081      		ld r24,Z
 165 0022 9181      		ldd r25,Z+1
 166 0024 0E94 0000 		call xQueueGenericReceive
  32:../../freeRtos/Lib/queueStream.c ****   return c;
 168               	.LM2:
 169 0028 8981      		ldd r24,Y+1
  33:../../freeRtos/Lib/queueStream.c **** }
 171               	.LM3:
 172 002a 9927      		clr r25
 173 002c 87FD      		sbrc r24,7
 174 002e 9095      		com r25
 175               	/* epilogue start */
 176 0030 0F90      		pop __tmp_reg__
 177 0032 DF91      		pop r29
 178 0034 CF91      		pop r28
 179 0036 0895      		ret
 184               	.Lscope1:
 186               		.stabd	78,0,0
 191               	streamQueueOutputFun:
 192               		.stabd	46,0,0
  16:../../freeRtos/Lib/queueStream.c **** {
 194               	.LM4:
 195               	.LFBB2:
 196 0038 CF93      		push r28
 197 003a DF93      		push r29
 198 003c 1F92      		push __zero_reg__
 199 003e CDB7      		in r28,__SP_L__
 200 0040 DEB7      		in r29,__SP_H__
 201               	/* prologue: function */
 202               	/* frame size = 1 */
 203               	/* stack size = 3 */
 204               	.L__stack_usage = 3
 205 0042 8983      		std Y+1,r24
  23:../../freeRtos/Lib/queueStream.c ****   xQueueSend( strBuf->Tx, &c, portMAX_DELAY);
 207               	.LM5:
 208 0044 DB01      		movw r26,r22
 209 0046 1C96      		adiw r26,12
 210 0048 ED91      		ld r30,X+
 211 004a FC91      		ld r31,X
 212 004c 1D97      		sbiw r26,12+1
 213 004e 20E0      		ldi r18,0
 214 0050 4FEF      		ldi r20,lo8(-1)
 215 0052 5FEF      		ldi r21,lo8(-1)
 216 0054 BE01      		movw r22,r28
 217 0056 6F5F      		subi r22,-1
 218 0058 7F4F      		sbci r23,-1
 219 005a 8281      		ldd r24,Z+2
 220 005c 9381      		ldd r25,Z+3
 221 005e 0E94 0000 		call xQueueGenericSend
  25:../../freeRtos/Lib/queueStream.c **** }
 223               	.LM6:
 224 0062 80E0      		ldi r24,0
 225 0064 90E0      		ldi r25,0
 226               	/* epilogue start */
 227 0066 0F90      		pop __tmp_reg__
 228 0068 DF91      		pop r29
 229 006a CF91      		pop r28
 230 006c 0895      		ret
 232               	.Lscope2:
 234               		.stabd	78,0,0
 240               	.global	initQueueStream
 242               	initQueueStream:
 243               		.stabd	46,0,0
   7:../../freeRtos/Lib/queueStream.c **** {
 245               	.LM7:
 246               	.LFBB3:
 247               	/* prologue: function */
 248               	/* frame size = 0 */
 249               	/* stack size = 0 */
 250               	.L__stack_usage = 0
 251 006e FC01      		movw r30,r24
   8:../../freeRtos/Lib/queueStream.c ****   fdev_setup_stream(stream, streamQueueOutputFun, streamQueueInputFun, _FDEV_SETUP_RW);
 253               	.LM8:
 254 0070 80E0      		ldi r24,lo8(gs(streamQueueOutputFun))
 255 0072 90E0      		ldi r25,hi8(gs(streamQueueOutputFun))
 256 0074 9187      		std Z+9,r25
 257 0076 8087      		std Z+8,r24
 258 0078 80E0      		ldi r24,lo8(gs(streamQueueInputFun))
 259 007a 90E0      		ldi r25,hi8(gs(streamQueueInputFun))
 260 007c 9387      		std Z+11,r25
 261 007e 8287      		std Z+10,r24
 262 0080 83E0      		ldi r24,lo8(3)
 263 0082 8383      		std Z+3,r24
   9:../../freeRtos/Lib/queueStream.c ****   fdev_set_udata(stream, (void *)buffer);
 265               	.LM9:
 266 0084 7587      		std Z+13,r23
 267 0086 6487      		std Z+12,r22
  10:../../freeRtos/Lib/queueStream.c ****   buffer->Rx = Rx;
 269               	.LM10:
 270 0088 FB01      		movw r30,r22
 271 008a 5183      		std Z+1,r21
 272 008c 4083      		st Z,r20
  11:../../freeRtos/Lib/queueStream.c ****   buffer->Tx = Tx;
 274               	.LM11:
 275 008e 3383      		std Z+3,r19
 276 0090 2283      		std Z+2,r18
 277 0092 0895      		ret
 279               	.Lscope3:
 281               		.stabd	78,0,0
 283               	.Letext0:
 284               		.ident	"GCC: (GNU) 4.8.2"
DEFINED SYMBOLS
                            *ABS*:0000000000000000 queueStream.c
     /tmp/cc8tvF9b.s:2      *ABS*:000000000000003e __SP_H__
     /tmp/cc8tvF9b.s:3      *ABS*:000000000000003d __SP_L__
     /tmp/cc8tvF9b.s:4      *ABS*:000000000000003f __SREG__
     /tmp/cc8tvF9b.s:5      *ABS*:000000000000003b __RAMPZ__
     /tmp/cc8tvF9b.s:6      *ABS*:0000000000000000 __tmp_reg__
     /tmp/cc8tvF9b.s:7      *ABS*:0000000000000001 __zero_reg__
     /tmp/cc8tvF9b.s:137    .text:0000000000000000 streamQueueInputFun
     /tmp/cc8tvF9b.s:191    .text:0000000000000038 streamQueueOutputFun
     /tmp/cc8tvF9b.s:242    .text:000000000000006e initQueueStream

UNDEFINED SYMBOLS
xQueueGenericReceive
xQueueGenericSend
